2022-08-01 09:52:30.085 5468-5468/? D/InterruptionStateProvider: Group alert behavior is suppressed but we want to alert bubble
2022-08-01 09:52:30.086 5468-5468/? D/InterruptionStateProvider: No bubble up: not allowed to bubble: 0|com.google.android.gm|1379350261|gig:346639417:CLASSIC_INBOX_ALL_MAIL|10236
2022-08-01 09:52:30.086 5468-5468/? D/InterruptionStateProvider: No alerting: suppressed due to group alert behavior
2022-08-01 09:52:30.086 5468-5468/? D/InterruptionStateProvider: Group alert behavior is suppressed but we want to alert bubble
2022-08-01 09:52:30.086 5468-5468/? D/InterruptionStateProvider: No bubble up: not allowed to bubble: 0|com.google.android.apps.docs|0|346639417::SUMMARY::ac993239b33c071d8abf2aedacec9092|10241
2022-08-01 09:52:30.086 5468-5468/? D/InterruptionStateProvider: No alerting: suppressed due to group alert behavior
2022-08-01 09:52:30.086 5468-5468/? D/InterruptionStateProvider: Group alert behavior is suppressed but we want to alert bubble
2022-08-01 09:52:30.086 5468-5468/? D/InterruptionStateProvider: No bubble up: not allowed to bubble: 0|com.google.android.apps.docs|0|346639417::a:CHIME_ACCESS_REQUEST:9ba1571c7f07b366|10241
2022-08-01 09:52:30.086 5468-5468/? D/InterruptionStateProvider: No bubble up: not allowed to bubble: 0|com.google.android.gms|1000|a:NEW_OAUTH_GRANT_RENDERER:127:0:103514148381953362289|10219
2022-08-01 09:52:30.086 5468-5468/? D/InterruptionStateProvider: No bubble up: not allowed to bubble: 0|com.google.android.gms|1000|a:NEW_SIGN_IN_RENDERER:179d97c088300000:103514148381953362289|10219
2022-08-01 09:52:30.087 5468-5468/? D/InterruptionStateProvider: No alerting: filtered notification: 10|com.android.settings|2131233140|null|1001000
2022-08-01 09:52:30.087 5468-5468/? D/InterruptionStateProvider: No bubble up: not allowed to bubble: -1|android|27|null|1000
2022-08-01 09:52:30.087 5468-5468/? D/InterruptionStateProvider: No bubble up: not allowed to bubble: -1|com.android.systemui|2131428820|charging_state|10064
2022-08-01 09:52:30.097 8408-8408/? I/MSHandlerLifeCycle: isMultiSplitHandlerRequested: windowingMode=1 isFullscreen=true isPopOver=false isHidden=false skipActivityType=false isHandlerType=true this: DecorView@d7849d4[WebViewActivity]
2022-08-01 09:52:30.112 5107-5280/? D/InputReader: Btn_touch(4): value=0 when=144751.859298
2022-08-01 09:52:30.112 5107-5280/? I/InputReader: Touch event's action is 0x1 (id=3, t=0) [pCnt=1, s=] when=144751.859298
2022-08-01 09:52:30.112 5107-5279/? I/InputDispatcher: Delivering touch to (8408): action: 0x1, f=0x0, d=0, 'b7515b2', t=1 +(0,-110)
2022-08-01 09:52:30.112 8408-8408/? I/MSHandlerLifeCycle: isMultiSplitHandlerRequested: windowingMode=1 isFullscreen=true isPopOver=false isHidden=false skipActivityType=false isHandlerType=true this: DecorView@d7849d4[WebViewActivity]
2022-08-01 09:52:30.113 8408-8408/? I/ViewRootImpl@631b7d0[WebViewActivity]: ViewPostIme pointer 1
2022-08-01 09:52:30.113 8408-8408/? I/MSHandlerLifeCycle: isMultiSplitHandlerRequested: windowingMode=1 isFullscreen=true isPopOver=false isHidden=false skipActivityType=false isHandlerType=true this: DecorView@d7849d4[WebViewActivity]
2022-08-01 09:52:30.156 7665-7665/? I/SS:AugmentedAutofillService: AugmentedAutofillService: onFillRequest()
2022-08-01 09:52:30.157 8408-8408/? D/InputMethodManager: startInputInner - Id : 0
2022-08-01 09:52:30.157 8408-8408/? I/InputMethodManager: startInputInner - mService.startInputOrWindowGainedFocus
2022-08-01 09:52:30.158 7665-7665/? I/SS:AssistStructureParser: addAutofillableFields: Trying to fetch hint from parent and siblings
2022-08-01 09:52:30.158 7665-7665/? I/SS:AssistStructureParser: getHintFromParentAndSiblings() called with: fields = [{}], node = [android.app.assist.AssistStructure$ViewNode@659fac8], nodeCustom = [com.samsung.android.smartsuggestions.extservice.assist.AssistNodeCustom@fbe0112], viewId = [1073741824:65536]
2022-08-01 09:52:30.159 7665-7665/? I/SS:AssistStructureParser: getHintFromParentAndSiblings() called with: fields = [{}], node = [android.app.assist.AssistStructure$ViewNode@659fac8], nodeCustom = [com.samsung.android.smartsuggestions.extservice.assist.AssistNodeCustom@e2620e3], viewId = [1073741824:65536]
2022-08-01 09:52:30.159 7665-7665/? I/SS:AssistStructureParser: getHintFromParentAndSiblings - stop recursion. Parent: android.app.assist.AssistStructure$ViewNode@1b52f6b, AutoFillable Children: [1073741824:65538, 1073741824:65537, 1073741824:65536]
2022-08-01 09:52:30.159 7665-7665/? I/SS:AssistStructureParser: addAutofillableFields: Trying to fetch hint from parent and siblings
2022-08-01 09:52:30.159 7665-7665/? I/SS:AssistStructureParser: getHintFromParentAndSiblings() called with: fields = [{}], node = [android.app.assist.AssistStructure$ViewNode@d68e761], nodeCustom = [com.samsung.android.smartsuggestions.extservice.assist.AssistNodeCustom@6d35ae0], viewId = [1073741824:65537]
2022-08-01 09:52:30.160 7665-7665/? I/SS:AssistStructureParser: getHintFromParentAndSiblings() called with: fields = [{}], node = [android.app.assist.AssistStructure$ViewNode@d68e761], nodeCustom = [com.samsung.android.smartsuggestions.extservice.assist.AssistNodeCustom@e2620e3], viewId = [1073741824:65537]
2022-08-01 09:52:30.160 7665-7665/? I/SS:AssistStructureParser: getHintFromParentAndSiblings - stop recursion. Parent: android.app.assist.AssistStructure$ViewNode@1b52f6b, AutoFillable Children: [1073741824:65538, 1073741824:65537, 1073741824:65536]
2022-08-01 09:52:30.160 7665-7665/? I/SS:AssistStructureParser: addAutofillableFields: Trying to fetch hint from parent and siblings
2022-08-01 09:52:30.160 7665-7665/? I/SS:AssistStructureParser: getHintFromParentAndSiblings() called with: fields = [{}], node = [android.app.assist.AssistStructure$ViewNode@2304286], nodeCustom = [com.samsung.android.smartsuggestions.extservice.assist.AssistNodeCustom@6ee2199], viewId = [1073741824:65538]
2022-08-01 09:52:30.161 5107-7786/? D/InputMethodManagerService: mSecureKeypadEnabled = false
2022-08-01 09:52:30.161 5107-7786/? V/InputMethodManagerService: startInputOrWindowGainedFocusInternalLocked: reason=APP_CALLED_RESTART_INPUT_API clientState=1fe71b0 attribute=android.view.inputmethod.EditorInfo@3e0326b startInputFlags=VIEW_HAS_FOCUS|IS_TEXT_EDITOR softInputMode=STATE_UNSPECIFIED|ADJUST_RESIZE windowFlags=#81810500 sameWindowFocused=true
2022-08-01 09:52:30.162 5107-7786/? D/InputMethodManagerService: mDesktopModeManager null!
2022-08-01 09:52:30.162 5107-7786/? V/InputMethodManagerService: getDisplayIdOfInputMethodWindowToBeAdded : 0
2022-08-01 09:52:30.163 5107-7786/? D/InputMethodManagerService: checkDisplayOfStartInputAndUpdateKeyboard display Id 0last 0
2022-08-01 09:52:30.163 5107-7786/? V/InputMethodManagerService: Attach new input asks to show input
2022-08-01 09:52:30.163 5107-7786/? D/InputMethodManagerService: ACCESS_CONTROL_ENABLED = false, ACCESS_CONTROL_KEYBOARD_BLOCK = false
2022-08-01 09:52:30.163 5107-7786/? D/InputMethodManagerService: showCurrentInputLocked: mCurToken=android.os.Binder@585b2bf, showForced=false, showExplicitlyRequestedtrue
2022-08-01 09:52:30.163 5107-7786/? I/InputMethodManagerService: Calling com.android.internal.view.IInputMethod$Stub$Proxy@31b2d7d.showSoftInput(android.os.Binder@6db2261, 1, null) for reason: ATTACH_NEW_INPUT
2022-08-01 09:52:30.164 5107-7786/? D/InputTransport: Input channel constructed: 'ClientS', fd=837
2022-08-01 09:52:30.164 5107-7786/? D/InputTransport: Input channel destroyed: 'ClientS', fd=837
2022-08-01 09:52:30.164 8055-8055/? I/HBD: HoneyBoardService [IMI] onStartInput - caller pid : 8408 , caller uid : 10389 
2022-08-01 09:52:30.165 8055-8055/? I/HBD: j updateConfigs 
2022-08-01 09:52:30.165 8055-8055/? I/HBD: j isEnabledNightMode : true 
2022-08-01 09:52:30.166 8055-8055/? I/HBD: a IC have been binding, InputConnectionWrapper{idHash=#74d5928 mMissingMethods=} 
2022-08-01 09:52:30.166 8055-8055/? I/HBD: h [EditorInputType]setPrivateImeOptionsToTable privateImeOptions ( null )
2022-08-01 09:52:30.167 8055-8055/? I/HBD: b incognitoMode : false 
2022-08-01 09:52:30.167 8055-8055/? I/HBD: a isTextPasswordInputType  isPredictionOn = false 
2022-08-01 09:52:30.167 8055-8055/? I/HBD: a needOff = true , isForceOff = false, isNullInputClass : false 
2022-08-01 09:52:30.167 8408-8408/? I/IMM_LC: ssi() - flag : 0 view : com.telex.pttoc reason = SHOW_SOFT_INPUT
2022-08-01 09:52:30.167 8408-8408/? I/IMM_LC: ssi() view is not EditText
2022-08-01 09:52:30.168 8055-8055/? I/HBD: d isSet :  false , isIncognitoMode :  true
2022-08-01 09:52:30.168 8055-8055/? I/HBD: h getDefaultInputRange : UNKNOWN 
2022-08-01 09:52:30.169 8055-8055/? I/HBD: h getDefaultInputRange : UNKNOWN 
2022-08-01 09:52:30.169 8055-8055/? I/HBD: h getDefaultInputRange : UNKNOWN 
2022-08-01 09:52:30.170 5107-7782/? D/DARUtil: Device owner status not updated yet...
2022-08-01 09:52:30.170 5107-7782/? D/DARUtil: Not an enterprise user : 0
2022-08-01 09:52:30.170 5107-7782/? D/DARUtil: Device owner status not updated yet...
2022-08-01 09:52:30.171 5107-7782/? D/DARUtil: Not an enterprise user : 0
2022-08-01 09:52:30.171 5107-5984/? V/InputMethodManagerService: Client requesting input be shown, flags : 0
2022-08-01 09:52:30.171 5107-5984/? D/InputMethodManagerService: ACCESS_CONTROL_ENABLED = false, ACCESS_CONTROL_KEYBOARD_BLOCK = false
2022-08-01 09:52:30.171 5107-5984/? D/InputMethodManagerService: showCurrentInputLocked: mCurToken=android.os.Binder@585b2bf, showForced=false, showExplicitlyRequestedtrue
2022-08-01 09:52:30.171 5107-5984/? I/InputMethodManagerService: Calling com.android.internal.view.IInputMethod$Stub$Proxy@31b2d7d.showSoftInput(android.os.Binder@7cd6186, 1, android.os.ResultReceiver@9cd8a47) for reason: SHOW_SOFT_INPUT
2022-08-01 09:52:30.173 8055-8055/? I/HBD: a currentState : 1 
2022-08-01 09:52:30.178 8055-8055/? I/HBD: h load selected json path : /data/user/0/com.samsung.android.honeyboard/files/selected.json 
2022-08-01 09:52:30.178 8055-8055/? I/HBD: h load selected json info : {"version":"1.0","currentLanguageOrder":0,"selected":[{"activeOptionList":["auto_replace","auto_spacing"],"engName":"English","id":65537,"inputType":"qwerty","isUsed":true}]} 
2022-08-01 09:52:30.180 7665-7665/? I/SS:AssistStructureParser: getHintFromParentAndSiblings() called with: fields = [{}], node = [android.app.assist.AssistStructure$ViewNode@2304286], nodeCustom = [com.samsung.android.smartsuggestions.extservice.assist.AssistNodeCustom@e2620e3], viewId = [1073741824:65538]
2022-08-01 09:52:30.180 7665-7665/? I/SS:AssistStructureParser: getHintFromParentAndSiblings - stop recursion. Parent: android.app.assist.AssistStructure$ViewNode@1b52f6b, AutoFillable Children: [1073741824:65538, 1073741824:65537, 1073741824:65536]
2022-08-01 09:52:30.180 7665-7665/? I/SS:AugmentedAutofillService: AssistStructureParser Hint: null
2022-08-01 09:52:30.180 7665-7665/? I/SS:AugmentedAutofillService: onFillRequest() fail: hint not found
2022-08-01 09:52:30.192 5468-5468/? D/InterruptionStateProvider: No alerting: suppressed due to group alert behavior
2022-08-01 09:52:30.192 5468-5468/? D/InterruptionStateProvider: Group alert behavior is suppressed but we want to alert bubble
2022-08-01 09:52:30.193 5468-5468/? D/InterruptionStateProvider: No bubble up: not allowed to bubble: 0|com.google.android.gm|-846273722|gig:346639417:CLASSIC_INBOX_ALL_MAIL|10236
2022-08-01 09:52:30.194 5468-5468/? D/InterruptionStateProvider: No alerting: suppressed due to group alert behavior
2022-08-01 09:52:30.194 5468-5468/? D/InterruptionStateProvider: Group alert behavior is suppressed but we want to alert bubble
2022-08-01 09:52:30.194 5468-5468/? D/InterruptionStateProvider: No bubble up: not allowed to bubble: 0|com.google.android.gm|495065799|gig:346639417:CLASSIC_INBOX_ALL_MAIL|10236
2022-08-01 09:52:30.194 5468-5468/? D/InterruptionStateProvider: No alerting: suppressed due to group alert behavior
2022-08-01 09:52:30.194 5468-5468/? D/InterruptionStateProvider: Group alert behavior is suppressed but we want to alert bubble
2022-08-01 09:52:30.194 5468-5468/? D/InterruptionStateProvider: No bubble up: not allowed to bubble: 0|com.google.android.gm|-563911869|gig:346639417:CLASSIC_INBOX_ALL_MAIL|10236
2022-08-01 09:52:30.194 5468-5468/? D/InterruptionStateProvider: No alerting: suppressed due to group alert behavior
2022-08-01 09:52:30.194 5468-5468/? D/InterruptionStateProvider: Group alert behavior is suppressed but we want to alert bubble
2022-08-01 09:52:30.194 8055-8055/? I/HBD: a [UpdatePolicy] [post] a: 0 cl: 65537 kit: [0/0] vt: 0 ir: 1 
2022-08-01 09:52:30.194 5468-5468/? D/InterruptionStateProvider: No bubble up: not allowed to bubble: 0|com.google.android.gm|1152955532|gig:346639417:CLASSIC_INBOX_ALL_MAIL|10236
2022-08-01 09:52:30.194 5468-5468/? D/InterruptionStateProvider: No alerting: suppressed due to group alert behavior
2022-08-01 09:52:30.194 5468-5468/? D/InterruptionStateProvider: Group alert behavior is suppressed but we want to alert bubble
2022-08-01 09:52:30.194 5468-5468/? D/InterruptionStateProvider: No bubble up: not allowed to bubble: 0|com.google.android.gm|1465183171|gig:346639417:CLASSIC_INBOX_ALL_MAIL|10236
2022-08-01 09:52:30.194 5468-5468/? D/InterruptionStateProvider: No alerting: suppressed due to group alert behavior
2022-08-01 09:52:30.194 5468-5468/? D/InterruptionStateProvider: Group alert behavior is suppressed but we want to alert bubble
2022-08-01 09:52:30.194 5468-5468/? D/InterruptionStateProvider: No bubble up: not allowed to bubble: 0|com.google.android.gm|-1089110951|gig:346639417:CLASSIC_INBOX_ALL_MAIL|10236
2022-08-01 09:52:30.195 5468-5468/? D/InterruptionStateProvider: No alerting: suppressed due to group alert behavior
2022-08-01 09:52:30.195 5468-5468/? D/InterruptionStateProvider: Group alert behavior is suppressed but we want to alert bubble
2022-08-01 09:52:30.195 5468-5468/? D/InterruptionStateProvider: No bubble up: not allowed to bubble: 0|com.google.android.gm|-184054569|gig:346639417:CLASSIC_INBOX_ALL_MAIL|10236
2022-08-01 09:52:30.195 8055-8055/? I/HBD: a isTextPasswordInputType  isPredictionOn = false 
2022-08-01 09:52:30.195 5468-5468/? D/InterruptionStateProvider: No alerting: suppressed due to group alert behavior
2022-08-01 09:52:30.195 5468-5468/? D/InterruptionStateProvider: Group alert behavior is suppressed but we want to alert bubble
2022-08-01 09:52:30.195 5468-5468/? D/InterruptionStateProvider: No bubble up: not allowed to bubble: 0|com.google.android.gm|1653107804|gig:346639417:CLASSIC_INBOX_ALL_MAIL|10236
2022-08-01 09:52:30.195 8055-8055/? I/HBD: a isTextPasswordInputType  isPredictionOn = false 
2022-08-01 09:52:30.195 5468-5468/? D/InterruptionStateProvider: No bubble up: not allowed to bubble: 0|com.google.android.gm|0|gig:346639417:CLASSIC_INBOX_ALL_MAIL|10236
2022-08-01 09:52:30.195 5468-5468/? D/InterruptionStateProvider: No alerting: suppressed due to group alert behavior
2022-08-01 09:52:30.195 5468-5468/? D/InterruptionStateProvider: Group alert behavior is suppressed but we want to alert bubble
2022-08-01 09:52:30.195 5468-5468/? D/InterruptionStateProvider: No bubble up: not allowed to bubble: 0|com.google.android.gm|1872028472|gig:346639417:CLASSIC_INBOX_ALL_MAIL|10236
2022-08-01 09:52:30.195 5468-5468/? D/InterruptionStateProvider: No alerting: suppressed due to group alert behavior
2022-08-01 09:52:30.195 5468-5468/? D/InterruptionStateProvider: Group alert behavior is suppressed but we want to alert bubble
2022-08-01 09:52:30.195 5468-5468/? D/InterruptionStateProvider: No bubble up: not allowed to bubble: 0|com.google.android.gm|1715078689|gig:346639417:CLASSIC_INBOX_ALL_MAIL|10236
2022-08-01 09:52:30.195 5468-5468/? D/InterruptionStateProvider: No alerting: suppressed due to group alert behavior
2022-08-01 09:52:30.195 5468-5468/? D/InterruptionStateProvider: Group alert behavior is suppressed but we want to alert bubble
2022-08-01 09:52:30.196 5468-5468/? D/InterruptionStateProvider: No bubble up: not allowed to bubble: 0|com.google.android.gm|954716110|gig:346639417:CLASSIC_INBOX_ALL_MAIL|10236
2022-08-01 09:52:30.196 5468-5468/? D/InterruptionStateProvider: No alerting: suppressed due to group alert behavior
2022-08-01 09:52:30.196 5468-5468/? D/InterruptionStateProvider: Group alert behavior is suppressed but we want to alert bubble
2022-08-01 09:52:30.196 5468-5468/? D/InterruptionStateProvider: No bubble up: not allowed to bubble: 0|com.google.android.gm|1174103848|gig:346639417:CLASSIC_INBOX_ALL_MAIL|10236
2022-08-01 09:52:30.196 5468-5468/? D/InterruptionStateProvider: No alerting: suppressed due to group alert behavior
2022-08-01 09:52:30.196 5468-5468/? D/InterruptionStateProvider: Group alert behavior is suppressed but we want to alert bubble
2022-08-01 09:52:30.196 5468-5468/? D/InterruptionStateProvider: No bubble up: not allowed to bubble: 0|com.google.android.gm|1229138300|gig:346639417:CLASSIC_INBOX_ALL_MAIL|10236
2022-08-01 09:52:30.196 5468-5468/? D/InterruptionStateProvider: No alerting: suppressed due to group alert behavior
2022-08-01 09:52:30.196 5468-5468/? D/InterruptionStateProvider: Group alert behavior is suppressed but we want to alert bubble
2022-08-01 09:52:30.196 5468-5468/? D/InterruptionStateProvider: No bubble up: not allowed to bubble: 0|com.google.android.gm|1786705486|gig:346639417:CLASSIC_INBOX_ALL_MAIL|10236
2022-08-01 09:52:30.196 5468-5468/? D/InterruptionStateProvider: No alerting: suppressed due to group alert behavior
2022-08-01 09:52:30.196 5468-5468/? D/InterruptionStateProvider: Group alert behavior is suppressed but we want to alert bubble
2022-08-01 09:52:30.196 5468-5468/? D/InterruptionStateProvider: No bubble up: not allowed to bubble: 0|com.google.android.gm|-1254035131|gig:346639417:CLASSIC_INBOX_ALL_MAIL|10236
2022-08-01 09:52:30.196 5468-5468/? D/InterruptionStateProvider: No alerting: suppressed due to group alert behavior
2022-08-01 09:52:30.196 5468-5468/? D/InterruptionStateProvider: Group alert behavior is suppressed but we want to alert bubble
2022-08-01 09:52:30.196 5468-5468/? D/InterruptionStateProvider: No bubble up: not allowed to bubble: 0|com.google.android.gm|653341261|gig:346639417:CLASSIC_INBOX_ALL_MAIL|10236
2022-08-01 09:52:30.196 8055-8055/? I/HBD: HoneyBoardService [PF_OP][onStartInput]  32167539 ns 
2022-08-01 09:52:30.197 5468-5468/? D/InterruptionStateProvider: No alerting: suppressed due to group alert behavior
2022-08-01 09:52:30.197 8055-8055/? I/HBD: HoneyBoardService onStartInputView : restarting = true, client = com.telex.pttoc 
2022-08-01 09:52:30.197 5468-5468/? D/InterruptionStateProvider: Group alert behavior is suppressed but we want to alert bubble
2022-08-01 09:52:30.197 5468-5468/? D/InterruptionStateProvider: No bubble up: not allowed to bubble: 0|com.google.android.gm|1192683983|gig:346639417:CLASSIC_INBOX_ALL_MAIL|10236
2022-08-01 09:52:30.197 5468-5468/? D/InterruptionStateProvider: No alerting: suppressed due to group alert behavior
2022-08-01 09:52:30.197 5468-5468/? D/InterruptionStateProvider: Group alert behavior is suppressed but we want to alert bubble
2022-08-01 09:52:30.197 5468-5468/? D/InterruptionStateProvider: No bubble up: not allowed to bubble: 0|com.google.android.gm|-34097604|gig:346639417:CLASSIC_INBOX_ALL_MAIL|10236
2022-08-01 09:52:30.197 5468-5468/? D/InterruptionStateProvider: No alerting: suppressed due to group alert behavior
2022-08-01 09:52:30.197 5468-5468/? D/InterruptionStateProvider: Group alert behavior is suppressed but we want to alert bubble
2022-08-01 09:52:30.197 8055-8055/? I/HBD: h [EditorInputType]setPrivateImeOptionsToTable privateImeOptions ( null )
2022-08-01 09:52:30.197 5468-5468/? D/InterruptionStateProvider: No bubble up: not allowed to bubble: 0|com.google.android.gm|1379350261|gig:346639417:CLASSIC_INBOX_ALL_MAIL|10236
2022-08-01 09:52:30.198 5468-5468/? D/InterruptionStateProvider: No alerting: suppressed due to group alert behavior
2022-08-01 09:52:30.198 8055-8055/? I/HBD: b incognitoMode : false 
2022-08-01 09:52:30.198 5468-5468/? D/InterruptionStateProvider: Group alert behavior is suppressed but we want to alert bubble
2022-08-01 09:52:30.198 5468-5468/? D/InterruptionStateProvider: No bubble up: not allowed to bubble: 0|com.google.android.apps.docs|0|346639417::SUMMARY::ac993239b33c071d8abf2aedacec9092|10241
2022-08-01 09:52:30.198 5468-5468/? D/InterruptionStateProvider: No alerting: suppressed due to group alert behavior
2022-08-01 09:52:30.198 8055-8055/? I/HBD: a isTextPasswordInputType  isPredictionOn = false 
2022-08-01 09:52:30.198 5468-5468/? D/InterruptionStateProvider: Group alert behavior is suppressed but we want to alert bubble
2022-08-01 09:52:30.198 8055-8055/? I/HBD: a needOff = true , isForceOff = false, isNullInputClass : false 
2022-08-01 09:52:30.198 5468-5468/? D/InterruptionStateProvider: No bubble up: not allowed to bubble: 0|com.google.android.apps.docs|0|346639417::a:CHIME_ACCESS_REQUEST:9ba1571c7f07b366|10241
2022-08-01 09:52:30.198 8055-8055/? I/HBD: d isSet :  false , isIncognitoMode :  true
2022-08-01 09:52:30.198 5468-5468/? D/InterruptionStateProvider: No bubble up: not allowed to bubble: 0|com.google.android.gms|1000|a:NEW_OAUTH_GRANT_RENDERER:127:0:103514148381953362289|10219
2022-08-01 09:52:30.198 5468-5468/? D/InterruptionStateProvider: No bubble up: not allowed to bubble: 0|com.google.android.gms|1000|a:NEW_SIGN_IN_RENDERER:179d97c088300000:103514148381953362289|10219
2022-08-01 09:52:30.198 8055-8055/? I/HBD: h getDefaultInputRange : UNKNOWN 
2022-08-01 09:52:30.198 8055-8055/? I/HBD: h getDefaultInputRange : UNKNOWN 
2022-08-01 09:52:30.198 8055-8055/? I/HBD: h getDefaultInputRange : UNKNOWN 
2022-08-01 09:52:30.199 5468-5468/? D/InterruptionStateProvider: No alerting: filtered notification: 10|com.android.settings|2131233140|null|1001000
2022-08-01 09:52:30.199 8055-8055/? I/HBD: HoneyBoardService onStartInputViewInternal: inputType=0xe1, imeOptions=0x12000002, initialSelStart=0, initialSelEnd=0 
2022-08-01 09:52:30.199 5468-5468/? D/InterruptionStateProvider: No bubble up: not allowed to bubble: -1|android|27|null|1000
2022-08-01 09:52:30.199 8055-8055/? I/HBD: f applyThemesPolicy 
2022-08-01 09:52:30.199 5468-5468/? D/InterruptionStateProvider: No bubble up: not allowed to bubble: -1|com.android.systemui|2131428820|charging_state|10064
2022-08-01 09:52:30.200 8055-8055/? I/HBD: e mUsedOpenTheme = false IsRequiredDarkTypeTheme = true night mode : true mIsEnabledHighContrast = false mIsOpenThemeForHoneyBoardInstalled = false mIsWallpaperThemeInstalled = false mIsThemeParkTheme = false
2022-08-01 09:52:30.200 8055-8055/? I/HBD: a theme : Dark mode and no theme park 
2022-08-01 09:52:30.200 8055-8055/? I/HBD: f required dark type theme, isCoverDisplayTheme :  false
2022-08-01 09:52:30.200 8055-9108/? I/SemDvfsHyPerManager: acquire hyper - SKBD_RE_ENTER_SHOW/8055@1, type = -999
2022-08-01 09:52:30.200 8055-8055/? I/HBD: f update KeyboardTheme themeIndex : 0x 12000000  theme :  Dark
2022-08-01 09:52:30.201 8055-8055/? I/HBD: a set Theme convertedIndex : 4 
2022-08-01 09:52:30.201 8055-8055/? I/HBD: a themeStyleSet :4 
2022-08-01 09:52:30.201 8055-8055/? I/HBD: a updatePredictionStatus : 1, editorOpt 
2022-08-01 09:52:30.201 8055-8055/? I/HBD: a updateForEditorClass isPredictionOn = true 
2022-08-01 09:52:30.201 4754-4789/? I/HYPER-HAL: [RequestManager.cpp]acquire(): Acquired ID : 32453597  [8055 / 1]    HINT : KBD_APP_RE_ENTER_VIEW    list : [TIMEOUT / 400] 
2022-08-01 09:52:30.202 8055-8055/? I/HBD: a isTextPasswordInputType  isPredictionOn = false 
2022-08-01 09:52:30.203 8055-8055/? I/HBD: a isTextPasswordInputType  isPredictionOn = false 
2022-08-01 09:52:30.205 8055-8055/? I/HBD: a isTextPasswordInputType  isPredictionOn = false 
2022-08-01 09:52:30.209 8055-8055/? I/HBD: a isTextPasswordInputType  isPredictionOn = false 
2022-08-01 09:52:30.210 8055-8055/? I/HBD: a isTextPasswordInputType  isPredictionOn = false 
2022-08-01 09:52:30.210 8055-8055/? I/HBD: a isTextPasswordInputType  isPredictionOn = false 
2022-08-01 09:52:30.211 8055-8055/? I/HBD: a isTextPasswordInputType  isPredictionOn = false 
2022-08-01 09:52:30.211 8055-8055/? I/HBD: a isTextPasswordInputType  isPredictionOn = false 
2022-08-01 09:52:30.211 8055-8055/? I/HBD: a isTextPasswordInputType  isPredictionOn = false 
2022-08-01 09:52:30.211 8055-8055/? I/HBD: a isTextPasswordInputType  isPredictionOn = false 
2022-08-01 09:52:30.212 8055-8055/? I/HBD: a isTextPasswordInputType  isPredictionOn = false 
2022-08-01 09:52:30.235 8055-8055/? I/HBD: a [PF_KL][HBIC] getTextBeforeCursor t, 22 
2022-08-01 09:52:30.246 8055-8055/? I/HBD: al EBD ssu f 1 
2022-08-01 09:52:30.259 5107-7803/? D/SettingsProvider: isChangeAllowed() : name = enabled_input_methods
2022-08-01 09:52:30.259 8055-8055/? I/HBD: a [UpdatePolicy] [post] a: 1 cl: 65537 kit: [0/0] vt: 0 ir: 1 
2022-08-01 09:52:30.259 5107-7803/? D/SettingsProvider: edmUri: content://com.sec.knox.provider/RestrictionPolicy3
2022-08-01 09:52:30.259 5107-7803/? D/SettingsProvider: projectionArgs: isSettingsChangesAllowed
2022-08-01 09:52:30.259 5107-7803/? D/SettingsProvider: selectionArgs: false
2022-08-01 09:52:30.259 5107-7803/? D/SettingsProvider: selectionArgs: 10253
2022-08-01 09:52:30.259 5107-7803/? D/SecContentProvider: query(), uri = 17 selection = isSettingsChangesAllowed
2022-08-01 09:52:30.259 5107-7803/? D/SecContentProvider: called from android.uid.honeyboard:10253
2022-08-01 09:52:30.259 5107-7803/? D/RestrictionPolicy: isSettingsChangesAllowedAsUser, userId 0 : true
2022-08-01 09:52:30.259 5107-7803/? D/SettingsProvider: ret = 1
2022-08-01 09:52:30.260 5107-6093/? D/DARUtil: Device owner status not updated yet...
2022-08-01 09:52:30.260 5107-6093/? D/DARUtil: Not an enterprise user : 0
2022-08-01 09:52:30.260 5107-6093/? D/DARUtil: Device owner status not updated yet...
2022-08-01 09:52:30.260 5107-6093/? D/DARUtil: Not an enterprise user : 0
2022-08-01 09:52:30.260 5107-7803/? D/SettingsProvider: isChangeAllowed() : name = default_input_method
2022-08-01 09:52:30.260 5107-7803/? D/SettingsProvider: edmUri: content://com.sec.knox.provider/RestrictionPolicy3
2022-08-01 09:52:30.260 5107-7803/? D/SettingsProvider: projectionArgs: isSettingsChangesAllowed
2022-08-01 09:52:30.260 5107-7803/? D/SettingsProvider: selectionArgs: false
2022-08-01 09:52:30.260 5107-7803/? D/SettingsProvider: selectionArgs: 10253
2022-08-01 09:52:30.261 5107-7803/? D/SecContentProvider: query(), uri = 17 selection = isSettingsChangesAllowed
2022-08-01 09:52:30.261 5107-7803/? D/SecContentProvider: called from android.uid.honeyboard:10253
2022-08-01 09:52:30.261 5107-7803/? D/RestrictionPolicy: isSettingsChangesAllowedAsUser, userId 0 : true
2022-08-01 09:52:30.261 5107-7803/? D/SettingsProvider: ret = 1
2022-08-01 09:52:30.263 8055-8833/? I/HBD: m updated Sub Types. English 
2022-08-01 09:52:30.265 8055-9474/? I/HBD: a InputMethodSubtype is set as local:en_US 
2022-08-01 09:52:30.275 8055-8055/? I/HBD: b [EditorEnterActionItem] updateConfig: 0x5 to 0x2 
2022-08-01 09:52:30.276 8055-8055/? I/HBD: b updateConfig: [LanguageItem] English / [KeyboardViewTypeItem] 0 / [KeyboardInputTypeItem] mainType(0), subType(0) / [CurrentLanguageInputTypeItem] mainType(0), subType(0) / [KeyboardInputRangeItem] 1 / [HandwritingModeItem] false / [SelectedLanguageItem] 1 / [LocaleItem] en-US / [TextOrNullInputClassItem] true / [DateInputTypeItem] false / [DateTimeInputTypeItem] false /  
2022-08-01 09:52:30.276 8055-8055/? I/HBD: b [PasswordInputTypeItem] updateConfig: false to true 
2022-08-01 09:52:30.276 8055-8055/? I/HBD: b [WebPasswordEditorItem] updateConfig: false to true 
2022-08-01 09:52:30.276 8055-8055/? I/HBD: b updateConfig: [DecimalNumberInputTypeItem] false / [NumberOnlyInputTypeItem] false / [NumberPasswordInputTypeItem] false / [PhoneNumberInputClassItem] false / [SignedDecimalNumberInputTypeItem] false / [SignedNumberInputTypeItem] false / [EmailInputTypeItem] false / [UrlInputTypeItem] false / [UrlEmailModeItem] false / [PasswordInputTypeItem] true / [WebPasswordEditorItem] true /  
2022-08-01 09:52:30.277 8055-8055/? I/HBD: b updateConfig: [NumberInputClassItem] false / [DateTimeInputClassItem] false / [DigitEditorItem] false / [MonthInputTypeItem] false / [YearDateTimeInputTypeItem] false / [IPAddressInputTypeItem] false / [FileNameInputTypeItem] false / [CustomSymbolsForPeriodKeyItem] false / [OptionInputTypeItem] false / [DisableHanjaInputItem] false / [DisableCmKeyInputItem] false /  
2022-08-01 09:52:30.277 8055-8055/? I/HBD: b updateConfig: [DisableCommaKeyInputItem] false / [DisableLanguageChangeKeyItem] false / [DisableSpaceKeyItem] false / [NumberPickerInputItem] false / [TimeInputTypeItem] false / [NumberKeyFirstLineItem] true / [AlternativeCharacterItem] true / [SimpleRowStyleItem] false / [HighContrastItem] false / [TouchAndHoldSpaceBarTypeItem] cursor_control / [UseContinuousInputItem] true /  
2022-08-01 09:52:30.278 8055-8055/? I/HBD: b updateConfig: [UseToolBarItem] true / [OrientationItem] false / [DensityItem] 2.625 / [DisplayWidthItem] 0x1080 / [DisplayHeightItem] 0x2104 / [MainTextLabelItem] 1 / [LanguageSwitchingUsingSpaceBarItem] true / [LanguageSwitchingUsingKeyItem] false / [TransliterationTypingModeItem] false / [CoverDisplayModeItem] false / [TalkBackEnabledItem] false /  
2022-08-01 09:52:30.278 8055-8055/? I/HBD: b [VoiceEnabledItem] updateConfig: true to false 
2022-08-01 09:52:30.278 8055-8055/? I/HBD: b updateConfig: [Japanese8FlickCustomisationItem] false / [VoiceEnabledItem] false / [SamsungVoiceImeItem] false / [PredictionStatusItem] true /  
2022-08-01 09:52:30.281 8055-8055/? I/HBD: b updateKeyboardViewHolder: MAKE NEW E: false CC: 1 UC: true 
2022-08-01 09:52:30.307 5468-5468/? D/InterruptionStateProvider: No alerting: suppressed due to group alert behavior
2022-08-01 09:52:30.307 5468-5468/? D/InterruptionStateProvider: Group alert behavior is suppressed but we want to alert bubble
2022-08-01 09:52:30.307 5468-5468/? D/InterruptionStateProvider: No bubble up: not allowed to bubble: 0|com.google.android.gm|-846273722|gig:346639417:CLASSIC_INBOX_ALL_MAIL|10236
2022-08-01 09:52:30.307 5468-5468/? D/InterruptionStateProvider: No alerting: suppressed due to group alert behavior
2022-08-01 09:52:30.307 5468-5468/? D/InterruptionStateProvider: Group alert behavior is suppressed but we want to alert bubble
2022-08-01 09:52:30.307 5468-5468/? D/InterruptionStateProvider: No bubble up: not allowed to bubble: 0|com.google.android.gm|495065799|gig:346639417:CLASSIC_INBOX_ALL_MAIL|10236
2022-08-01 09:52:30.307 5468-5468/? D/InterruptionStateProvider: No alerting: suppressed due to group alert behavior
2022-08-01 09:52:30.308 5468-5468/? D/InterruptionStateProvider: Group alert behavior is suppressed but we want to alert bubble
2022-08-01 09:52:30.308 5468-5468/? D/InterruptionStateProvider: No bubble up: not allowed to bubble: 0|com.google.android.gm|-563911869|gig:346639417:CLASSIC_INBOX_ALL_MAIL|10236
2022-08-01 09:52:30.308 5468-5468/? D/InterruptionStateProvider: No alerting: suppressed due to group alert behavior
2022-08-01 09:52:30.308 5468-5468/? D/InterruptionStateProvider: Group alert behavior is suppressed but we want to alert bubble
2022-08-01 09:52:30.308 5468-5468/? D/InterruptionStateProvider: No bubble up: not allowed to bubble: 0|com.google.android.gm|1152955532|gig:346639417:CLASSIC_INBOX_ALL_MAIL|10236
2022-08-01 09:52:30.308 5468-5468/? D/InterruptionStateProvider: No alerting: suppressed due to group alert behavior
2022-08-01 09:52:30.308 5468-5468/? D/InterruptionStateProvider: Group alert behavior is suppressed but we want to alert bubble
2022-08-01 09:52:30.308 5468-5468/? D/InterruptionStateProvider: No bubble up: not allowed to bubble: 0|com.google.android.gm|1465183171|gig:346639417:CLASSIC_INBOX_ALL_MAIL|10236
2022-08-01 09:52:30.308 5468-5468/? D/InterruptionStateProvider: No alerting: suppressed due to group alert behavior
2022-08-01 09:52:30.308 5468-5468/? D/InterruptionStateProvider: Group alert behavior is suppressed but we want to alert bubble
2022-08-01 09:52:30.308 5468-5468/? D/InterruptionStateProvider: No bubble up: not allowed to bubble: 0|com.google.android.gm|-1089110951|gig:346639417:CLASSIC_INBOX_ALL_MAIL|10236
2022-08-01 09:52:30.308 5468-5468/? D/InterruptionStateProvider: No alerting: suppressed due to group alert behavior
2022-08-01 09:52:30.308 5468-5468/? D/InterruptionStateProvider: Group alert behavior is suppressed but we want to alert bubble
2022-08-01 09:52:30.308 5468-5468/? D/InterruptionStateProvider: No bubble up: not allowed to bubble: 0|com.google.android.gm|-184054569|gig:346639417:CLASSIC_INBOX_ALL_MAIL|10236
2022-08-01 09:52:30.308 5468-5468/? D/InterruptionStateProvider: No bubble up: not allowed to bubble: 0|com.google.android.gm|0|gig:346639417:CLASSIC_INBOX_ALL_MAIL|10236
2022-08-01 09:52:30.308 5468-5468/? D/InterruptionStateProvider: No alerting: suppressed due to group alert behavior
2022-08-01 09:52:30.309 5468-5468/? D/InterruptionStateProvider: Group alert behavior is suppressed but we want to alert bubble
2022-08-01 09:52:30.309 5468-5468/? D/InterruptionStateProvider: No bubble up: not allowed to bubble: 0|com.google.android.gm|1653107804|gig:346639417:CLASSIC_INBOX_ALL_MAIL|10236
2022-08-01 09:52:30.309 5468-5468/? D/InterruptionStateProvider: No alerting: suppressed due to group alert behavior
2022-08-01 09:52:30.309 5468-5468/? D/InterruptionStateProvider: Group alert behavior is suppressed but we want to alert bubble
2022-08-01 09:52:30.309 5468-5468/? D/InterruptionStateProvider: No bubble up: not allowed to bubble: 0|com.google.android.gm|1872028472|gig:346639417:CLASSIC_INBOX_ALL_MAIL|10236
2022-08-01 09:52:30.309 5468-5468/? D/InterruptionStateProvider: No alerting: suppressed due to group alert behavior
2022-08-01 09:52:30.309 5468-5468/? D/InterruptionStateProvider: Group alert behavior is suppressed but we want to alert bubble
2022-08-01 09:52:30.309 5468-5468/? D/InterruptionStateProvider: No bubble up: not allowed to bubble: 0|com.google.android.gm|1715078689|gig:346639417:CLASSIC_INBOX_ALL_MAIL|10236
2022-08-01 09:52:30.309 5468-5468/? D/InterruptionStateProvider: No alerting: suppressed due to group alert behavior
2022-08-01 09:52:30.309 5468-5468/? D/InterruptionStateProvider: Group alert behavior is suppressed but we want to alert bubble
2022-08-01 09:52:30.309 5468-5468/? D/InterruptionStateProvider: No bubble up: not allowed to bubble: 0|com.google.android.gm|954716110|gig:346639417:CLASSIC_INBOX_ALL_MAIL|10236
2022-08-01 09:52:30.309 5468-5468/? D/InterruptionStateProvider: No alerting: suppressed due to group alert behavior
2022-08-01 09:52:30.309 5468-5468/? D/InterruptionStateProvider: Group alert behavior is suppressed but we want to alert bubble
2022-08-01 09:52:30.309 5468-5468/? D/InterruptionStateProvider: No bubble up: not allowed to bubble: 0|com.google.android.gm|1174103848|gig:346639417:CLASSIC_INBOX_ALL_MAIL|10236
2022-08-01 09:52:30.309 5468-5468/? D/InterruptionStateProvider: No alerting: suppressed due to group alert behavior
2022-08-01 09:52:30.309 5468-5468/? D/InterruptionStateProvider: Group alert behavior is suppressed but we want to alert bubble
2022-08-01 09:52:30.309 5468-5468/? D/InterruptionStateProvider: No bubble up: not allowed to bubble: 0|com.google.android.gm|1229138300|gig:346639417:CLASSIC_INBOX_ALL_MAIL|10236
2022-08-01 09:52:30.309 5468-5468/? D/InterruptionStateProvider: No alerting: suppressed due to group alert behavior
2022-08-01 09:52:30.309 5468-5468/? D/InterruptionStateProvider: Group alert behavior is suppressed but we want to alert bubble
2022-08-01 09:52:30.309 5468-5468/? D/InterruptionStateProvider: No bubble up: not allowed to bubble: 0|com.google.android.gm|1786705486|gig:346639417:CLASSIC_INBOX_ALL_MAIL|10236
2022-08-01 09:52:30.310 5468-5468/? D/InterruptionStateProvider: No alerting: suppressed due to group alert behavior
2022-08-01 09:52:30.310 5468-5468/? D/InterruptionStateProvider: Group alert behavior is suppressed but we want to alert bubble
2022-08-01 09:52:30.310 5468-5468/? D/InterruptionStateProvider: No bubble up: not allowed to bubble: 0|com.google.android.gm|-1254035131|gig:346639417:CLASSIC_INBOX_ALL_MAIL|10236
2022-08-01 09:52:30.310 5468-5468/? D/InterruptionStateProvider: No alerting: suppressed due to group alert behavior
2022-08-01 09:52:30.310 5468-5468/? D/InterruptionStateProvider: Group alert behavior is suppressed but we want to alert bubble
2022-08-01 09:52:30.310 5468-5468/? D/InterruptionStateProvider: No bubble up: not allowed to bubble: 0|com.google.android.gm|653341261|gig:346639417:CLASSIC_INBOX_ALL_MAIL|10236
2022-08-01 09:52:30.310 5468-5468/? D/InterruptionStateProvider: No alerting: suppressed due to group alert behavior
2022-08-01 09:52:30.310 5468-5468/? D/InterruptionStateProvider: Group alert behavior is suppressed but we want to alert bubble
2022-08-01 09:52:30.310 5468-5468/? D/InterruptionStateProvider: No bubble up: not allowed to bubble: 0|com.google.android.gm|1192683983|gig:346639417:CLASSIC_INBOX_ALL_MAIL|10236
2022-08-01 09:52:30.310 5468-5468/? D/InterruptionStateProvider: No alerting: suppressed due to group alert behavior
2022-08-01 09:52:30.310 5468-5468/? D/InterruptionStateProvider: Group alert behavior is suppressed but we want to alert bubble
2022-08-01 09:52:30.310 5468-5468/? D/InterruptionStateProvider: No bubble up: not allowed to bubble: 0|com.google.android.gm|-34097604|gig:346639417:CLASSIC_INBOX_ALL_MAIL|10236
2022-08-01 09:52:30.310 5468-5468/? D/InterruptionStateProvider: No alerting: suppressed due to group alert behavior
2022-08-01 09:52:30.310 5468-5468/? D/InterruptionStateProvider: Group alert behavior is suppressed but we want to alert bubble
2022-08-01 09:52:30.310 5468-5468/? D/InterruptionStateProvider: No bubble up: not allowed to bubble: 0|com.google.android.gm|1379350261|gig:346639417:CLASSIC_INBOX_ALL_MAIL|10236
2022-08-01 09:52:30.310 5468-5468/? D/InterruptionStateProvider: No alerting: suppressed due to group alert behavior
2022-08-01 09:52:30.310 5468-5468/? D/InterruptionStateProvider: Group alert behavior is suppressed but we want to alert bubble
2022-08-01 09:52:30.310 5468-5468/? D/InterruptionStateProvider: No bubble up: not allowed to bubble: 0|com.google.android.apps.docs|0|346639417::SUMMARY::ac993239b33c071d8abf2aedacec9092|10241
2022-08-01 09:52:30.310 5468-5468/? D/InterruptionStateProvider: No alerting: suppressed due to group alert behavior
2022-08-01 09:52:30.311 5468-5468/? D/InterruptionStateProvider: Group alert behavior is suppressed but we want to alert bubble
2022-08-01 09:52:30.311 5468-5468/? D/InterruptionStateProvider: No bubble up: not allowed to bubble: 0|com.google.android.apps.docs|0|346639417::a:CHIME_ACCESS_REQUEST:9ba1571c7f07b366|10241
2022-08-01 09:52:30.311 5468-5468/? D/InterruptionStateProvider: No bubble up: not allowed to bubble: 0|com.google.android.gms|1000|a:NEW_OAUTH_GRANT_RENDERER:127:0:103514148381953362289|10219
2022-08-01 09:52:30.311 5468-5468/? D/InterruptionStateProvider: No bubble up: not allowed to bubble: 0|com.google.android.gms|1000|a:NEW_SIGN_IN_RENDERER:179d97c088300000:103514148381953362289|10219
2022-08-01 09:52:30.312 5468-5468/? D/InterruptionStateProvider: No alerting: filtered notification: 10|com.android.settings|2131233140|null|1001000
2022-08-01 09:52:30.312 5468-5468/? D/InterruptionStateProvider: No bubble up: not allowed to bubble: -1|android|27|null|1000
2022-08-01 09:52:30.312 5468-5468/? D/InterruptionStateProvider: No bubble up: not allowed to bubble: -1|com.android.systemui|2131428820|charging_state|10064
2022-08-01 09:52:30.315 8055-8055/? I/HBD: d [NormalPresenterLocator] processLocateKeyboard: isUseCached(false), isUseKeysCafe(false) 
2022-08-01 09:52:30.329 5107-5373/? D/SemNscXgbMsL1: Probability - Cloud gaming: [0.003235682]
2022-08-01 09:52:30.330 5107-5373/? D/SemNscXgbMsL1: Probability - Real time: [0.00851472]
2022-08-01 09:52:30.330 5107-5373/? D/SemNscXgbMsL1: Probability - Non real time: [0.9915245]
2022-08-01 09:52:30.330 5107-5373/? D/SemNscXgbMsL1: 1 sample inference time: 0.568885 msecs
2022-08-01 09:52:30.331 5107-5373/? D/SemNscXgbL2Rt: L2 RT 1 sample inference time: 1.292308 msecs
2022-08-01 09:52:30.332 5107-5373/? D/SemNscXgbL2Nrt: L2 NRT 1 sample inference time: 0.4245 msecs
2022-08-01 09:52:30.354 5468-5468/? D/InterruptionStateProvider: No alerting: suppressed due to group alert behavior
2022-08-01 09:52:30.354 5468-5468/? D/InterruptionStateProvider: Group alert behavior is suppressed but we want to alert bubble
2022-08-01 09:52:30.354 5468-5468/? D/InterruptionStateProvider: No bubble up: not allowed to bubble: 0|com.google.android.gm|-846273722|gig:346639417:CLASSIC_INBOX_ALL_MAIL|10236
2022-08-01 09:52:30.354 5468-5468/? D/InterruptionStateProvider: No alerting: suppressed due to group alert behavior
2022-08-01 09:52:30.354 5468-5468/? D/InterruptionStateProvider: Group alert behavior is suppressed but we want to alert bubble
2022-08-01 09:52:30.354 5468-5468/? D/InterruptionStateProvider: No bubble up: not allowed to bubble: 0|com.google.android.gm|495065799|gig:346639417:CLASSIC_INBOX_ALL_MAIL|10236
2022-08-01 09:52:30.354 5468-5468/? D/InterruptionStateProvider: No alerting: suppressed due to group alert behavior
2022-08-01 09:52:30.354 5468-5468/? D/InterruptionStateProvider: Group alert behavior is suppressed but we want to alert bubble
2022-08-01 09:52:30.354 5468-5468/? D/InterruptionStateProvider: No bubble up: not allowed to bubble: 0|com.google.android.gm|-563911869|gig:346639417:CLASSIC_INBOX_ALL_MAIL|10236
2022-08-01 09:52:30.354 5468-5468/? D/InterruptionStateProvider: No alerting: suppressed due to group alert behavior
2022-08-01 09:52:30.354 5468-5468/? D/InterruptionStateProvider: Group alert behavior is suppressed but we want to alert bubble
2022-08-01 09:52:30.354 5468-5468/? D/InterruptionStateProvider: No bubble up: not allowed to bubble: 0|com.google.android.gm|1152955532|gig:346639417:CLASSIC_INBOX_ALL_MAIL|10236
2022-08-01 09:52:30.355 5468-5468/? D/InterruptionStateProvider: No alerting: suppressed due to group alert behavior
2022-08-01 09:52:30.355 5468-5468/? D/InterruptionStateProvider: Group alert behavior is suppressed but we want to alert bubble
2022-08-01 09:52:30.355 5468-5468/? D/InterruptionStateProvider: No bubble up: not allowed to bubble: 0|com.google.android.gm|1465183171|gig:346639417:CLASSIC_INBOX_ALL_MAIL|10236
2022-08-01 09:52:30.355 5468-5468/? D/InterruptionStateProvider: No alerting: suppressed due to group alert behavior
2022-08-01 09:52:30.355 5468-5468/? D/InterruptionStateProvider: Group alert behavior is suppressed but we want to alert bubble
2022-08-01 09:52:30.355 5468-5468/? D/InterruptionStateProvider: No bubble up: not allowed to bubble: 0|com.google.android.gm|-1089110951|gig:346639417:CLASSIC_INBOX_ALL_MAIL|10236
2022-08-01 09:52:30.355 5468-5468/? D/InterruptionStateProvider: No bubble up: not allowed to bubble: 0|com.google.android.gm|0|gig:346639417:CLASSIC_INBOX_ALL_MAIL|10236
2022-08-01 09:52:30.355 5468-5468/? D/InterruptionStateProvider: No alerting: suppressed due to group alert behavior
2022-08-01 09:52:30.355 5468-5468/? D/InterruptionStateProvider: Group alert behavior is suppressed but we want to alert bubble
2022-08-01 09:52:30.355 5468-5468/? D/InterruptionStateProvider: No bubble up: not allowed to bubble: 0|com.google.android.gm|-184054569|gig:346639417:CLASSIC_INBOX_ALL_MAIL|10236
2022-08-01 09:52:30.355 5468-5468/? D/InterruptionStateProvider: No alerting: suppressed due to group alert behavior
2022-08-01 09:52:30.355 5468-5468/? D/InterruptionStateProvider: Group alert behavior is suppressed but we want to alert bubble
2022-08-01 09:52:30.355 5468-5468/? D/InterruptionStateProvider: No bubble up: not allowed to bubble: 0|com.google.android.gm|1653107804|gig:346639417:CLASSIC_INBOX_ALL_MAIL|10236
2022-08-01 09:52:30.355 5468-5468/? D/InterruptionStateProvider: No alerting: suppressed due to group alert behavior
2022-08-01 09:52:30.355 5468-5468/? D/InterruptionStateProvider: Group alert behavior is suppressed but we want to alert bubble
2022-08-01 09:52:30.355 5468-5468/? D/InterruptionStateProvider: No bubble up: not allowed to bubble: 0|com.google.android.gm|1872028472|gig:346639417:CLASSIC_INBOX_ALL_MAIL|10236
2022-08-01 09:52:30.355 5468-5468/? D/InterruptionStateProvider: No alerting: suppressed due to group alert behavior
2022-08-01 09:52:30.355 5468-5468/? D/InterruptionStateProvider: Group alert behavior is suppressed but we want to alert bubble
2022-08-01 09:52:30.355 5468-5468/? D/InterruptionStateProvider: No bubble up: not allowed to bubble: 0|com.google.android.gm|1715078689|gig:346639417:CLASSIC_INBOX_ALL_MAIL|10236
2022-08-01 09:52:30.356 5468-5468/? D/InterruptionStateProvider: No alerting: suppressed due to group alert behavior
2022-08-01 09:52:30.356 5468-5468/? D/InterruptionStateProvider: Group alert behavior is suppressed but we want to alert bubble
2022-08-01 09:52:30.356 5468-5468/? D/InterruptionStateProvider: No bubble up: not allowed to bubble: 0|com.google.android.gm|954716110|gig:346639417:CLASSIC_INBOX_ALL_MAIL|10236
2022-08-01 09:52:30.356 5468-5468/? D/InterruptionStateProvider: No alerting: suppressed due to group alert behavior
2022-08-01 09:52:30.356 5468-5468/? D/InterruptionStateProvider: Group alert behavior is suppressed but we want to alert bubble
2022-08-01 09:52:30.356 5468-5468/? D/InterruptionStateProvider: No bubble up: not allowed to bubble: 0|com.google.android.gm|1174103848|gig:346639417:CLASSIC_INBOX_ALL_MAIL|10236
2022-08-01 09:52:30.356 5468-5468/? D/InterruptionStateProvider: No alerting: suppressed due to group alert behavior
2022-08-01 09:52:30.356 5468-5468/? D/InterruptionStateProvider: Group alert behavior is suppressed but we want to alert bubble
2022-08-01 09:52:30.356 5468-5468/? D/InterruptionStateProvider: No bubble up: not allowed to bubble: 0|com.google.android.gm|1229138300|gig:346639417:CLASSIC_INBOX_ALL_MAIL|10236
2022-08-01 09:52:30.356 5468-5468/? D/InterruptionStateProvider: No alerting: suppressed due to group alert behavior
2022-08-01 09:52:30.356 5468-5468/? D/InterruptionStateProvider: Group alert behavior is suppressed but we want to alert bubble
2022-08-01 09:52:30.356 5468-5468/? D/InterruptionStateProvider: No bubble up: not allowed to bubble: 0|com.google.android.gm|1786705486|gig:346639417:CLASSIC_INBOX_ALL_MAIL|10236
2022-08-01 09:52:30.356 5468-5468/? D/InterruptionStateProvider: No alerting: suppressed due to group alert behavior
2022-08-01 09:52:30.356 5468-5468/? D/InterruptionStateProvider: Group alert behavior is suppressed but we want to alert bubble
2022-08-01 09:52:30.356 5468-5468/? D/InterruptionStateProvider: No bubble up: not allowed to bubble: 0|com.google.android.gm|-1254035131|gig:346639417:CLASSIC_INBOX_ALL_MAIL|10236
2022-08-01 09:52:30.356 5468-5468/? D/InterruptionStateProvider: No alerting: suppressed due to group alert behavior
2022-08-01 09:52:30.356 5468-5468/? D/InterruptionStateProvider: Group alert behavior is suppressed but we want to alert bubble
2022-08-01 09:52:30.356 5468-5468/? D/InterruptionStateProvider: No bubble up: not allowed to bubble: 0|com.google.android.gm|653341261|gig:346639417:CLASSIC_INBOX_ALL_MAIL|10236
2022-08-01 09:52:30.357 5468-5468/? D/InterruptionStateProvider: No alerting: suppressed due to group alert behavior
2022-08-01 09:52:30.357 5468-5468/? D/InterruptionStateProvider: Group alert behavior is suppressed but we want to alert bubble
2022-08-01 09:52:30.357 5468-5468/? D/InterruptionStateProvider: No bubble up: not allowed to bubble: 0|com.google.android.gm|1192683983|gig:346639417:CLASSIC_INBOX_ALL_MAIL|10236
2022-08-01 09:52:30.357 5468-5468/? D/InterruptionStateProvider: No alerting: suppressed due to group alert behavior
2022-08-01 09:52:30.357 5468-5468/? D/InterruptionStateProvider: Group alert behavior is suppressed but we want to alert bubble
2022-08-01 09:52:30.357 5468-5468/? D/InterruptionStateProvider: No bubble up: not allowed to bubble: 0|com.google.android.gm|-34097604|gig:346639417:CLASSIC_INBOX_ALL_MAIL|10236
2022-08-01 09:52:30.357 5468-5468/? D/InterruptionStateProvider: No alerting: suppressed due to group alert behavior
2022-08-01 09:52:30.357 5468-5468/? D/InterruptionStateProvider: Group alert behavior is suppressed but we want to alert bubble
2022-08-01 09:52:30.357 5468-5468/? D/InterruptionStateProvider: No bubble up: not allowed to bubble: 0|com.google.android.gm|1379350261|gig:346639417:CLASSIC_INBOX_ALL_MAIL|10236
2022-08-01 09:52:30.357 5468-5468/? D/InterruptionStateProvider: No alerting: suppressed due to group alert behavior
2022-08-01 09:52:30.357 5468-5468/? D/InterruptionStateProvider: Group alert behavior is suppressed but we want to alert bubble
2022-08-01 09:52:30.357 5468-5468/? D/InterruptionStateProvider: No bubble up: not allowed to bubble: 0|com.google.android.apps.docs|0|346639417::SUMMARY::ac993239b33c071d8abf2aedacec9092|10241
2022-08-01 09:52:30.357 5468-5468/? D/InterruptionStateProvider: No alerting: suppressed due to group alert behavior
2022-08-01 09:52:30.357 5468-5468/? D/InterruptionStateProvider: Group alert behavior is suppressed but we want to alert bubble
2022-08-01 09:52:30.357 5468-5468/? D/InterruptionStateProvider: No bubble up: not allowed to bubble: 0|com.google.android.apps.docs|0|346639417::a:CHIME_ACCESS_REQUEST:9ba1571c7f07b366|10241
2022-08-01 09:52:30.357 5468-5468/? D/InterruptionStateProvider: No bubble up: not allowed to bubble: 0|com.google.android.gms|1000|a:NEW_OAUTH_GRANT_RENDERER:127:0:103514148381953362289|10219
2022-08-01 09:52:30.358 5468-5468/? D/InterruptionStateProvider: No bubble up: not allowed to bubble: 0|com.google.android.gms|1000|a:NEW_SIGN_IN_RENDERER:179d97c088300000:103514148381953362289|10219
