2022-08-01 09:52:20.073 5468-5687/? D/PeopleSpaceWidgetMgr: Sbn doesn't contain valid PeopleTileKey: null/0/com.google.android.gm
2022-08-01 09:52:20.075 5468-5468/? D/FaceWidgetNotificationManager: removeFaceWidgetMusicNotification() key : 0|com.google.android.gm|-476443958|gig:346639417:CLASSIC_INBOX_ALL_MAIL|10236
2022-08-01 09:52:20.086 5468-5687/? D/PeopleSpaceWidgetMgr: Sbn doesn't contain valid PeopleTileKey: null/0/com.google.android.gm
2022-08-01 09:52:20.093 6034-6034/? I/Launcher.NotificationListener: onNotificationPosted : com.google.android.gm number : 0
2022-08-01 09:52:20.094 6034-6184/? I/Launcher.NotificationListener: notificationIsValidForUI : com.google.android.gm missingTitleAndText : false isGroupHeader : false
2022-08-01 09:52:20.105 5468-5468/? D/InterruptionStateProvider: No alerting: suppressed due to group alert behavior
2022-08-01 09:52:20.106 5468-5468/? D/InterruptionStateProvider: Group alert behavior is suppressed but we want to alert bubble
2022-08-01 09:52:20.106 5468-5468/? D/InterruptionStateProvider: No bubble up: not allowed to bubble: 0|com.google.android.gm|1229138300|gig:346639417:CLASSIC_INBOX_ALL_MAIL|10236
2022-08-01 09:52:20.108 5468-5468/? D/InterruptionStateProvider:  no Heads up : edgelighting enabled app. 0|com.google.android.gm|1229138300|gig:346639417:CLASSIC_INBOX_ALL_MAIL|10236
2022-08-01 09:52:20.110 5468-5687/? D/PeopleSpaceWidgetMgr: Sbn doesn't contain valid PeopleTileKey: null/0/com.google.android.gm
2022-08-01 09:52:20.111 5468-5468/? D/FaceWidgetNotificationManager: removeFaceWidgetMusicNotification() key : 0|com.google.android.gm|2143298700|gig:346639417:CLASSIC_INBOX_ALL_MAIL|10236
2022-08-01 09:52:20.125 5107-7786/? D/ApplicationPolicy: isStatusBarNotificationAllowedAsUser: packageName = com.google.android.gm,userId = 0
2022-08-01 09:52:20.126 5107-7786/? D/ApplicationPolicy: isStatusBarNotificationAllowedAsUser: packageName = com.google.android.gm,userId = 0
2022-08-01 09:52:20.139 5468-5468/? D/InterruptionStateProvider: No alerting: suppressed due to group alert behavior
2022-08-01 09:52:20.139 5468-5468/? D/InterruptionStateProvider: Group alert behavior is suppressed but we want to alert bubble
2022-08-01 09:52:20.139 5468-5468/? D/InterruptionStateProvider: No bubble up: not allowed to bubble: 0|com.google.android.gm|1174103848|gig:346639417:CLASSIC_INBOX_ALL_MAIL|10236
2022-08-01 09:52:20.141 5468-5468/? D/InterruptionStateProvider:  no Heads up : edgelighting enabled app. 0|com.google.android.gm|1174103848|gig:346639417:CLASSIC_INBOX_ALL_MAIL|10236
2022-08-01 09:52:20.149 5468-5687/? D/PeopleSpaceWidgetMgr: Sbn doesn't contain valid PeopleTileKey: null/0/com.google.android.gm
2022-08-01 09:52:20.149 5468-5687/? D/PeopleSpaceWidgetMgr: Sbn doesn't contain valid PeopleTileKey: null/0/com.google.android.gm
2022-08-01 09:52:20.159 5107-5107/? W/NotificationPrefHelper: Got a isNotificationAlertsEnabled : true
2022-08-01 09:52:20.171 5107-5107/? W/NotificationHistory: Attempted to add notif for locked/gone/disabled user 0
2022-08-01 09:52:20.171 5468-5468/? D/QS: setQSExpansion 0.0 -119.7
2022-08-01 09:52:20.172 5468-5468/? D/QS: setQSExpansion 0.0 -119.7
2022-08-01 09:52:20.181 6034-6034/? I/Launcher.NotificationListener: onNotificationPosted : com.google.android.gm number : 0
2022-08-01 09:52:20.182 6034-6184/? I/Launcher.NotificationListener: notificationIsValidForUI : com.google.android.gm missingTitleAndText : false isGroupHeader : false
2022-08-01 09:52:20.184 5107-5373/? D/SemNscXgbMsL1: Probability - Cloud gaming: [0.0069269245]
2022-08-01 09:52:20.185 5107-5373/? D/SemNscXgbMsL1: Probability - Real time: [0.025302425]
2022-08-01 09:52:20.185 5107-5373/? D/SemNscXgbMsL1: Probability - Non real time: [0.8297291]
2022-08-01 09:52:20.185 5107-5373/? D/SemNscXgbMsL1: 1 sample inference time: 0.976231 msecs
2022-08-01 09:52:20.186 5107-5373/? D/SemNscXgbL2Rt: L2 RT 1 sample inference time: 0.736039 msecs
2022-08-01 09:52:20.187 5107-5373/? D/SemNscXgbL2Nrt: L2 NRT 1 sample inference time: 0.655576 msecs
2022-08-01 09:52:20.190 5107-7775/? D/ApplicationPolicy: isStatusBarNotificationAllowedAsUser: packageName = com.google.android.gm,userId = 0
2022-08-01 09:52:20.191 5107-7775/? D/ApplicationPolicy: isStatusBarNotificationAllowedAsUser: packageName = com.google.android.gm,userId = 0
2022-08-01 09:52:20.195 4809-4809/? I/SurfaceFlinger: SFWD update time=144741942484472
2022-08-01 09:52:20.247 5107-5107/? D/EdgeLightingManager: isCallingUserSupported : callingUserId=0, mUserId=0, isDualAppId=false, isKnoxId=false
2022-08-01 09:52:20.247 5107-5107/? D/EdgeLightingManager: hideForNotification : packageName = com.google.android.gm
2022-08-01 09:52:20.247 5107-5107/? D/EdgeLightingPolicyManager:NotificationGroup: remove : sbn : StatusBarNotification(pkg=com.google.android.gm user=UserHandle{0} id=-197958207 tag=gig:346639417:CLASSIC_INBOX_ALL_MAIL key=0|com.google.android.gm|-197958207|gig:346639417:CLASSIC_INBOX_ALL_MAIL|10236: Notification(channel=^nc_1_mail_steven.love@intracomsystems.com shortcut=null contentView=null vibrate=null sound=null tick defaults=0x0 flags=0x18 color=0xfff28b82 category=email groupKey=gig:346639417:CLASSIC_INBOX_ALL_MAIL sortKey=9223370382159350835-197958207 actions=2 vis=PRIVATE publicVersion=Notification(channel=^nc_1_mail_steven.love@intracomsystems.com shortcut=null contentView=null vibrate=null sound=null tick defaults=0x0 flags=0x18 color=0xfff28b82 category=email vis=PUBLIC semFlags=0x0 semPriority=0 semMissedCount=0) semFlags=0x0 semPriority=0 semMissedCount=0))
2022-08-01 09:52:20.247 5107-5107/? D/EdgeLightingManager: hideForNotification : isOngoing is false
2022-08-01 09:52:20.248 5107-5107/? D/LightsService: [api] [SvcLED] turnOff : lightType: NOTIFICATIONS (uid: 1000 pid: 5107) 
2022-08-01 09:52:20.248 5107-5107/? I/LightsService: acquireWakeLockForLED : WakeLock path is not initialized
2022-08-01 09:52:20.249 5107-5107/? D/LightsService: [SvcLED] setSvcLedStateLocked : SvcLEDState: 0x0 -> 0x0 | SvcLED(NOTIFICATIONS) set Off
2022-08-01 09:52:20.249 5107-5188/? D/LightsService: [SvcLED] handleForcedSvcLEDTask()
2022-08-01 09:52:20.249 5107-5188/? D/LightsService: [SvcLED] setSvcLedLightLocked : Current SvcLED(BATTERY) maintains its priority right
2022-08-01 09:52:20.249 5107-5188/? I/LightsService: releaseWakeLockForLED: WakeLock path is not initialized
2022-08-01 09:52:20.253 5107-5107/? D/EdgeLightingManager: isCallingUserSupported : callingUserId=0, mUserId=0, isDualAppId=false, isKnoxId=false
2022-08-01 09:52:20.253 5107-5107/? D/EdgeLightingManager: hideForNotification : packageName = com.google.android.gm
2022-08-01 09:52:20.253 5107-7714/? D/ApplicationPolicy: isStatusBarNotificationAllowedAsUser: packageName = com.google.android.gm,userId = 0
2022-08-01 09:52:20.254 5107-5107/? D/EdgeLightingPolicyManager:NotificationGroup: remove : sbn : StatusBarNotification(pkg=com.google.android.gm user=UserHandle{0} id=1966640847 tag=gig:346639417:CLASSIC_INBOX_ALL_MAIL key=0|com.google.android.gm|1966640847|gig:346639417:CLASSIC_INBOX_ALL_MAIL|10236: Notification(channel=^nc_1_mail_steven.love@intracomsystems.com shortcut=null contentView=null vibrate=null sound=null tick defaults=0x0 flags=0x18 color=0xfff28b82 category=email groupKey=gig:346639417:CLASSIC_INBOX_ALL_MAIL sortKey=92233703816164654521966640847 actions=2 vis=PRIVATE publicVersion=Notification(channel=^nc_1_mail_steven.love@intracomsystems.com shortcut=null contentView=null vibrate=null sound=null tick defaults=0x0 flags=0x18 color=0xfff28b82 category=email vis=PUBLIC semFlags=0x0 semPriority=0 semMissedCount=0) semFlags=0x0 semPriority=0 semMissedCount=0))
2022-08-01 09:52:20.254 5107-5107/? D/EdgeLightingManager: hideForNotification : isOngoing is false
2022-08-01 09:52:20.254 5107-7714/? D/ApplicationPolicy: isStatusBarNotificationAllowedAsUser: packageName = com.google.android.gm,userId = 0
2022-08-01 09:52:20.255 5107-5107/? D/LightsService: [api] [SvcLED] turnOff : lightType: NOTIFICATIONS (uid: 1000 pid: 5107) 
2022-08-01 09:52:20.255 5107-5107/? I/LightsService: acquireWakeLockForLED : WakeLock path is not initialized
2022-08-01 09:52:20.255 5107-5107/? D/LightsService: [SvcLED] setSvcLedStateLocked : SvcLEDState: 0x0 -> 0x0 | SvcLED(NOTIFICATIONS) set Off
2022-08-01 09:52:20.256 5107-5188/? D/LightsService: [SvcLED] handleForcedSvcLEDTask()
2022-08-01 09:52:20.256 5107-5188/? D/LightsService: [SvcLED] setSvcLedLightLocked : Current SvcLED(BATTERY) maintains its priority right
2022-08-01 09:52:20.256 5107-5188/? I/LightsService: releaseWakeLockForLED: WakeLock path is not initialized
2022-08-01 09:52:20.262 5468-5468/? D/FaceWidgetNotificationManager: removeFaceWidgetMusicNotification() key : 0|com.google.android.gm|-1758665623|gig:346639417:CLASSIC_INBOX_ALL_MAIL|10236
2022-08-01 09:52:20.282 5107-5107/? W/NotificationPrefHelper: Got a isNotificationAlertsEnabled : true
2022-08-01 09:52:20.287 5107-5107/? W/NotificationHistory: Attempted to add notif for locked/gone/disabled user 0
2022-08-01 09:52:20.293 6034-6034/? I/Launcher.NotificationListener: onNotificationPosted : com.google.android.gm number : 0
2022-08-01 09:52:20.294 6034-6184/? I/Launcher.NotificationListener: notificationIsValidForUI : com.google.android.gm missingTitleAndText : false isGroupHeader : false
2022-08-01 09:52:20.299 5468-5468/? D/InterruptionStateProvider: No alerting: suppressed due to group alert behavior
2022-08-01 09:52:20.299 5468-5468/? D/InterruptionStateProvider: Group alert behavior is suppressed but we want to alert bubble
2022-08-01 09:52:20.299 5468-5468/? D/InterruptionStateProvider: No bubble up: not allowed to bubble: 0|com.google.android.gm|954716110|gig:346639417:CLASSIC_INBOX_ALL_MAIL|10236
2022-08-01 09:52:20.300 5468-5468/? D/InterruptionStateProvider:  no Heads up : edgelighting enabled app. 0|com.google.android.gm|954716110|gig:346639417:CLASSIC_INBOX_ALL_MAIL|10236
2022-08-01 09:52:20.324 5107-5562/? D/ApplicationPolicy: isStatusBarNotificationAllowedAsUser: packageName = com.google.android.gm,userId = 0
2022-08-01 09:52:20.325 5107-5562/? D/ApplicationPolicy: isStatusBarNotificationAllowedAsUser: packageName = com.google.android.gm,userId = 0
2022-08-01 09:52:20.333 5468-5687/? D/PeopleSpaceWidgetMgr: Sbn doesn't contain valid PeopleTileKey: null/0/com.google.android.gm
2022-08-01 09:52:20.337 5107-5107/? W/NotificationPrefHelper: Got a isNotificationAlertsEnabled : true
2022-08-01 09:52:20.349 5107-5107/? W/NotificationHistory: Attempted to add notif for locked/gone/disabled user 0
2022-08-01 09:52:20.358 5468-5687/? D/PeopleSpaceWidgetMgr: Sbn doesn't contain valid PeopleTileKey: null/0/com.google.android.gm
2022-08-01 09:52:20.359 6034-6034/? I/Launcher.NotificationListener: onNotificationPosted : com.google.android.gm number : 0
2022-08-01 09:52:20.359 6034-6184/? I/Launcher.NotificationListener: notificationIsValidForUI : com.google.android.gm missingTitleAndText : false isGroupHeader : false
2022-08-01 09:52:20.399 5107-5107/? W/NotificationPrefHelper: Got a isNotificationAlertsEnabled : true
2022-08-01 09:52:20.404 5107-7775/? D/ApplicationPolicy: isStatusBarNotificationAllowedAsUser: packageName = com.google.android.gm,userId = 0
2022-08-01 09:52:20.406 5107-5107/? D/EdgeLightingManager: isCallingUserSupported : callingUserId=0, mUserId=0, isDualAppId=false, isKnoxId=false
2022-08-01 09:52:20.406 5107-5107/? D/EdgeLightingManager: hideForNotification : packageName = com.google.android.gm
2022-08-01 09:52:20.406 5107-7775/? D/ApplicationPolicy: isStatusBarNotificationAllowedAsUser: packageName = com.google.android.gm,userId = 0
2022-08-01 09:52:20.406 5107-5107/? D/EdgeLightingPolicyManager:NotificationGroup: remove : sbn : StatusBarNotification(pkg=com.google.android.gm user=UserHandle{0} id=-1317993032 tag=gig:346639417:CLASSIC_INBOX_ALL_MAIL key=0|com.google.android.gm|-1317993032|gig:346639417:CLASSIC_INBOX_ALL_MAIL|10236: Notification(channel=^nc_1_mail_steven.love@intracomsystems.com shortcut=null contentView=null vibrate=null sound=null tick defaults=0x0 flags=0x18 color=0xfff28b82 category=email groupKey=gig:346639417:CLASSIC_INBOX_ALL_MAIL sortKey=9223370381548813692-1317993032 actions=2 vis=PRIVATE publicVersion=Notification(channel=^nc_1_mail_steven.love@intracomsystems.com shortcut=null contentView=null vibrate=null sound=null tick defaults=0x0 flags=0x18 color=0xfff28b82 category=email vis=PUBLIC semFlags=0x0 semPriority=0 semMissedCount=0) semFlags=0x0 semPriority=0 semMissedCount=0))
2022-08-01 09:52:20.407 5107-5107/? D/EdgeLightingManager: hideForNotification : isOngoing is false
2022-08-01 09:52:20.410 5107-5107/? D/LightsService: [api] [SvcLED] turnOff : lightType: NOTIFICATIONS (uid: 1000 pid: 5107) 
2022-08-01 09:52:20.410 5107-5107/? I/LightsService: acquireWakeLockForLED : WakeLock path is not initialized
2022-08-01 09:52:20.410 5107-5107/? D/LightsService: [SvcLED] setSvcLedStateLocked : SvcLEDState: 0x0 -> 0x0 | SvcLED(NOTIFICATIONS) set Off
2022-08-01 09:52:20.411 5107-5188/? D/LightsService: [SvcLED] handleForcedSvcLEDTask()
2022-08-01 09:52:20.411 5107-5188/? D/LightsService: [SvcLED] setSvcLedLightLocked : Current SvcLED(BATTERY) maintains its priority right
2022-08-01 09:52:20.411 5107-5188/? I/LightsService: releaseWakeLockForLED: WakeLock path is not initialized
2022-08-01 09:52:20.411 5468-5468/? D/QS: setQSExpansion 0.0 -119.7
2022-08-01 09:52:20.411 5468-5468/? D/QS: setQSExpansion 0.0 -119.7
2022-08-01 09:52:20.413 5107-5107/? D/EdgeLightingManager: isCallingUserSupported : callingUserId=0, mUserId=0, isDualAppId=false, isKnoxId=false
2022-08-01 09:52:20.413 5107-5107/? D/EdgeLightingManager: hideForNotification : packageName = com.google.android.gm
2022-08-01 09:52:20.413 5107-5107/? D/EdgeLightingPolicyManager:NotificationGroup: remove : sbn : StatusBarNotification(pkg=com.google.android.gm user=UserHandle{0} id=659195866 tag=gig:346639417:CLASSIC_INBOX_ALL_MAIL key=0|com.google.android.gm|659195866|gig:346639417:CLASSIC_INBOX_ALL_MAIL|10236: Notification(channel=^nc_1_mail_steven.love@intracomsystems.com shortcut=null contentView=null vibrate=null sound=null tick defaults=0x0 flags=0x18 color=0xfff28b82 category=email groupKey=gig:346639417:CLASSIC_INBOX_ALL_MAIL sortKey=9223370381456522371659195866 actions=2 vis=PRIVATE publicVersion=Notification(channel=^nc_1_mail_steven.love@intracomsystems.com shortcut=null contentView=null vibrate=null sound=null tick defaults=0x0 flags=0x18 color=0xfff28b82 category=email vis=PUBLIC semFlags=0x0 semPriority=0 semMissedCount=0) semFlags=0x0 semPriority=0 semMissedCount=0))
2022-08-01 09:52:20.413 5107-5107/? D/EdgeLightingManager: hideForNotification : isOngoing is false
2022-08-01 09:52:20.415 5107-5107/? D/LightsService: [api] [SvcLED] turnOff : lightType: NOTIFICATIONS (uid: 1000 pid: 5107) 
2022-08-01 09:52:20.415 5107-5107/? I/LightsService: acquireWakeLockForLED : WakeLock path is not initialized
2022-08-01 09:52:20.415 5107-5107/? D/LightsService: [SvcLED] setSvcLedStateLocked : SvcLEDState: 0x0 -> 0x0 | SvcLED(NOTIFICATIONS) set Off
2022-08-01 09:52:20.415 5107-5188/? D/LightsService: [SvcLED] handleForcedSvcLEDTask()
2022-08-01 09:52:20.416 5107-5188/? D/LightsService: [SvcLED] setSvcLedLightLocked : Current SvcLED(BATTERY) maintains its priority right
2022-08-01 09:52:20.416 5107-5188/? I/LightsService: releaseWakeLockForLED: WakeLock path is not initialized
2022-08-01 09:52:20.423 6034-6034/? I/Launcher.NotificationListener: onNotificationPosted : com.google.android.gm number : 0
2022-08-01 09:52:20.423 5468-5468/? D/FaceWidgetNotificationManager: removeFaceWidgetMusicNotification() key : 0|com.google.android.gm|-547977767|gig:346639417:CLASSIC_INBOX_ALL_MAIL|10236
2022-08-01 09:52:20.424 6034-6184/? I/Launcher.NotificationListener: notificationIsValidForUI : com.google.android.gm missingTitleAndText : false isGroupHeader : false
2022-08-01 09:52:20.437 5468-5687/? D/PeopleSpaceWidgetMgr: Sbn doesn't contain valid PeopleTileKey: null/0/com.google.android.gm
2022-08-01 09:52:20.454 5468-5468/? D/InterruptionStateProvider: No alerting: suppressed due to group alert behavior
2022-08-01 09:52:20.454 5468-5468/? D/InterruptionStateProvider: Group alert behavior is suppressed but we want to alert bubble
2022-08-01 09:52:20.454 5468-5468/? D/InterruptionStateProvider: No bubble up: not allowed to bubble: 0|com.google.android.gm|1715078689|gig:346639417:CLASSIC_INBOX_ALL_MAIL|10236
2022-08-01 09:52:20.455 5468-5468/? D/InterruptionStateProvider:  no Heads up : edgelighting enabled app. 0|com.google.android.gm|1715078689|gig:346639417:CLASSIC_INBOX_ALL_MAIL|10236
2022-08-01 09:52:20.468 5468-5687/? D/PeopleSpaceWidgetMgr: Sbn doesn't contain valid PeopleTileKey: null/0/com.google.android.gm
2022-08-01 09:52:20.481 5107-5107/? W/NotificationPrefHelper: Got a isNotificationAlertsEnabled : true
2022-08-01 09:52:20.488 5107-5107/? W/NotificationHistory: Attempted to add notif for locked/gone/disabled user 0
2022-08-01 09:52:20.493 6034-6034/? I/Launcher.NotificationListener: onNotificationPosted : com.google.android.gm number : 0
2022-08-01 09:52:20.494 6034-6184/? I/Launcher.NotificationListener: notificationIsValidForUI : com.google.android.gm missingTitleAndText : false isGroupHeader : false
2022-08-01 09:52:20.502 5107-7803/? D/ApplicationPolicy: isStatusBarNotificationAllowedAsUser: packageName = com.google.android.gm,userId = 0
2022-08-01 09:52:20.503 5107-7803/? D/ApplicationPolicy: isStatusBarNotificationAllowedAsUser: packageName = com.google.android.gm,userId = 0
2022-08-01 09:52:20.531 5107-5107/? W/NotificationPrefHelper: Got a isNotificationAlertsEnabled : true
2022-08-01 09:52:20.540 5107-5107/? W/NotificationHistory: Attempted to add notif for locked/gone/disabled user 0
2022-08-01 09:52:20.544 5107-5280/? D/InputReader: Btn_touch(4): value=1 when=144742.291254
2022-08-01 09:52:20.544 5107-5280/? I/InputReader: Touch event's action is 0x0 (id=3, t=0) [pCnt=1, s=0.429 ] when=144742.291254
2022-08-01 09:52:20.545 5107-5279/? I/InputDispatcher: Delivering touch to (5468): action: 0x4, f=0x0, d=0, 'a8e6c03', t=1 
2022-08-01 09:52:20.546 5107-5279/? I/InputDispatcher: Delivering touch to (8408): action: 0x0, f=0x0, d=0, '57c181e', t=1 +(0,-110)
2022-08-01 09:52:20.546 8408-8408/? I/ViewRootImpl@e2546dd[VMCActivity]: ViewPostIme pointer 0
2022-08-01 09:52:20.546 8408-8408/? I/MSHandlerLifeCycle: isMultiSplitHandlerRequested: windowingMode=1 isFullscreen=true isPopOver=false isHidden=false skipActivityType=false isHandlerType=true this: DecorView@5f2f3a6[VMCActivity]
2022-08-01 09:52:20.547 6034-6034/? I/Launcher.NotificationListener: onNotificationPosted : com.google.android.gm number : 0
2022-08-01 09:52:20.548 6034-6184/? I/Launcher.NotificationListener: notificationIsValidForUI : com.google.android.gm missingTitleAndText : false isGroupHeader : false
2022-08-01 09:52:20.562 8408-8408/? I/MSHandlerLifeCycle: isMultiSplitHandlerRequested: windowingMode=1 isFullscreen=true isPopOver=false isHidden=false skipActivityType=false isHandlerType=true this: DecorView@5f2f3a6[VMCActivity]
2022-08-01 09:52:20.579 8408-8408/? I/MSHandlerLifeCycle: isMultiSplitHandlerRequested: windowingMode=1 isFullscreen=true isPopOver=false isHidden=false skipActivityType=false isHandlerType=true this: DecorView@5f2f3a6[VMCActivity]
2022-08-01 09:52:20.587 5107-5107/? D/EdgeLightingManager: isCallingUserSupported : callingUserId=0, mUserId=0, isDualAppId=false, isKnoxId=false
2022-08-01 09:52:20.587 5107-5107/? D/EdgeLightingManager: hideForNotification : packageName = com.google.android.gm
2022-08-01 09:52:20.587 5107-5107/? D/EdgeLightingPolicyManager:NotificationGroup: remove : sbn : StatusBarNotification(pkg=com.google.android.gm user=UserHandle{0} id=-2138783968 tag=gig:346639417:CLASSIC_INBOX_ALL_MAIL key=0|com.google.android.gm|-2138783968|gig:346639417:CLASSIC_INBOX_ALL_MAIL|10236: Notification(channel=^nc_1_mail_steven.love@intracomsystems.com shortcut=null contentView=null vibrate=null sound=null tick defaults=0x0 flags=0x18 color=0xfff28b82 category=email groupKey=gig:346639417:CLASSIC_INBOX_ALL_MAIL sortKey=9223370381428621226-2138783968 actions=2 vis=PRIVATE publicVersion=Notification(channel=^nc_1_mail_steven.love@intracomsystems.com shortcut=null contentView=null vibrate=null sound=null tick defaults=0x0 flags=0x18 color=0xfff28b82 category=email vis=PUBLIC semFlags=0x0 semPriority=0 semMissedCount=0) semFlags=0x0 semPriority=0 semMissedCount=0))
2022-08-01 09:52:20.587 5107-5107/? D/EdgeLightingManager: hideForNotification : isOngoing is false
2022-08-01 09:52:20.588 5107-5107/? D/LightsService: [api] [SvcLED] turnOff : lightType: NOTIFICATIONS (uid: 1000 pid: 5107) 
2022-08-01 09:52:20.588 5107-5107/? I/LightsService: acquireWakeLockForLED : WakeLock path is not initialized
2022-08-01 09:52:20.588 5107-5107/? D/LightsService: [SvcLED] setSvcLedStateLocked : SvcLEDState: 0x0 -> 0x0 | SvcLED(NOTIFICATIONS) set Off
2022-08-01 09:52:20.588 5107-5188/? D/LightsService: [SvcLED] handleForcedSvcLEDTask()
2022-08-01 09:52:20.588 5107-5188/? D/LightsService: [SvcLED] setSvcLedLightLocked : Current SvcLED(BATTERY) maintains its priority right
2022-08-01 09:52:20.588 5107-5188/? I/LightsService: releaseWakeLockForLED: WakeLock path is not initialized
2022-08-01 09:52:20.590 5107-5107/? D/EdgeLightingManager: isCallingUserSupported : callingUserId=0, mUserId=0, isDualAppId=false, isKnoxId=false
2022-08-01 09:52:20.590 5107-5107/? D/EdgeLightingManager: hideForNotification : packageName = com.google.android.gm
2022-08-01 09:52:20.590 5107-5107/? D/EdgeLightingPolicyManager:NotificationGroup: remove : sbn : StatusBarNotification(pkg=com.google.android.gm user=UserHandle{0} id=1486269774 tag=gig:346639417:CLASSIC_INBOX_ALL_MAIL key=0|com.google.android.gm|1486269774|gig:346639417:CLASSIC_INBOX_ALL_MAIL|10236: Notification(channel=^nc_1_mail_steven.love@intracomsystems.com shortcut=null contentView=null vibrate=null sound=null tick defaults=0x0 flags=0x18 color=0xfff28b82 category=email groupKey=gig:346639417:CLASSIC_INBOX_ALL_MAIL sortKey=92233703802295492391486269774 actions=2 vis=PRIVATE publicVersion=Notification(channel=^nc_1_mail_steven.love@intracomsystems.com shortcut=null contentView=null vibrate=null sound=null tick defaults=0x0 flags=0x18 color=0xfff28b82 category=email vis=PUBLIC semFlags=0x0 semPriority=0 semMissedCount=0) semFlags=0x0 semPriority=0 semMissedCount=0))
2022-08-01 09:52:20.590 5107-5107/? D/EdgeLightingManager: hideForNotification : isOngoing is false
2022-08-01 09:52:20.590 5107-5107/? D/LightsService: [api] [SvcLED] turnOff : lightType: NOTIFICATIONS (uid: 1000 pid: 5107) 
2022-08-01 09:52:20.591 5107-5107/? I/LightsService: acquireWakeLockForLED : WakeLock path is not initialized
2022-08-01 09:52:20.591 5107-5107/? D/LightsService: [SvcLED] setSvcLedStateLocked : SvcLEDState: 0x0 -> 0x0 | SvcLED(NOTIFICATIONS) set Off
2022-08-01 09:52:20.591 5107-5188/? D/LightsService: [SvcLED] handleForcedSvcLEDTask()
2022-08-01 09:52:20.591 5107-5188/? D/LightsService: [SvcLED] setSvcLedLightLocked : Current SvcLED(BATTERY) maintains its priority right
2022-08-01 09:52:20.591 5107-5188/? I/LightsService: releaseWakeLockForLED: WakeLock path is not initialized
2022-08-01 09:52:20.600 5107-7803/? D/ApplicationPolicy: isStatusBarNotificationAllowedAsUser: packageName = com.google.android.gm,userId = 0
2022-08-01 09:52:20.600 5107-7803/? D/ApplicationPolicy: isStatusBarNotificationAllowedAsUser: packageName = com.google.android.gm,userId = 0
2022-08-01 09:52:20.629 8408-8408/? I/MSHandlerLifeCycle: isMultiSplitHandlerRequested: windowingMode=1 isFullscreen=true isPopOver=false isHidden=false skipActivityType=false isHandlerType=true this: DecorView@5f2f3a6[VMCActivity]
2022-08-01 09:52:20.634 8602-8602/? W/gac: [Gmail] MailSyncAdapterService: MailSyncAdapterService is destroyed! [CONTEXT android_log_tag="MailSyncAdapterService" ]
2022-08-01 09:52:20.638 5468-5468/? D/QS: setQSExpansion 0.0 -119.7
2022-08-01 09:52:20.639 5468-5468/? D/QS: setQSExpansion 0.0 -119.7
2022-08-01 09:52:20.643 5107-5107/? W/NotificationPrefHelper: Got a isNotificationAlertsEnabled : true
2022-08-01 09:52:20.643 5107-5280/? D/InputReader: Btn_touch(4): value=0 when=144742.390502
2022-08-01 09:52:20.643 5107-5280/? I/InputReader: Touch event's action is 0x1 (id=3, t=0) [pCnt=1, s=] when=144742.390502
2022-08-01 09:52:20.644 5107-5279/? I/InputDispatcher: Delivering touch to (8408): action: 0x1, f=0x0, d=0, '57c181e', t=1 +(0,-110)
2022-08-01 09:52:20.644 8408-8408/? I/MSHandlerLifeCycle: isMultiSplitHandlerRequested: windowingMode=1 isFullscreen=true isPopOver=false isHidden=false skipActivityType=false isHandlerType=true this: DecorView@5f2f3a6[VMCActivity]
2022-08-01 09:52:20.644 8408-8408/? I/ViewRootImpl@e2546dd[VMCActivity]: ViewPostIme pointer 1
2022-08-01 09:52:20.644 8408-8408/? I/MSHandlerLifeCycle: isMultiSplitHandlerRequested: windowingMode=1 isFullscreen=true isPopOver=false isHidden=false skipActivityType=false isHandlerType=true this: DecorView@5f2f3a6[VMCActivity]
2022-08-01 09:52:20.646 5107-5414/? V/SamsungAlarmManager: setLocked to kernel - W:837052304 / NW:835664466, now=835625111
2022-08-01 09:52:20.646 8408-8408/? I/VCOMMyState: EVENT (VMCEvent): UserLoadWebView
2022-08-01 09:52:20.646 5107-5414/? D/SamsungAlarmManager: setInexact (T:3/F:0/AC:false) 20220801T095420 now=835625112 - CU:1000/CP:5107/L:d263066:*job.delay*
2022-08-01 09:52:20.646 5107-5414/? V/SamsungAlarmManager: setLocked to kernel - W:837052304 / NW:835664466, now=835625112
2022-08-01 09:52:20.647 8408-8408/? D/VCOMBatteryOptimizer: determined to be optimizing? true
2022-08-01 09:52:20.649 5107-7786/? D/ActivityTaskManager: startActivityAsUser: callingPid=8408, callingUid=10389, caller=com.android.server.wm.ActivityTaskManagerService.startActivityAsUser:1743 com.android.server.wm.ActivityTaskManagerService.startActivity:1696 android.app.IActivityTaskManager$Stub.onTransact:1132 com.android.server.wm.ActivityTaskManagerService.onTransact:6193 android.os.Binder.execTransactInternal:1215 android.os.Binder.execTransact:1179 <bottom of call stack> 
2022-08-01 09:52:20.650 5107-5107/? W/NotificationHistory: Attempted to add notif for locked/gone/disabled user 0
2022-08-01 09:52:20.650 5107-7786/? I/ActivityTaskManager: START u0 {flg=0x20000000 cmp=com.telex.pttoc/net.intracomsystems.webrtc2.webView.WebViewActivity} from uid 10389
2022-08-01 09:52:20.651 5107-7786/? D/ActivityTaskManager: TaskLaunchParamsModifier:task=null activity=ActivityRecord{ad447da u0 com.telex.pttoc/net.intracomsystems.webrtc2.webView.WebViewActivity display-area-from-source=DefaultTaskDisplayArea@230555313 display-id=0 display-windowing-mode=1 suggested-display-area=DefaultTaskDisplayArea@230555313
2022-08-01 09:52:20.651 5107-7786/? D/ActivityTaskManager: TaskLaunchParamsModifier:task=Task{540eecc #93 type=standard A=10389:com.telex.pttoc U=0 visible=true mode=fullscreen translucent=false sz=1} activity=ActivityRecord{ad447da u0 com.telex.pttoc/net.intracomsystems.webrtc2.webView.WebViewActivity t-1} display-area-from-source=DefaultTaskDisplayArea@230555313 display-id=0 display-windowing-mode=1 suggested-display-area=DefaultTaskDisplayArea@230555313 inherit-from-source=fullscreen activity-options-fullscreen=Rect(0, 0 - 0, 0) non-freeform-display display-area=DefaultTaskDisplayArea@230555313 maximized-bounds
2022-08-01 09:52:20.652 5107-7786/? I/SemDvfsHyPerManager: acquire hyper - AMS_ACT_START/5107@13, type = -999
2022-08-01 09:52:20.652 5107-7786/? D/ActivityManagerPerformance: AMP_acquire() ACT_START
2022-08-01 09:52:20.652 4754-4789/? I/HYPER-HAL: [RequestManager.cpp]acquire(): Acquired ID : 13109773  [5107 / 13]    HINT : AMS_ACT_START    list : 
2022-08-01 09:52:20.656 4809-6260/? I/SurfaceFlinger: id=1726 createSurf (0x0),-1 flag=80004, ActivityRecord{ad447da u0 com.telex.pttoc/net.intracomsystems.webrtc2.webView.WebViewActivity t93}#0
2022-08-01 09:52:20.658 5107-7786/? W/WindowManager: Prepare app transition: mNextAppTransitionRequests=[TRANSIT_OPEN], mNextAppTransitionFlags=, displayId: 0 Callers=com.android.server.wm.DisplayContent.prepareAppTransition:6358 com.android.server.wm.DisplayContent.prepareAppTransition:6353 com.android.server.wm.Task.startActivityLocked:8704 com.android.server.wm.ActivityStarter.startActivityInner:2912 com.android.server.wm.ActivityStarter.startActivityUnchecked:2334 
2022-08-01 09:52:20.664 5107-5151/? D/PersonaActivityHelper: Activity not in resumed state, do not run immediate lock
2022-08-01 09:52:20.667 8408-8408/? I/VCOMActivityOpener: NEW VISIBLE ACTIVITY null
2022-08-01 09:52:20.667 8408-8408/? I/VCOMMyState: EVENT (VMCEvent): VMCPaused
2022-08-01 09:52:20.668 5107-7786/? D/MARsPolicyManager: onPackageResumedFG pkgName = com.telex.pttoc, userId = 0
2022-08-01 09:52:20.669 5107-7786/? W/WindowManager: Prepare app transition: mNextAppTransitionRequests=[TRANSIT_OPEN, TRANSIT_OPEN], mNextAppTransitionFlags=, displayId: 0 Callers=com.android.server.wm.DisplayContent.prepareAppTransition:6358 com.android.server.wm.Task.resumeTopActivityInnerLocked:8386 com.android.server.wm.Task.resumeTopActivityInnerLocked:8105 com.android.server.wm.Task.resumeTopActivityUncheckedLocked:8003 com.android.server.wm.RootWindowContainer.resumeFocusedTasksTopActivities:2804 
2022-08-01 09:52:20.669 5107-7786/? W/ActivityTaskManager: Tried to set launchTime (0) < mLastActivityLaunchTime (144685862)
2022-08-01 09:52:20.670 5107-7786/? V/WindowManager: rotationForOrientation(orient=SCREEN_ORIENTATION_UNSPECIFIED (-1), last=ROTATION_0 (0)); user=ROTATION_0 (0) 
2022-08-01 09:52:20.670 5107-7786/? D/WindowManager: rotationForOrientation, orientationSource=ActivityRecord{ad447da u0 com.telex.pttoc/net.intracomsystems.webrtc2.webView.WebViewActivity t93}
2022-08-01 09:52:20.670 5107-7786/? V/WindowManager: rotationForOrientation(orient=SCREEN_ORIENTATION_UNSPECIFIED (-1), last=ROTATION_0 (0)); user=ROTATION_0 (0) 
2022-08-01 09:52:20.670 5107-7786/? D/WindowManager: rotationForOrientation, orientationSource=ActivityRecord{ad447da u0 com.telex.pttoc/net.intracomsystems.webrtc2.webView.WebViewActivity t93}
2022-08-01 09:52:20.670 5107-7786/? V/WindowManager: Computed rotation=ROTATION_0 (0) for display id=0 based on lastOrientation=SCREEN_ORIENTATION_UNSPECIFIED (-1) and oldRotation=ROTATION_0 (0), caller=com.android.server.wm.DisplayRotation.updateOrientation:407 com.android.server.wm.DisplayContent.updateOrientation:1932 com.android.server.wm.DisplayContent.updateOrientation:1870 com.android.server.wm.RootWindowContainer.ensureVisibilityAndConfig:2207 com.android.server.wm.ActivityTaskSupervisor.realStartActivityLocked:939 com.android.server.wm.ActivityTaskSupervisor.startSpecificActivity:1253 
2022-08-01 09:52:20.671 5107-7786/? D/TspStateManager: updateCustomValue customSetting=
2022-08-01 09:52:20.671 5107-7786/? V/WindowManager: rotationForOrientation(orient=SCREEN_ORIENTATION_UNSPECIFIED (-1), last=ROTATION_0 (0)); user=ROTATION_0 (0) 
2022-08-01 09:52:20.671 5107-7786/? D/WindowManager: rotationForOrientation, orientationSource=ActivityRecord{ad447da u0 com.telex.pttoc/net.intracomsystems.webrtc2.webView.WebViewActivity t93}
2022-08-01 09:52:20.671 5107-7786/? D/TspStateManager: updateCustomValue customSetting=
2022-08-01 09:52:20.672 5107-7786/? D/SGM:PkgDataHelper: notifyAppCreate(), pkgName: com.telex.pttoc, userId: 0, sendRet: true
2022-08-01 09:52:20.672 5107-5289/? D/SGM:GameManager: onLooperPrepared(), msg: MSG_APP_CREATE, pkgName: com.telex.pttoc, userId: 0
2022-08-01 09:52:20.673 5107-7786/? D/InputDispatcher: Focused application set to (0): ad447da
2022-08-01 09:52:20.674 5107-7786/? V/WindowManager: Changing focus from Window{57c181e u0 com.telex.pttoc/net.intracomsystems.webrtc2.virtualMatrixChooser.VMCActivity} to null displayId=0 Callers=com.android.server.wm.RootWindowContainer.updateFocusedWindowLocked:583 com.android.server.wm.WindowManagerService.updateFocusedWindowLocked:6476 com.android.server.wm.ActivityTaskManagerService.setResumedActivityUncheckLocked:5470 com.android.server.wm.Task.onActivityStateChanged:2888 
2022-08-01 09:52:20.674 5107-7786/? D/StatusBarManagerService: notifyRequestedSystemKey recent=false home=false
2022-08-01 09:52:20.675 5107-7786/? W/WindowManager: Execute app transition: mNextAppTransitionRequests=[TRANSIT_OPEN, TRANSIT_OPEN], mNextAppTransitionFlags=, displayId: 0 Callers=com.android.server.wm.RootWindowContainer.executeAppTransitionForAllDisplay:2701 com.android.server.wm.ActivityTaskSupervisor.reportResumedActivityLocked:2252 com.android.server.wm.ActivityRecord.completeResumeLocked:6319 com.android.server.wm.Task.minimalResumeActivityLocked:7443 com.android.server.wm.ActivityTaskSupervisor.realStartActivityLocked:1162 
2022-08-01 09:52:20.685 5107-5151/? D/SGM:GameManager: notePauseComponent(), received pkgName: com.telex.pttoc, userId: 0
2022-08-01 09:52:20.687 8408-8408/? I/VCOMMyState: EVENT (WebViewEvents): Created
2022-08-01 09:52:20.689 5107-5151/? I/SemPersonaManager: SecureFolder personaId = 10
2022-08-01 09:52:20.690 8408-8408/? I/DecorView: [INFO] isPopOver=false, config=true
2022-08-01 09:52:20.690 8408-8408/? I/DecorView: updateCaptionType >> DecorView@d7849d4[], isFloating=false, isApplication=true, hasWindowControllerCallback=true, hasWindowDecorCaption=false
2022-08-01 09:52:20.691 8408-8408/? D/DecorView: setCaptionType = 0, this = DecorView@d7849d4[]
2022-08-01 09:52:20.691 8408-8408/? I/DecorView: getCurrentDensityDpi: from real metrics. densityDpi=420 msg=resources_loaded
2022-08-01 09:52:20.700 5107-5373/? D/SemNscXgbMsL1: Probability - Cloud gaming: [0.015771143]
2022-08-01 09:52:20.701 5107-5373/? D/SemNscXgbMsL1: Probability - Real time: [0.006671658]
2022-08-01 09:52:20.701 5107-5373/? D/SemNscXgbMsL1: Probability - Non real time: [0.8764422]
2022-08-01 09:52:20.701 5107-5373/? D/SemNscXgbMsL1: 1 sample inference time: 0.609308 msecs
2022-08-01 09:52:20.703 5107-5373/? D/SemNscXgbL2Rt: L2 RT 1 sample inference time: 0.480576 msecs
2022-08-01 09:52:20.704 5107-5373/? D/SemNscXgbL2Nrt: L2 NRT 1 sample inference time: 0.351884 msecs
2022-08-01 09:52:20.704 5107-7803/? D/InputDispatcher: Focus left window (0): 57c181e com.telex.pttoc/net.intracomsystems.webrtc2.virtualMatrixChooser.VMCActivity
2022-08-01 09:52:20.711 6034-6034/? I/Launcher.NotificationListener: onNotificationPosted : com.google.android.gm number : 0
2022-08-01 09:52:20.711 6034-6184/? I/Launcher.NotificationListener: notificationIsValidForUI : com.google.android.gm missingTitleAndText : false isGroupHeader : false
2022-08-01 09:52:20.715 5107-5151/? D/EnterpriseDeviceManagerService: isMdmAdminPresentInternal() : MDM Admin Found - com.samsung.android.knox.containercore
2022-08-01 09:52:20.718 5468-5468/? D/InterruptionStateProvider: No alerting: suppressed due to group alert behavior
2022-08-01 09:52:20.719 5468-5468/? D/InterruptionStateProvider: Group alert behavior is suppressed but we want to alert bubble
2022-08-01 09:52:20.719 5468-5468/? D/InterruptionStateProvider: No bubble up: not allowed to bubble: 0|com.google.android.gm|1872028472|gig:346639417:CLASSIC_INBOX_ALL_MAIL|10236
2022-08-01 09:52:20.719 5468-5468/? D/InterruptionStateProvider:  no Heads up : edgelighting enabled app. 0|com.google.android.gm|1872028472|gig:346639417:CLASSIC_INBOX_ALL_MAIL|10236
2022-08-01 09:52:20.720 5468-5687/? D/PeopleSpaceWidgetMgr: Sbn doesn't contain valid PeopleTileKey: null/0/com.google.android.gm
2022-08-01 09:52:20.722 5468-5468/? D/FaceWidgetNotificationManager: removeFaceWidgetMusicNotification() key : 0|com.google.android.gm|-197958207|gig:346639417:CLASSIC_INBOX_ALL_MAIL|10236
2022-08-01 09:52:20.724 5107-5151/? D/SGM:GameManager: noteResumeComponent(), received pkgName: com.telex.pttoc, userId: 0
2022-08-01 09:52:20.724 5107-5151/? I/GameSDK@LifeCycle: noteResumeComponent(): package name  : com.telex.pttoc
2022-08-01 09:52:20.724 5107-5289/? D/SGM:GameManager: onLooperPrepared(), msg: MSG_APP_RESUME, pkgName: com.telex.pttoc, userid: 0
2022-08-01 09:52:20.724 5107-5289/? D/SGM:GameManager: handleResume().
2022-08-01 09:52:20.725 5107-5289/? D/SGM:GameManager: sendFocusOutConditionally() - mPrevNotiPkg: (unknown), userId: 0
2022-08-01 09:52:20.725 5107-5289/? D/SGM:GameManager:   handleResume(). pkgName: com.telex.pttoc, userId: 0, isTunableApp: null
2022-08-01 09:52:20.725 5107-5289/? D/SGM:GameManager: notifyFocusInOut(). of pkg: com.telex.pttoc, type: 4, isMinimized: false, isTunableApp: false, userId: 0
2022-08-01 09:52:20.725 5107-5289/? D/SGM:GameManager:   notifyFocusInOut(). unexpected mPrevNotiType: -1
2022-08-01 09:52:20.725 5107-5289/? D/SGM:NetworkLimit: callRelease
2022-08-01 09:52:20.725 5107-5289/? D/SGM:SystemHelper: callReleaseBlock needReleaseBlock:false
2022-08-01 09:52:20.730 5468-5687/? D/PeopleSpaceWidgetMgr: Sbn doesn't contain valid PeopleTileKey: null/0/com.google.android.gm
2022-08-01 09:52:20.735 5107-5107/? I/CocktailBarManagerServiceContainer: handleMessage: entry what = 6
2022-08-01 09:52:20.735 5107-5107/? I/CocktailBarManagerServiceImpl: notePauseComponent : no active host
2022-08-01 09:52:20.736 5468-5468/? D/FaceWidgetNotificationManager: removeFaceWidgetMusicNotification() key : 0|com.google.android.gm|1966640847|gig:346639417:CLASSIC_INBOX_ALL_MAIL|10236
2022-08-01 09:52:20.737 7152-7152/? I/Finsky: [2] sbe.onStartJob(4): SCH: job service start with id 9656.
2022-08-01 09:52:20.738 5107-5107/? W/NotificationPrefHelper: Got a isNotificationAlertsEnabled : true
2022-08-01 09:52:20.742 5107-5107/? W/NotificationHistory: Attempted to add notif for locked/gone/disabled user 0
2022-08-01 09:52:20.743 5107-5107/? I/CocktailBarManagerServiceContainer: handleMessage: entry what = 5
2022-08-01 09:52:20.743 5107-5107/? I/CocktailBarManagerServiceImpl: noteResumeComponent : no active host
2022-08-01 09:52:20.745 5468-5687/? D/PeopleSpaceWidgetMgr: Sbn doesn't contain valid PeopleTileKey: null/0/com.google.android.gm
2022-08-01 09:52:20.746 2315-2315/? I/Finsky: [2] sbe.onStartJob(4): SCH: job service start with id 9342.
2022-08-01 09:52:20.757 6034-6034/? I/Launcher.NotificationListener: onNotificationPosted : com.google.android.gm number : 0
2022-08-01 09:52:20.757 6034-6184/? I/Launcher.NotificationListener: notificationIsValidForUI : com.google.android.gm missingTitleAndText : false isGroupHeader : false
2022-08-01 09:52:20.765 5468-5468/? D/InterruptionStateProvider: No alerting: suppressed due to group alert behavior
2022-08-01 09:52:20.765 5468-5468/? D/InterruptionStateProvider: Group alert behavior is suppressed but we want to alert bubble
2022-08-01 09:52:20.765 5468-5468/? D/InterruptionStateProvider: No bubble up: not allowed to bubble: 0|com.google.android.gm|1653107804|gig:346639417:CLASSIC_INBOX_ALL_MAIL|10236
2022-08-01 09:52:20.766 8408-8408/? I/WebViewFactory: Loading com.google.android.webview version 103.0.5060.129 (code 506012933)
2022-08-01 09:52:20.767 5468-5468/? D/InterruptionStateProvider:  no Heads up : edgelighting enabled app. 0|com.google.android.gm|1653107804|gig:346639417:CLASSIC_INBOX_ALL_MAIL|10236
2022-08-01 09:52:20.767 5468-5687/? D/PeopleSpaceWidgetMgr: Sbn doesn't contain valid PeopleTileKey: null/0/com.google.android.gm
2022-08-01 09:52:20.769 5107-5414/? D/SyncManager: userId - 0 auto - true
2022-08-01 09:52:20.770 2315-7012/? I/Finsky: [4663] rsy.a(9): SCH: Satisfied jobs for 9342 are: 12-1
2022-08-01 09:52:20.771 7152-7262/? I/Finsky: [4622] rsy.a(9): SCH: Satisfied jobs for 9656 are: 12-1
2022-08-01 09:52:20.773 2315-7982/? I/Finsky: [4672] saa.accept(66): SCH: Job 12-1 starting
2022-08-01 09:52:20.774 2315-2315/? I/Finsky: [2] ContentSyncJob.v(3): [ContentSync] job started
2022-08-01 09:52:20.776 6034-10168/? I/RecentModel: onTaskStackChangedBackground
2022-08-01 09:52:20.779 7152-7994/? I/Finsky: [4679] saa.accept(66): SCH: Job 12-1 starting
2022-08-01 09:52:20.794 7152-7152/? I/Finsky: [2] ContentSyncJob.v(3): [ContentSync] job started
2022-08-01 09:52:20.794 5107-5414/? V/SamsungAlarmManager: setLocked to kernel - W:837052304 / NW:835664466, now=835625259
2022-08-01 09:52:20.794 5107-5414/? D/SamsungAlarmManager: setInexact (T:3/F:0/AC:false) 20220801T095243 now=835625260 - CU:1000/CP:5107/L:d263066:*job.delay*
2022-08-01 09:52:20.794 5107-5414/? V/SamsungAlarmManager: setLocked to kernel - W:837052304 / NW:835664182, now=835625260
2022-08-01 09:52:20.807 5107-5107/? W/NotificationPrefHelper: Got a isNotificationAlertsEnabled : true
2022-08-01 09:52:20.820 8602-8602/? W/aczm: Already started: aczm@5ae0531
2022-08-01 09:52:20.826 5468-5687/? D/NetworkController: SignalStrength from intent slotId=0
2022-08-01 09:52:20.826 5468-5687/? D/NetworkController.MobileSignalController(0/2147483647): new mSignalStrength=SignalStrength:{mCdma=Invalid,mGsm=Invalid,mWcdma=Invalid,mTdscdma=Invalid,mLte=CellSignalStrengthLte: rssi=-113 rsrp=-115 rsrq=-11 rssnr=-3 cqiTableIndex=2147483647 cqi=6 ta=2147483647 level=2 parametersUseForLevel=0,mNr=Invalid,SignalBarInfo{ lteLevel=3 },rat=14,primary=CellSignalStrengthLte}
2022-08-01 09:52:20.826 5468-5687/? D/NetworkController.MobileSignalController(0/2147483647): Display signal bar by emergency only[true][true]
2022-08-01 09:52:20.826 5107-5107/? W/NotificationHistory: Attempted to add notif for locked/gone/disabled user 0
2022-08-01 09:52:20.833 6034-6034/? I/Launcher.NotificationListener: onNotificationPosted : com.google.android.gm number : 0
2022-08-01 09:52:20.833 6034-6184/? I/Launcher.NotificationListener: notificationIsValidForUI : com.google.android.gm missingTitleAndText : false isGroupHeader : false
2022-08-01 09:52:20.837 8602-8851/? D/StrictMode: StrictMode policy violation: android.os.strictmode.DiskReadViolation
        at android.os.StrictMode$AndroidBlockGuardPolicy.onReadFromDisk(StrictMode.java:1659)
        at libcore.io.BlockGuardOs.access(BlockGuardOs.java:74)
        at libcore.io.ForwardingOs.access(ForwardingOs.java:131)
        at android.app.ActivityThread$AndroidOs.access(ActivityThread.java:8514)
        at java.io.UnixFileSystem.checkAccess(UnixFileSystem.java:281)
        at java.io.File.exists(File.java:813)
        at android.app.ContextImpl.ensurePrivateDirExists(ContextImpl.java:779)
        at android.app.ContextImpl.ensurePrivateDirExists(ContextImpl.java:770)
        at android.app.ContextImpl.getPreferencesDir(ContextImpl.java:726)
        at android.app.ContextImpl.getSharedPreferencesPath(ContextImpl.java:965)
        at android.app.ContextImpl.getSharedPreferences(ContextImpl.java:562)
        at android.content.ContextWrapper.getSharedPreferences(ContextWrapper.java:205)
        at ehu.<init>(PG:2)
        at eas.<init>(PG:9)
        at eas.<init>(PG:10)
        at eho.a(PG:7)
        at eho.d(PG:1)
        at dze.n(PG:1)
        at dqq.a(PG:30)
        at aklu.a(PG:12)
        at anaw.c(PG:2)
        at anay.run(PG:9)
        at sdn.run(PG:4)
        at sdq.run(PG:19)
        at qih.run(PG:10)
        at igp.run(PG:26)
        at java.lang.Thread.run(Thread.java:920)
2022-08-01 09:52:20.838 8602-8851/? D/StrictMode: StrictMode policy violation: android.os.strictmode.DiskReadViolation
        at android.os.StrictMode$AndroidBlockGuardPolicy.onReadFromDisk(StrictMode.java:1659)
        at android.app.SharedPreferencesImpl.awaitLoadedLocked(SharedPreferencesImpl.java:275)
        at android.app.SharedPreferencesImpl.edit(SharedPreferencesImpl.java:368)
        at ehu.<init>(PG:2)
        at eas.<init>(PG:9)
        at eas.<init>(PG:10)
        at eho.a(PG:7)
        at eho.d(PG:1)
        at dze.n(PG:1)
        at dqq.a(PG:30)
        at aklu.a(PG:12)
        at anaw.c(PG:2)
        at anay.run(PG:9)
        at sdn.run(PG:4)
        at sdq.run(PG:19)
        at qih.run(PG:10)
        at igp.run(PG:26)
        at java.lang.Thread.run(Thread.java:920)
2022-08-01 09:52:20.839 8408-8408/? I/cr_WVCFactoryProvider: Loaded version=103.0.5060.129 minSdkVersion=29 isBundle=true multiprocess=true packageId=2
2022-08-01 09:52:20.875 5468-5468/? D/InterruptionStateProvider: No alerting: suppressed due to group alert behavior
2022-08-01 09:52:20.875 5468-5468/? D/InterruptionStateProvider: Group alert behavior is suppressed but we want to alert bubble
2022-08-01 09:52:20.875 5468-5468/? D/InterruptionStateProvider: No bubble up: not allowed to bubble: 0|com.google.android.gm|-184054569|gig:346639417:CLASSIC_INBOX_ALL_MAIL|10236
2022-08-01 09:52:20.878 8408-8408/? I/cr_LibraryLoader: Successfully loaded native library
2022-08-01 09:52:20.879 8408-8408/? I/cr_CachingUmaRecorder: Flushed 9 samples from 9 histograms.
2022-08-01 09:52:20.881 5468-5468/? D/InterruptionStateProvider:  no Heads up : edgelighting enabled app. 0|com.google.android.gm|-184054569|gig:346639417:CLASSIC_INBOX_ALL_MAIL|10236
2022-08-01 09:52:20.888 5107-7714/? D/CompatibilityChangeReporter: Compat change id reported: 135634846; UID 10226; state: DISABLED
2022-08-01 09:52:20.890 5107-5163/? D/CompatibilityChangeReporter: Compat change id reported: 143937733; UID 10226; state: ENABLED
2022-08-01 09:52:20.907 4698-4698/? D/Zygote: Forked child process 9218
2022-08-01 09:52:20.910 5107-7714/? D/SyncManager: userId - 0 auto - true
2022-08-01 09:52:20.913 5107-5163/? I/ActivityManager: Start proc 9218:com.google.android.webview:webview_service/u0a226 for service {com.google.android.webview/org.chromium.android_webview.services.VariationsSeedServer}
2022-08-01 09:52:20.928 5107-7785/? D/CompatibilityChangeReporter: Compat change id reported: 135634846; UID 10389; state: DISABLED
2022-08-01 09:52:20.929 5107-5163/? D/CompatibilityChangeReporter: Compat change id reported: 143937733; UID 10389; state: ENABLED
2022-08-01 09:52:20.934 5107-5825/? D/SyncManager: userId - 0 auto - true
2022-08-01 09:52:20.949 5107-5825/? D/SyncManager: userId - 0 auto - true
2022-08-01 09:52:20.953 4179-4179/? D/Zygote: Forked child process 9222
2022-08-01 09:52:20.967 5107-5163/? I/ActivityManager: Start proc 9222:com.google.android.webview:sandboxed_process0:org.chromium.content.app.SandboxedProcessService0:0/u0i16 for  {com.telex.pttoc/org.chromium.content.app.SandboxedProcessService0:0}
2022-08-01 09:52:20.967 5107-5163/? I/ActivityManager: check webview name : com.google.android.webview:sandboxed_process0:org.chromium.content.app.SandboxedProcessService0:0check hostingname webview : {com.telex.pttoc/org.chromium.content.app.SandboxedProcessService0:0}
2022-08-01 09:52:20.979 5107-5825/? I/ActivityManager: Changes in 10219 5 to 3, 8 to 15
2022-08-01 09:52:20.980 5107-5825/? I/AppOps: updateUidProcState uid: 10219 procState: 3 capability:15
2022-08-01 09:52:20.980 5107-5825/? I/AppOps: commitUidPendingStateLocked() :: UID - 10219, 500 > 500, 8 > 15
2022-08-01 09:52:20.986 9218-9218/? E/webview_servic: Not starting debugger since process cannot load the jdwp agent.
2022-08-01 09:52:20.993 5107-5149/? D/NetworkPolicy: onUidStateChanged() uid: 10219, isForeground(true, 3)
2022-08-01 09:52:20.994 26587-26587/? D/BoundBrokerSvc: onBind: Intent { act=com.google.android.gms.safetynet.service.START pkg=com.google.android.gms }
2022-08-01 09:52:20.994 26587-26587/? D/BoundBrokerSvc: Loading bound service for intent: Intent { act=com.google.android.gms.safetynet.service.START pkg=com.google.android.gms }
2022-08-01 09:52:21.020 9218-9218/? E/USNET: USNET: appName: com.google.android.webview:webview_service
2022-08-01 09:52:21.024 9222-9222/? E/ocessService0:: Not starting debugger since process cannot load the jdwp agent.
2022-08-01 09:52:21.026 9222-9222/? E/USNET: USNET: appName: com.google.android.webview:sandboxed_process0:org.chromium.content.app.SandboxedProcessService0:0
2022-08-01 09:52:21.030 9218-9218/? D/ProcessState: Binder ioctl to enable oneway spam detection failed: Invalid argument
2022-08-01 09:52:21.035 9222-9222/? D/ProcessState: Binder ioctl to enable oneway spam detection failed: Invalid argument
2022-08-01 09:52:21.039 5468-5468/? D/QS: setQSExpansion 0.0 -119.7
2022-08-01 09:52:21.040 5468-5468/? D/QS: setQSExpansion 0.0 -119.7
2022-08-01 09:52:21.050 9222-9222/? D/ActivityThread: setConscryptValidator
2022-08-01 09:52:21.050 9222-9222/? D/ActivityThread: setConscryptValidator - put
2022-08-01 09:52:21.050 9218-9218/? D/ActivityThread: setConscryptValidator
2022-08-01 09:52:21.051 9218-9218/? D/ActivityThread: setConscryptValidator - put
2022-08-01 09:52:21.061 5107-5825/? I/ActivityManager: DSS OFF for com.google.android.webview
2022-08-01 09:52:21.067 5107-5825/? D/ActivityManager: attachApplicationLocked() app=ProcessRecord{7fc9563 9218:com.google.android.webview:webview_service/u0a226} app.isolatedEntryPoint=null instr2=null
2022-08-01 09:52:21.070 5107-5825/? I/ActivityManager: Changes in 10226 20 to 3, 0 to 8
2022-08-01 09:52:21.072 5107-5149/? D/NetworkPolicy: onUidStateChanged() uid: 10226, isForeground(true, 3)
2022-08-01 09:52:21.078 5107-7785/? I/ActivityManager: DSS OFF for com.telex.pttoc
2022-08-01 09:52:21.078 5468-5468/? D/InterruptionStateProvider: No alerting: suppressed due to group alert behavior
2022-08-01 09:52:21.078 5468-5468/? D/InterruptionStateProvider: Group alert behavior is suppressed but we want to alert bubble
2022-08-01 09:52:21.078 5468-5468/? D/InterruptionStateProvider: No bubble up: not allowed to bubble: 0|com.google.android.gm|-1089110951|gig:346639417:CLASSIC_INBOX_ALL_MAIL|10236
2022-08-01 09:52:21.081 5468-5468/? D/InterruptionStateProvider:  no Heads up : edgelighting enabled app. 0|com.google.android.gm|-1089110951|gig:346639417:CLASSIC_INBOX_ALL_MAIL|10236
2022-08-01 09:52:21.083 9218-9218/? D/ActivityThread: handleBindApplication()++ app=com.google.android.webview:webview_service
2022-08-01 09:52:21.089 9218-9218/? D/CompatibilityChangeReporter: Compat change id reported: 171979766; UID 10226; state: ENABLED
