2022-08-01 09:52:24.493 4801-6546/? I/AudioPolicyEffectException: MySpace detach value 1
2022-08-01 09:52:24.493 4801-6546/? V/APM_AudioPolicyManager: startOutput() output 53, stream 3, session 633, portId 40
2022-08-01 09:52:24.493 8408-9375/? I/VCOMMyWebView: Run Javascript: window.androidInterface.loadedPreference("vm-description-successful",`dispatch.vcomcloud.com`)
2022-08-01 09:52:24.494 8408-9375/? I/VCOMMyWebView: Run Javascript: window.androidInterface.loadedPreference("timesOpenedOptimization",2)
2022-08-01 09:52:24.494 8408-9375/? I/VCOMMyWebView: Run Javascript: window.androidInterface.loadedPreference("vm-signalingServerPort",444)
2022-08-01 09:52:24.495 8408-9375/? I/VCOMMyWebView: Run Javascript: window.androidInterface.loadedPreference("AppEverOpened",true)
2022-08-01 09:52:24.495 8408-9375/? I/VCOMMyWebView: Run Javascript: window.androidInterface.loadedPreference("deviceToken",`12bdb17b-dc18-4fab-9731-dd233bfe9cd7`)
2022-08-01 09:52:24.495 8408-9375/? I/VCOMMyWebView: Run Javascript: window.androidInterface.loadedPreference("vm-hostname",`dispatch.vcomcloud.com`)
2022-08-01 09:52:24.495 8408-9375/? I/VCOMMyWebView: Run Javascript: window.androidInterface.loadedPreference("webviewReadyForPTT",false)
2022-08-01 09:52:24.495 8408-9375/? I/VCOMMyWebView: Run Javascript: window.androidInterface.loadedPreference("vm-description",`dispatch.vcomcloud.com`)
2022-08-01 09:52:24.495 8408-9375/? I/VCOMMyWebView: Run Javascript: window.androidInterface.loadedPreference("desired",false)
2022-08-01 09:52:24.495 8408-9375/? I/VCOMMyWebView: Run Javascript: window.androidInterface.loadedPreference("redirectOptimizationDoneToSubmit",false)
2022-08-01 09:52:24.495 8408-9375/? I/VCOMMyWebView: Run Javascript: window.androidInterface.loadedPreference("VERSION",`6.2.8-0`)
2022-08-01 09:52:24.495 8408-9375/? I/VCOMMyWebView: Run Javascript: window.androidInterface.loadedPreference("vm-origin",`https://dispatch.vcomcloud.com:443`)
2022-08-01 09:52:24.495 8408-9375/? I/VCOMMyWebView: Run Javascript: window.androidInterface.loadedPreference("vm-auth",`d61091e18eb2284.e90d23b1b8c2894.5fc23d41f6c200a`)
2022-08-01 09:52:24.495 8408-9375/? I/VCOMMyWebView: Run Javascript: window.androidInterface.loadedPreference("PTT_REDIRECT_TIMEOUT_IN_SECONDS",15)
2022-08-01 09:52:24.511 4801-6546/? V/APM_AudioPolicyManager: getNewOutputDevices selected devices {type:0x2,@:}
2022-08-01 09:52:24.511 4801-6546/? V/APM_AudioPolicyManager: selectOutputForMusicEffects activeOnly 1 output 53 flags 0x00004001
2022-08-01 09:52:24.511 4801-6546/? V/APM_AudioPolicyManager: selectOutputForMusicEffects selected output 13
2022-08-01 09:52:24.512 4801-6546/? V/APM_AudioPolicyManager: setOutputDevices device {type:0x2,@:} delayMs 0
2022-08-01 09:52:24.512 4801-6546/? V/APM_AudioPolicyManager: setOutputDevices() prevDevice {type:0x2,@:}
2022-08-01 09:52:24.512 4801-6546/? V/APM_AudioPolicyManager: setOutputDevices: suppressing checkDeviceMuteStrategies
2022-08-01 09:52:24.512 4801-6546/? V/APM_AudioPolicyManager: setOutputDevices changing device to {type:0x2,@:}
2022-08-01 09:52:24.520 4707-5066/? D/audio_hw_primary: mmap_out-out_set_parameters: enter with param = routing=2
2022-08-01 09:52:24.520 4707-5066/? I/audio_hw_primary: mmap_out-out_set_parameters: requested to change route from speaker to speaker
2022-08-01 09:52:24.520 4707-5066/? D/audio_hw_primary: mmap_out-get_mode_from_active_outputs: return default in case of spk (2)
2022-08-01 09:52:24.520 4707-5066/? D/audio_hw_primary: mmap_out-check_and_set_backend_mixer: no need to update backend 0 -> 0, out->backend_mode:0 
2022-08-01 09:52:24.520 4707-5066/? I/audio_hw_primary: mmap_out-adev_set_route-1: skip re-route as same device(speaker) and same usage(media) 
2022-08-01 09:52:24.523 4707-5066/? E/audio_hw_primary: mmap_out-out_set_volume: Don't support volume control for this stream
2022-08-01 09:52:24.523 4801-9378/? D/AAudioServiceEndpointMMAP: onVolumeChanged() volume[0] = 0.057544
2022-08-01 09:52:24.524 4801-9383/? D/AudioStreamInternal_Service: onEventFromServer - AAUDIO_SERVICE_EVENT_VOLUME 0.057544
2022-08-01 09:52:24.524 4801-9383/? D/AudioStreamInternalPlay_Service: doSetVolume() mStreamVolume * duckAndMuteVolume = 0.057544 * 1.000000 = 0.057544
2022-08-01 09:52:24.525 4801-6546/? V/APM_AudioPolicyManager: setOutputDevices() AF::createAudioPatch returned 0 patchHandle 172 num_sources 1 num_sinks 1
2022-08-01 09:52:24.527 4801-6546/? V/APM_AudioPolicyManager: computeVolume: stream 10, index 9, volume 0.298538, deviceTypes 0x2
2022-08-01 09:52:24.528 4801-6546/? V/APM_AudioPolicyManager: computeVolume: stream 4, index 11, volume 0.199526, deviceTypes 0x2
2022-08-01 09:52:24.528 4801-6546/? V/APM_AudioPolicyManager: checkAndSetVolume cannot set volume group 3 volume when isn ot requested for comm
2022-08-01 09:52:24.528 4801-6546/? V/APM_AudioPolicyManager: computeVolume: stream 8, index 0, volume 0.000000, deviceTypes 0x2
2022-08-01 09:52:24.528 4801-6546/? V/APM_AudioPolicyManager: computeVolume: camera shutter sound volume 0.398107
2022-08-01 09:52:24.528 4801-6546/? V/APM_AudioPolicyManager: computeVolume: stream 3, index 9, volume 0.057544, deviceTypes 0x2
2022-08-01 09:52:24.528 4801-6546/? V/APM_AudioPolicyManager: computeVolume: stream 3, index 10, volume 0.083176, deviceTypes 0x2
2022-08-01 09:52:24.528 4801-6546/? V/APM_AudioPolicyManager: computeVolume: stream 5, index 0, volume 0.000000, deviceTypes 0x2
2022-08-01 09:52:24.528 4801-6546/? V/APM_AudioPolicyManager: computeVolume: stream 2, index 0, volume 0.000000, deviceTypes 0x2
2022-08-01 09:52:24.528 4801-6546/? V/APM_AudioPolicyManager: computeVolume: stream 1, index 0, volume 0.000000, deviceTypes 0x2
2022-08-01 09:52:24.529 4801-6546/? V/APM_AudioPolicyManager: computeVolume: stream 9, index 9, volume 0.298538, deviceTypes 0x2
2022-08-01 09:52:24.529 4801-6546/? V/APM_AudioPolicyManager: computeVolume: stream 0, index 8, volume 1.000000, deviceTypes 0x2
2022-08-01 09:52:24.529 4801-6546/? V/APM_AudioPolicyManager: computeVolume use music stream 11, stream=AUDIO_STREAM_ASSISTANT
2022-08-01 09:52:24.529 4801-6546/? V/APM_AudioPolicyManager: computeVolume: stream 3, index 7, volume 0.028184, deviceTypes 0x2
2022-08-01 09:52:24.529 4801-6546/? V/APM_AudioPolicyManager: computeVolume: stream 3, index 9, volume 0.057544, deviceTypes 0x2
2022-08-01 09:52:24.529 4801-6546/? V/APM_AudioPolicyManager: computeVolume: stream 3, index 10, volume 0.083176, deviceTypes 0x2
2022-08-01 09:52:24.532 4801-8976/? V/APM_AudioPolicyManager: listAudioPorts() role 0 type 0 num_ports 0 ports 0x75db303a88
2022-08-01 09:52:24.532 4801-8976/? V/APM_AudioPolicyManager: listAudioPorts() got 0 ports needed 10
2022-08-01 09:52:24.532 4801-20814/? V/APM_AudioPolicyManager: listAudioPorts() role 0 type 0 num_ports 0 ports 0x75db303ab8
2022-08-01 09:52:24.532 4801-20814/? V/APM_AudioPolicyManager: listAudioPorts() got 0 ports needed 10
2022-08-01 09:52:24.533 4801-20814/? V/APM_AudioPolicyManager: listAudioPorts() role 0 type 0 num_ports 10 ports 0x75c3538640
2022-08-01 09:52:24.533 4801-20814/? V/APM_AudioPolicyManager: listAudioPorts() got 10 ports needed 10
2022-08-01 09:52:24.533 4801-8976/? V/APM_AudioPolicyManager: listAudioPorts() role 0 type 0 num_ports 10 ports 0x75c35552c0
2022-08-01 09:52:24.534 4801-8976/? V/APM_AudioPolicyManager: listAudioPorts() got 10 ports needed 10
2022-08-01 09:52:24.536 4707-5066/? E/audio_hw_primary: mmap_out-out_set_volume: Don't support volume control for this stream
2022-08-01 09:52:24.537 4801-9378/? D/AAudioServiceEndpointMMAP: onVolumeChanged() volume[0] = 0.057544
2022-08-01 09:52:24.538 8408-9260/? D/AAudio: AAudioStream_requestStart(s#1) returned 0 ---------
2022-08-01 09:52:24.538 4801-9383/? D/AudioStreamInternal_Service: onEventFromServer - AAUDIO_SERVICE_EVENT_VOLUME 0.057544
2022-08-01 09:52:24.538 4801-9383/? D/AudioStreamInternalPlay_Service: doSetVolume() mStreamVolume * duckAndMuteVolume = 0.057544 * 1.000000 = 0.057544
2022-08-01 09:52:24.540 4707-5066/? D/audio_hw_primary: mmap_out-out_update_source_metadata: called, but not implemented yet
2022-08-01 09:52:24.540 4707-5066/? D/audio_hw_primary: mmap_out-out_update_source_metadata: This stream has 1 tracks
2022-08-01 09:52:24.540 4707-5066/? D/audio_hw_primary: 1 Track has Usage(1), Content Type(2), Gain(0.057544)
2022-08-01 09:52:24.542 8408-9385/? D/AudioStreamInternalPlay_Client: callbackLoop() entering >>>>>>>>>>>>>>>
2022-08-01 09:52:24.543 8408-9385/? D/AudioStreamInternal_Client: onEventFromServer - got AAUDIO_SERVICE_EVENT_STARTED
2022-08-01 09:52:24.543 8408-9385/? D/AAudioStream: setState(s#1) from 3 to 4
2022-08-01 09:52:24.545 4801-9384/? D/AAudioServiceStreamBase: run() Shared entering >>>>>>>>>>>>>> TIMESTAMPS
2022-08-01 09:52:24.549 5107-5107/? D/AudioPlayerStateMonitor: Found a new active media playback. AudioPlaybackConfiguration piid:247 deviceId:3 type:AAudio u/pid:10389/8408 state:started attr:AudioAttributes: usage=USAGE_MEDIA content=CONTENT_TYPE_UNKNOWN flags=0x0 tags= bundle=null sessionId:-1
2022-08-01 09:52:24.555 5107-5340/? D/AS.SoundAliveHelper: notify dvfs state : 2, screen : true
2022-08-01 09:52:24.559 5107-5340/? D/CompatibilityChangeReporter: Compat change id reported: 135634846; UID 10119; state: DISABLED
2022-08-01 09:52:24.559 5107-5340/? D/CompatibilityChangeReporter: Compat change id reported: 177438394; UID 10119; state: DISABLED
2022-08-01 09:52:24.559 5107-5340/? D/CompatibilityChangeReporter: Compat change id reported: 135772972; UID 10119; state: DISABLED
2022-08-01 09:52:24.559 5107-5340/? D/CompatibilityChangeReporter: Compat change id reported: 135754954; UID 10119; state: ENABLED
2022-08-01 09:52:24.560 5107-5163/? D/CompatibilityChangeReporter: Compat change id reported: 143937733; UID 10119; state: ENABLED
2022-08-01 09:52:24.561 5107-5340/? W/ContentProviderHelper: wait for provider publish: waiters=0 callerApp=ProcessRecord{c69b353 5107:system/1000} cpr=ContentProviderRecord{4aabe45 u0 com.sec.android.app.soundalive/.compatibility.SAContentProvider}
2022-08-01 09:52:24.574 24741-30349/? I/NearbyDiscovery: FastPair: AudioEventListener check active usage=1, package=com.telex.pttoc [CONTEXT service_id=49 ]
2022-08-01 09:52:24.580 24741-30349/? I/NearbyDiscovery: FastPair: AudioEventListener find media event, but the active package com.telex.pttoc doesn't hold the AudioFocus [CONTEXT service_id=49 ]
2022-08-01 09:52:24.583 4697-4697/? D/Zygote: Forked child process 9386
2022-08-01 09:52:24.585 5107-5163/? I/ActivityManager: Start proc 9386:com.sec.android.app.soundalive/u0a119 for content provider {com.sec.android.app.soundalive/com.sec.android.app.soundalive.compatibility.SAContentProvider}
2022-08-01 09:52:24.616 4696-4752/? D/IptablesRestoreController: [iptables debug]iptables-restore execute *filter
    -nvx -L tetherctrl_counters
    COMMIT
2022-08-01 09:52:24.616 5107-5453/? I/Pageboost: Launcher App Execution
2022-08-01 09:52:24.621 4696-4752/? D/IptablesRestoreController: [iptables debug]iptables-restore execute done, res : 0
2022-08-01 09:52:24.621 4696-4752/? D/IptablesRestoreController: [iptables debug]iptables-restore execute *filter
    -nvx -L tetherctrl_counters
    COMMIT
2022-08-01 09:52:24.626 4696-4752/? D/IptablesRestoreController: [iptables debug]iptables-restore execute done, res : 0
2022-08-01 09:52:24.672 9386-9386/? E/.app.soundaliv: Not starting debugger since process cannot load the jdwp agent.
2022-08-01 09:52:24.675 5468-5687/? D/NetworkController: SignalStrength from intent slotId=0
2022-08-01 09:52:24.675 5468-5687/? D/NetworkController.MobileSignalController(0/2147483647): new mSignalStrength=SignalStrength:{mCdma=Invalid,mGsm=Invalid,mWcdma=Invalid,mTdscdma=Invalid,mLte=CellSignalStrengthLte: rssi=-113 rsrp=-117 rsrq=-12 rssnr=0 cqiTableIndex=2147483647 cqi=6 ta=2147483647 level=2 parametersUseForLevel=0,mNr=Invalid,SignalBarInfo{ lteLevel=3 },rat=14,primary=CellSignalStrengthLte}
2022-08-01 09:52:24.675 5468-5687/? D/NetworkController.MobileSignalController(0/2147483647): Display signal bar by emergency only[true][true]
2022-08-01 09:52:24.678 9386-9386/? E/USNET: USNET: appName: com.sec.android.app.soundalive
2022-08-01 09:52:24.679 9386-9386/? D/ProcessState: Binder ioctl to enable oneway spam detection failed: Invalid argument
2022-08-01 09:52:24.680 5468-5687/? D/NetworkController: SignalStrength from intent slotId=0
2022-08-01 09:52:24.680 5468-5687/? D/NetworkController.MobileSignalController(0/2147483647): new mSignalStrength=SignalStrength:{mCdma=Invalid,mGsm=Invalid,mWcdma=Invalid,mTdscdma=Invalid,mLte=CellSignalStrengthLte: rssi=-113 rsrp=-117 rsrq=-12 rssnr=0 cqiTableIndex=2147483647 cqi=6 ta=2147483647 level=2 parametersUseForLevel=0,mNr=Invalid,SignalBarInfo{ lteLevel=2 },rat=14,primary=CellSignalStrengthLte}
2022-08-01 09:52:24.681 5468-5687/? D/NetworkController.MobileSignalController(0/2147483647): Display signal bar by emergency only[true][true]
2022-08-01 09:52:24.684 5468-5687/? D/NetworkController.MobileSignalController(0/2147483647): notifyListener: enabled=true, connected=true, dataConnected=false, networkType=LTE (LTE), emergencyOnly=true, roaming=false, isDefault=false, fiveGAvailable=false, mmWave=false, showDisabledDataIcon=false, voWifiConnected=false, dataActivity=, simState=ABSENT, cardOperator=ATT, simCardActivated=1
2022-08-01 09:52:24.685 9386-9386/? D/ActivityThread: setConscryptValidator
2022-08-01 09:52:24.685 9386-9386/? D/ActivityThread: setConscryptValidator - put
2022-08-01 09:52:24.696 5107-7782/? D/CompatibilityChangeReporter: Compat change id reported: 168419799; UID 10119; state: DISABLED
2022-08-01 09:52:24.698 5107-7782/? I/ActivityManager: DSS OFF for com.sec.android.app.soundalive
2022-08-01 09:52:24.707 5107-7782/? D/ActivityManager: attachApplicationLocked() app=ProcessRecord{65b0ebc 9386:com.sec.android.app.soundalive/u0a119} app.isolatedEntryPoint=null instr2=null
2022-08-01 09:52:24.712 5107-5149/? D/NetworkPolicy: onUidStateChanged() uid: 10119, isForeground(false, 6)
2022-08-01 09:52:24.718 9386-9386/? D/ActivityThread: handleBindApplication()++ app=com.sec.android.app.soundalive
2022-08-01 09:52:24.723 9386-9386/? D/CompatibilityChangeReporter: Compat change id reported: 171979766; UID 10119; state: DISABLED
2022-08-01 09:52:24.747 5107-5373/? D/SemNscXgbMsL1: Probability - Cloud gaming: [9.825582E-4]
2022-08-01 09:52:24.747 5107-5373/? D/SemNscXgbMsL1: Probability - Real time: [0.88625234]
2022-08-01 09:52:24.748 8408-8408/? I/VCOMMyWebView: WebChromeClient progress 10
2022-08-01 09:52:24.750 8408-8408/? I/VCOMMyWebView: WebChromeClient progress 100
2022-08-01 09:52:24.750 5107-5373/? D/SemNscXgbMsL1: Probability - Non real time: [0.71600765]
2022-08-01 09:52:24.750 5107-5373/? D/SemNscXgbMsL1: 1 sample inference time: 3.563885 msecs
2022-08-01 09:52:24.751 8408-8408/? I/VCOMMyState: EVENT (WebViewEvents): FinishedLoading
2022-08-01 09:52:24.751 8408-8408/? I/VCOMMySharedPrefs: set string vm-description-successful dispatch.vcomcloud.com
2022-08-01 09:52:24.752 5107-5373/? D/SemNscXgbL2Rt: L2 RT 1 sample inference time: 0.835384 msecs
2022-08-01 09:52:24.753 5107-5373/? D/SemNscXgbL2Nrt: L2 NRT 1 sample inference time: 0.820654 msecs
2022-08-01 09:52:24.753 5107-5373/? I/SemWifiServiceDetector: NSD results: [1, 1, 1, 0, 1, 1, 1, 1] Traff. type 1 Thr 8
2022-08-01 09:52:24.754 5107-5376/? D/SemWifiOptimizer: enable=1 state=0x10 prev=0x00 new=0x10 force=0
2022-08-01 09:52:24.829 4809-4809/? I/SurfaceFlinger: SFWD update time=144746576636815
2022-08-01 09:52:24.829 9386-9386/? I/CapsuleProvider_1.0.21: onCreate
2022-08-01 09:52:24.830 9386-9386/? I/RoutineActionProvider: onCreate() : application context is null, so use context of this
2022-08-01 09:52:24.834 9386-9386/? I/SoundAliveApplication: onCreate()
2022-08-01 09:52:24.834 9386-9401/? I/SAContentProvider:  getType() : screen on is true
2022-08-01 09:52:24.835 8408-9375/? D/VCOMVirtualMatrixObject: hostname:dispatch.vcomcloud.com
2022-08-01 09:52:24.836 8408-9375/? I/VCOMMySharedPrefs: set string vm-hostname dispatch.vcomcloud.com
2022-08-01 09:52:24.836 9386-9386/? I/PreferencesManager: getInstance() : user unlocked is true
2022-08-01 09:52:24.838 9386-9386/? I/PreferencesManager: getInstance() : preferences is moved to decrypted storage
2022-08-01 09:52:24.839 9386-9386/? I/PreferencesManager: PreferencesManager() : user unlocked is true
2022-08-01 09:52:24.840 9386-9386/? I/PreferencesManager: create() : preferences manager has created successfully
2022-08-01 09:52:24.841 5107-5340/? W/AS.AudioExecutor: Slow 287 in com.android.server.audio.AudioService.handleCustomMessage:11975
2022-08-01 09:52:24.846 8408-9375/? D/VCOMVirtualMatrixObject: origin:https://dispatch.vcomcloud.com:443
2022-08-01 09:52:24.846 8408-9375/? I/VCOMMySharedPrefs: set string vm-origin https://dispatch.vcomcloud.com:443
2022-08-01 09:52:24.848 4801-6546/? V/APM_AudioPolicyManager: listAudioPorts() role 0 type 0 num_ports 0 ports 0x75d71d7040
2022-08-01 09:52:24.848 4801-6546/? V/APM_AudioPolicyManager: listAudioPorts() got 0 ports needed 10
2022-08-01 09:52:24.850 4801-6546/? V/APM_AudioPolicyManager: listAudioPorts() role 0 type 0 num_ports 10 ports 0x75d72ad780
2022-08-01 09:52:24.850 4801-6546/? V/APM_AudioPolicyManager: listAudioPorts() got 10 ports needed 10
2022-08-01 09:52:24.858 5107-7714/? I/ActivityManager: Killing 7386:com.android.vending:background/u10a224 (adj 999): empty #25
2022-08-01 09:52:24.860 9386-9386/? I/FeatureManager: FeatureManager() : soundalive features are eq_custom,uhq_onoff,adapt,dvfs_700000
2022-08-01 09:52:24.860 9386-9386/? I/FeatureManager: FeatureManager() : country code is USA
2022-08-01 09:52:24.860 9386-9386/? I/FeatureManager: FeatureManager() : product is xcoverproue, model is SM-G715U1
2022-08-01 09:52:24.862 9386-9386/? I/AudioPathManager: isAudioPathChanged() : saved path is speaker (0), current path is speaker (0)
2022-08-01 09:52:24.863 5107-5164/? I/libprocessgroup: Successfully killed process cgroup uid 1010224 pid 7386 in 0ms
2022-08-01 09:52:24.864 9386-9386/? I/SoundAssistantManager: sound assistant is not installed, android.content.pm.PackageManager$NameNotFoundException: com.samsung.android.soundassistant
2022-08-01 09:52:24.866 9386-9386/? I/SoundAssistantManager: sound assistant is not installed, android.content.pm.PackageManager$NameNotFoundException: com.samsung.android.soundassistant
2022-08-01 09:52:24.905 5107-5825/? D/ConnectivityService: ConnectivityService NetworkRequestInfo binderDied(uid/pid:1010224/7386, [NetworkRequest [ REQUEST id=1487, [ Capabilities: INTERNET&NOT_RESTRICTED&TRUSTED&NOT_VCN_MANAGED Uid: 1010224 RequestorUid: 1010224 RequestorPkg: com.android.vending UnderlyingNetworks: Null] ]], android.os.BinderProxy@351d6c0)
2022-08-01 09:52:24.905 5107-5315/? D/ConnectivityService: releasing NetworkRequest [ REQUEST id=1487, [ Capabilities: INTERNET&NOT_RESTRICTED&TRUSTED&NOT_VCN_MANAGED Uid: 1010224 RequestorUid: 1010224 RequestorPkg: com.android.vending UnderlyingNetworks: Null] ] (release request)
2022-08-01 09:52:24.905 5107-5315/? D/ConnectivityService:  Removing from current network [102 WIFI], leaving 115 requests.
2022-08-01 09:52:24.906 4697-4697/? I/Zygote: Process 7386 exited due to signal 9 (Killed)
2022-08-01 09:52:24.939 4801-6546/? I/AudioSASecPlus: setGlobalEffectInfo changed mContentType = 1, mGlobalSAPlus = 0, mGlobalTubeAmp = 0, mGlobalConcertHall = 0 , mGlobalAudioHDR = 0
2022-08-01 09:52:24.939 4801-6546/? I/AudioSASecPlus: setGlobalEffectInfo changed mContentType = 1, mGlobalSAPlus = 0, mGlobalTubeAmp = 0, mGlobalConcertHall = 0 , mGlobalAudioHDR = 0
2022-08-01 09:52:24.939 4707-5084/? I/AudioSASecPlus: setGlobalEffectInfo changed mContentType = 1, mGlobalSAPlus = 0, mGlobalTubeAmp = 0, mGlobalConcertHall = 0 , mGlobalAudioHDR = 0
2022-08-01 09:52:24.940 4801-6546/? I/AudioSASecPlus: setGlobalEffectInfo changed mContentType = 1, mGlobalSAPlus = 0, mGlobalTubeAmp = 0, mGlobalConcertHall = 0 , mGlobalAudioHDR = 0
2022-08-01 09:52:24.940 4801-6546/? I/AudioSASecPlus: setGlobalEffectInfo changed mContentType = 1, mGlobalSAPlus = 0, mGlobalTubeAmp = 0, mGlobalConcertHall = 0 , mGlobalAudioHDR = 0
2022-08-01 09:52:24.941 9386-9386/? I/CapsuleProvider_1.0.21: releasing initialize wait lock.
2022-08-01 09:52:24.959 9386-9386/? I/GameManager: createServiceConnection() : binding game service is true
2022-08-01 09:52:24.969 31253-31253/? I/GOS:GosService: onCreate.
2022-08-01 09:52:24.971 31253-31253/? I/GOS:GosService: onBind.
2022-08-01 09:52:24.971 31253-31253/? I/GOS:AidlService: getPermissionInfo(), callerUid: 10174
2022-08-01 09:52:25.029 31253-31253/? I/GOS:AidlService: getPermissionInfo(), callerPkgName from Uid: com.samsung.android.game.gos
2022-08-01 09:52:25.045 31253-31253/? I/GOS:AidlService: getPermissionInfo(), platform signature
2022-08-01 09:52:25.051 31253-31288/? I/GOS:AidlService: getPermissionInfo(), callerUid: 10119
2022-08-01 09:52:25.058 31253-31288/? I/GOS:AidlService: getPermissionInfo(), callerPkgName from Uid: com.sec.android.app.soundalive
2022-08-01 09:52:25.061 31253-31288/? I/GOS:AidlService: getPermissionInfo(), platform signature
2022-08-01 09:52:25.069 31253-31288/? I/GOS:EventCommand: subscribeEvents(), jsonParam: {"events":"GAME_RESUMED, GAME_PAUSED","intent_action_name":"com.sec.android.app.soundalive.RECEIVE_GAME_EVENTS"}
2022-08-01 09:52:25.076 9386-9386/? I/GameManager: onServiceConnected() : request result is {"successful":true}
2022-08-01 09:52:25.097 24741-30349/? I/NearbyShared: BTConnStateMgr: tryReconnectProxy called without proxy because bluetoothAdapter is not enabled.
2022-08-01 09:52:25.100 24741-30349/? W/NearbyFastPair: NearbyDeviceManager: Failed to get profile proxy for 2 [CONTEXT service_id=265 ]
2022-08-01 09:52:25.101 24741-30349/? I/NearbyShared: BTConnStateMgr: tryReconnectProxy called without proxy because bluetoothAdapter is not enabled.
2022-08-01 09:52:25.101 24741-30349/? W/NearbyFastPair: NearbyDeviceManager: Failed to get profile proxy for 1 [CONTEXT service_id=265 ]
2022-08-01 09:52:25.255 5107-5373/? D/SemNscXgbMsL1: Probability - Cloud gaming: [8.9525897E-4]
2022-08-01 09:52:25.255 5107-5373/? D/SemNscXgbMsL1: Probability - Real time: [0.82380605]
2022-08-01 09:52:25.256 5107-5373/? D/SemNscXgbMsL1: Probability - Non real time: [0.7911643]
2022-08-01 09:52:25.256 5107-5373/? D/SemNscXgbMsL1: 1 sample inference time: 0.745077 msecs
2022-08-01 09:52:25.256 5107-5373/? D/SemNscXgbL2Rt: L2 RT 1 sample inference time: 0.607116 msecs
2022-08-01 09:52:25.257 5107-5373/? D/SemNscXgbL2Nrt: L2 NRT 1 sample inference time: 0.553654 msecs
2022-08-01 09:52:25.341 9386-9386/? I/AudioPathManager: loadAudioPath() : loaded audio path is speaker (0)
2022-08-01 09:52:25.342 9386-9386/? I/AudioManager: getParameters keys = g_effect_active_sound_info=track
2022-08-01 09:52:25.344 4801-6546/? I/SecAudioParamFlinger: getActiveSoundInfo 0, trackFormat 0, outputFormat 0
2022-08-01 09:52:25.347 9386-9386/? I/AudioManagerWrapper: getActiveSoundFormat() : active sound format is 0
2022-08-01 09:52:25.347 9386-9386/? I/RestrictModeUtil: isOwnerMode() : user id is 0
2022-08-01 09:52:25.347 9386-9386/? E/RestrictModeUtil: isDexMode() : desktop mode manager is null, so it can't be decided
2022-08-01 09:52:25.355 5107-5984/? I/GenerationRegistry: mBackingStore.isClosed() : false
2022-08-01 09:52:25.357 9386-9386/? I/RestrictModeUtil: isEmergencyMode() : emergency mode is disabled
2022-08-01 09:52:25.357 9386-9386/? I/EffectManager: isSupportDolbyAtmosOnThisAudioPath() : path is speaker (0)
2022-08-01 09:52:25.385 9386-9386/? I/DolbyAtmosWrapper: getProfile() : for dolby atmos, -1
2022-08-01 09:52:25.385 9386-9386/? I/EffectManager: setEffectDolbyAtmos() : spatial-audio mode is -1, dolby-profile from fw is -1
2022-08-01 09:52:25.386 9386-9386/? I/DolbyAtmosWrapper: getProfile() : for dolby atmos, -1
2022-08-01 09:52:25.386 9386-9386/? I/AudioManager: setParameters keyValuePairs = g_effect_dolby_enable=0;g_effect_dolby_profile=5
2022-08-01 09:52:25.390 4801-6546/? V/APM_AudioPolicyManager: setAudioPolicyConfig: g_effect_dolby_enable=0;g_effect_dolby_profile=5
2022-08-01 09:52:25.392 9386-9386/? I/DolbyAtmosWrapper: setProfile() : for dolby atmos, 5
2022-08-01 09:52:25.392 9386-9386/? I/EffectManager: setEffectDolbyAtmos() : enable is false, mode is off (5)
2022-08-01 09:52:25.392 9386-9386/? I/AudioPathManager: loadAudioPath() : loaded audio path is speaker (0)
2022-08-01 09:52:25.392 9386-9386/? I/EffectManager: setEffectDolbyAtmos() : concert hall will be restored as 0
2022-08-01 09:52:25.393 4801-6546/? I/AudioSASecPlus: setGlobalEffectInfo changed mContentType = 1, mGlobalSAPlus = 0, mGlobalTubeAmp = 0, mGlobalConcertHall = 0 , mGlobalAudioHDR = 0
2022-08-01 09:52:25.393 4801-6546/? I/AudioSASecPlus: setGlobalEffectInfo changed mContentType = 1, mGlobalSAPlus = 0, mGlobalTubeAmp = 0, mGlobalConcertHall = 0 , mGlobalAudioHDR = 0
2022-08-01 09:52:25.393 4707-5084/? I/AudioSASecPlus: setGlobalEffectInfo changed mContentType = 1, mGlobalSAPlus = 0, mGlobalTubeAmp = 0, mGlobalConcertHall = 0 , mGlobalAudioHDR = 0
2022-08-01 09:52:25.393 4801-6546/? I/AudioSASecPlus: setGlobalEffectInfo changed mContentType = 1, mGlobalSAPlus = 0, mGlobalTubeAmp = 0, mGlobalConcertHall = 0 , mGlobalAudioHDR = 0
2022-08-01 09:52:25.393 4801-6546/? I/AudioSASecPlus: setGlobalEffectInfo changed mContentType = 1, mGlobalSAPlus = 0, mGlobalTubeAmp = 0, mGlobalConcertHall = 0 , mGlobalAudioHDR = 0
2022-08-01 09:52:25.396 9386-9386/? I/EffectManager: isSupportDolbyAtmosOnThisAudioPath() : path is speaker (0)
2022-08-01 09:52:25.396 9386-9386/? I/AudioPathManager: loadAudioPath() : loaded audio path is speaker (0)
2022-08-01 09:52:25.396 9386-9386/? I/EffectManager: isSupportDolbyAtmosOnThisAudioPath() : path is speaker (0)
2022-08-01 09:52:25.396 9386-9386/? I/AudioManager: setParameters keyValuePairs = g_effect_game_dolby_enable=0
2022-08-01 09:52:25.397 4801-6546/? V/APM_AudioPolicyManager: setAudioPolicyConfig: g_effect_game_dolby_enable=0
2022-08-01 09:52:25.399 9386-9386/? E/DolbyAtmosWrapper: setProfileEnabled() : exception has occurred, java.lang.RuntimeException: AudioEffect: set/get parameter error
2022-08-01 09:52:25.400 9386-9386/? E/DolbyAtmosWrapper: setProfile() : exception has occurred, java.lang.RuntimeException: AudioEffect: set/get parameter error
2022-08-01 09:52:25.400 9386-9386/? I/AudioPathManager: loadAudioPath() : loaded audio path is speaker (0)
2022-08-01 09:52:25.400 9386-9386/? I/RestrictModeUtil: isOwnerMode() : user id is 0
2022-08-01 09:52:25.400 9386-9386/? E/RestrictModeUtil: isDexMode() : desktop mode manager is null, so it can't be decided
2022-08-01 09:52:25.401 9386-9386/? I/RestrictModeUtil: isEmergencyMode() : emergency mode is disabled
2022-08-01 09:52:25.415 9386-9386/? I/SoundAliveWrapper: setEqualizer() : preset is normal (0), levels for 9 bands are 0 0 0 0 0 0 0 0 0 
2022-08-01 09:52:25.415 9386-9386/? I/AudioPathManager: loadAudioPath() : loaded audio path is speaker (0)
2022-08-01 09:52:25.416 9386-9386/? I/EffectManager: isSupportUHQUpscalerOnCurrentAudioPath() : path is speaker (0), device type is builtin speaker (2)
2022-08-01 09:52:25.416 9386-9386/? I/EffectManager: updateUHQUpscalerState() : uhq upscaler is not available on current audio path
2022-08-01 09:52:25.416 9386-9386/? I/EffectManager: updateUHQUpscalerState() : audio path is speaker, so skip writing mode to settings db
2022-08-01 09:52:25.417 9386-9386/? I/LocalBroadcastManager: sendLocalBroadcast() : action is 1
2022-08-01 09:52:25.420 9386-9386/? I/AudioManagerWrapper: getCurrentMediaVolume() : current media volume is 9
2022-08-01 09:52:25.423 9386-9386/? I/AudioPathManager: loadAudioPath() : loaded audio path is speaker (0)
2022-08-01 09:52:25.423 9386-9386/? I/ModelUtil: isHighEndModel() : this model is SM-G715U1
2022-08-01 09:52:25.650 5107-5397/? D/NetdEventListenerService: DNS Requested by : 102, 10389, 0
2022-08-01 09:52:25.760 5107-5373/? D/SemNscXgbMsL1: Probability - Cloud gaming: [0.002008636]
2022-08-01 09:52:25.761 5107-5373/? D/SemNscXgbMsL1: Probability - Real time: [0.8034341]
2022-08-01 09:52:25.763 5107-5373/? D/SemNscXgbMsL1: Probability - Non real time: [0.88844794]
2022-08-01 09:52:25.763 5107-5373/? D/SemNscXgbMsL1: 1 sample inference time: 4.046577 msecs
2022-08-01 09:52:25.765 5107-5373/? D/SemNscXgbL2Rt: L2 RT 1 sample inference time: 1.195307 msecs
2022-08-01 09:52:25.765 4321-4321/? D/io_stats: !@   8,0 r 3388482 92149436 w 1413756 72772292 d 0 0 f 0 0 iot 1242088 0 th 0 0 0 pt 0 inp 0 0 144747.511
2022-08-01 09:52:25.767 5107-5373/? D/SemNscXgbL2Nrt: L2 NRT 1 sample inference time: 1.538846 msecs
2022-08-01 09:52:25.962 5468-5687/? D/NetworkController: SignalStrength from intent slotId=0
2022-08-01 09:52:25.963 5468-5687/? D/NetworkController.MobileSignalController(0/2147483647): new mSignalStrength=SignalStrength:{mCdma=Invalid,mGsm=Invalid,mWcdma=Invalid,mTdscdma=Invalid,mLte=CellSignalStrengthLte: rssi=-113 rsrp=-119 rsrq=-12 rssnr=-2 cqiTableIndex=2147483647 cqi=6 ta=2147483647 level=1 parametersUseForLevel=0,mNr=Invalid,SignalBarInfo{ lteLevel=2 },rat=14,primary=CellSignalStrengthLte}
2022-08-01 09:52:25.963 5468-5687/? D/NetworkController.MobileSignalController(0/2147483647): Display signal bar by emergency only[true][true]
2022-08-01 09:52:26.271 5107-5373/? D/SemNscXgbMsL1: Probability - Cloud gaming: [0.0013815975]
2022-08-01 09:52:26.271 5107-5373/? D/SemNscXgbMsL1: Probability - Real time: [0.9781973]
2022-08-01 09:52:26.272 5107-5373/? D/SemNscXgbMsL1: Probability - Non real time: [0.55453426]
2022-08-01 09:52:26.272 5107-5373/? D/SemNscXgbMsL1: 1 sample inference time: 1.481539 msecs
2022-08-01 09:52:26.273 5107-5373/? D/SemNscXgbL2Rt: L2 RT 1 sample inference time: 1.300192 msecs
2022-08-01 09:52:26.276 5107-5373/? D/SemNscXgbL2Nrt: L2 NRT 1 sample inference time: 1.792269 msecs
2022-08-01 09:52:26.430 9386-9386/? I/AudioPathManager: loadAudioPath() : loaded audio path is speaker (0)
2022-08-01 09:52:26.430 9386-9386/? I/ModelUtil: isHighEndModel() : this model is SM-G715U1
2022-08-01 09:52:26.582 4726-4768/? D/BatteryDump: wait_for_battery_event : occurred : change@/devices/platform/battery/power_supply/battery 
2022-08-01 09:52:26.593 4726-4726/? E/android.hardware.health@2.1-service-samsung: Could not open /sys/class/power_supply/battery/lrp
2022-08-01 09:52:26.596 5107-5797/? D/BatteryService: Sending ACTION_BATTERY_CHANGED. scale:100, info:{.chargerAcOnline = false, .chargerUsbOnline = true, .chargerWirelessOnline = false, .maxChargingCurrent = 0, .maxChargingVoltage = 0, .batteryStatus = CHARGING, .batteryHealth = GOOD, .batteryPresent = true, .batteryLevel = 57, .batteryVoltage = 3886, .batteryTemperature = 287, .batteryCurrent = 132, .batteryCycleCount = 0, .batteryFullCharge = 4050000, .batteryChargeCounter = 2215475, .batteryTechnology = Li-ion}
2022-08-01 09:52:26.596 5107-5797/? D/BatteryService: online:4, current avg:71, charge type:1, POGO powered:false, power sharing:false, high voltage charger:false, charger_type:0, capacity:280000, misc_event:0x0, current_event:0x0, current_now:132
2022-08-01 09:52:26.603 5107-5107/? D/PhoneWindowManagerExt: ACTION_BATTERY_CHANGED - Level=57, status=2
2022-08-01 09:52:26.604 5107-5107/? D/SemWifiApBroadcastReceiver: Received : android.intent.action.BATTERY_CHANGED
2022-08-01 09:52:26.605 5107-5274/? D/MotionRecognitionService:   onReceive : ACTION_BATTERY_CHANGED, Plugged: 2
2022-08-01 09:52:26.605 5107-5274/? I/MotionRecognitionService: [TA] In/out: true, curr state: 1
2022-08-01 09:52:26.605 5107-5274/? I/MotionRecognitionService: [TA] Before receiving the SAR request for Main. Return.
2022-08-01 09:52:26.609 5452-5452/? D/SemBigDataInfoController: Intent : android.intent.action.BATTERY_CHANGED
2022-08-01 09:52:26.624 5452-5452/? D/SemBigDataInfoController: Intent : android.intent.action.BATTERY_CHANGED
2022-08-01 09:52:26.628 5468-5468/? D/KeyguardUpdateMonitor: received broadcast android.intent.action.BATTERY_CHANGED
2022-08-01 09:52:26.639 5468-5468/? I/PowerUI: mBootCompleted = true |  mFullyConnected = true
2022-08-01 09:52:26.639 5468-5468/? I/PowerUI: BATTERY_HEALTH_CHECK extraHealth=2 mBatteryMiscEvent=0
2022-08-01 09:52:26.639 5468-5468/? D/PowerUI: priorPlugType = 2 mPlugType = 2 priorBatteryStatus = 2 mBatteryStatus = 2
2022-08-01 09:52:26.640 5468-5468/? I/PowerUI: oldMisalign : false, curMisalign : false
2022-08-01 09:52:26.644 5468-5468/? D/PowerUI.Notification: showChargingNotice oldChargingType : 1 currentChargingType : 1 oldChargingTime : 12524000 mChargingTime : 12524000
2022-08-01 09:52:26.644 5468-5468/? D/PowerUI.Notification: There is no change about charging status, so return!
2022-08-01 09:52:26.644 5468-5468/? D/PowerUI: Battery swelling mode - priorBatterySwellingMode = 0 mBatterySwellingMode = 0 mBatteryStatus = 2
2022-08-01 09:52:26.645 5468-5468/? I/PowerUI: mBatteryMiscEvent = 0
2022-08-01 09:52:26.645 5468-5468/? I/AODBatteryManager: updateBatteryData: ACTION_BATTERY_CHANGED
2022-08-01 09:52:26.648 5468-5468/? I/AODBatteryManager: saveBatteryData : AOD BatteryData [mBatteryLevel=57, mBatteryStatus=CHARGING, mBatteryPlugType=USB, mBatteryPlugged=true, mRemainingChargeTime=12524000, mBatteryChargingType=1, mBatteryChargerType=NORMAL, mBatteryOnline=USB, mBatterySwellingMode=NONE, mBatteryProtectMode=false]
2022-08-01 09:52:26.650 5468-7047/? D/PowerUI.Notification: 1. restoreScreenTimeOut - saved_value : :
2022-08-01 09:52:26.650 5468-7047/? E/PowerUI.Notification: no saved value, so we do nothing !!
2022-08-01 09:52:26.656 5468-5468/? D/QS: setQSExpansion 0.0 -119.7
2022-08-01 09:52:26.660 5468-5468/? D/QS: setQSExpansion 0.0 -119.7
2022-08-01 09:52:26.661 5468-5468/? V/SecQSFragmentAnimatorBase: setQsExpansionPosition 0.0
2022-08-01 09:52:26.661 5468-5468/? V/QsExpandAnimator: setQsExpansionPosition 0.0 0
2022-08-01 09:52:26.663 5468-5468/? D/QS: setQSExpansion 0.0 -119.7
2022-08-01 09:52:26.668 5468-5468/? D/IndicatorGardenInputProperty: updateRotation() prv:-1 >> new:0
2022-08-01 09:52:26.669 5468-5468/? D/DeviceState: getDeviceResolutionPixelSize - currentDensity = 420 deviceDensity = 420 initialDisplaySizeFactor = 1080 currentDisplaySizeFactor = 1080 initialDisplayDensity = 420 proportionalDensity = 420 proportionalPixel = 58
2022-08-01 09:52:26.669 5468-5468/? D/DeviceState: getDeviceResolutionPixelSize - currentDensity = 420 deviceDensity = 420 initialDisplaySizeFactor = 1080 currentDisplaySizeFactor = 1080 initialDisplayDensity = 420 proportionalDensity = 420 proportionalPixel = 29
2022-08-01 09:52:26.669 5468-5468/? D/DeviceState: getDeviceResolutionPixelSize - currentDensity = 420 deviceDensity = 420 initialDisplaySizeFactor = 1080 currentDisplaySizeFactor = 1080 initialDisplayDensity = 420 proportionalDensity = 420 proportionalPixel = 34
2022-08-01 09:52:26.671 5468-5468/? D/KeyguardUpdateMonitor: handleBatteryUpdate
2022-08-01 09:52:26.679 4809-4809/? I/SurfaceFlinger: SFWD update time=144748426984660
2022-08-01 09:52:26.780 5107-5373/? D/SemNscXgbMsL1: Probability - Cloud gaming: [0.002364993]
2022-08-01 09:52:26.781 5107-5373/? D/SemNscXgbMsL1: Probability - Real time: [0.26808283]
2022-08-01 09:52:26.781 5107-5373/? D/SemNscXgbMsL1: Probability - Non real time: [0.8561235]
2022-08-01 09:52:26.781 5107-5373/? D/SemNscXgbMsL1: 1 sample inference time: 1.910269 msecs
2022-08-01 09:52:26.783 5107-5373/? D/SemNscXgbL2Rt: L2 RT 1 sample inference time: 1.093307 msecs
2022-08-01 09:52:26.784 5107-5373/? D/SemNscXgbL2Nrt: L2 NRT 1 sample inference time: 0.971192 msecs
2022-08-01 09:52:26.804 5107-5280/? D/InputReader: Btn_touch(4): value=1 when=144748.551474
2022-08-01 09:52:26.805 5107-5280/? I/InputReader: Touch event's action is 0x0 (id=3, t=0) [pCnt=1, s=0.430 ] when=144748.551474
2022-08-01 09:52:26.806 5107-5279/? I/InputDispatcher: Delivering touch to (5468): action: 0x4, f=0x0, d=0, 'a8e6c03', t=1 
2022-08-01 09:52:26.806 5107-5279/? I/InputDispatcher: Delivering touch to (8408): action: 0x0, f=0x0, d=0, 'b7515b2', t=1 +(0,-110)
2022-08-01 09:52:26.806 8408-8408/? I/ViewRootImpl@631b7d0[WebViewActivity]: ViewPostIme pointer 0
2022-08-01 09:52:26.807 8408-8408/? I/MSHandlerLifeCycle: isMultiSplitHandlerRequested: windowingMode=1 isFullscreen=true isPopOver=false isHidden=false skipActivityType=false isHandlerType=true this: DecorView@d7849d4[WebViewActivity]
2022-08-01 09:52:26.807 5107-5279/? D/PowerManagerService: UserActivityStateListenerState: 1
2022-08-01 09:52:26.830 8408-8408/? I/MSHandlerLifeCycle: isMultiSplitHandlerRequested: windowingMode=1 isFullscreen=true isPopOver=false isHidden=false skipActivityType=false isHandlerType=true this: DecorView@d7849d4[WebViewActivity]
2022-08-01 09:52:26.880 8408-8408/? I/MSHandlerLifeCycle: isMultiSplitHandlerRequested: windowingMode=1 isFullscreen=true isPopOver=false isHidden=false skipActivityType=false isHandlerType=true this: DecorView@d7849d4[WebViewActivity]
2022-08-01 09:52:26.897 8408-8408/? I/MSHandlerLifeCycle: isMultiSplitHandlerRequested: windowingMode=1 isFullscreen=true isPopOver=false isHidden=false skipActivityType=false isHandlerType=true this: DecorView@d7849d4[WebViewActivity]
2022-08-01 09:52:26.903 5107-5280/? D/InputReader: Btn_touch(4): value=0 when=144748.650412
2022-08-01 09:52:26.904 5107-5280/? I/InputReader: Touch event's action is 0x1 (id=3, t=0) [pCnt=1, s=] when=144748.650412
2022-08-01 09:52:26.904 5107-5279/? I/InputDispatcher: Delivering touch to (8408): action: 0x1, f=0x0, d=0, 'b7515b2', t=1 +(0,-110)
2022-08-01 09:52:26.905 8408-8408/? I/MSHandlerLifeCycle: isMultiSplitHandlerRequested: windowingMode=1 isFullscreen=true isPopOver=false isHidden=false skipActivityType=false isHandlerType=true this: DecorView@d7849d4[WebViewActivity]
2022-08-01 09:52:26.906 8408-8408/? I/ViewRootImpl@631b7d0[WebViewActivity]: ViewPostIme pointer 1
2022-08-01 09:52:26.906 8408-8408/? I/MSHandlerLifeCycle: isMultiSplitHandlerRequested: windowingMode=1 isFullscreen=true isPopOver=false isHidden=false skipActivityType=false isHandlerType=true this: DecorView@d7849d4[WebViewActivity]
2022-08-01 09:52:26.916 8408-8408/? D/InputMethodManager: startInputInner - Id : 0
2022-08-01 09:52:26.916 8408-8408/? I/InputMethodManager: startInputInner - mService.startInputOrWindowGainedFocus
2022-08-01 09:52:26.917 5107-7803/? D/InputMethodManagerService: mSecureKeypadEnabled = false
2022-08-01 09:52:26.918 5107-7803/? D/InputMethodManagerService: mDesktopModeManager null!
2022-08-01 09:52:26.918 5107-7803/? V/InputMethodManagerService: getDisplayIdOfInputMethodWindowToBeAdded : 0
2022-08-01 09:52:26.919 5107-7803/? D/InputMethodManagerService: checkDisplayOfStartInputAndUpdateKeyboard display Id 0last 0
2022-08-01 09:52:26.919 5107-7803/? D/InputTransport: Input channel constructed: 'ClientS', fd=837
2022-08-01 09:52:26.919 5107-7803/? D/InputTransport: Input channel destroyed: 'ClientS', fd=837
2022-08-01 09:52:26.920 8055-8055/? I/HBD: HoneyBoardService onFinishInput 
2022-08-01 09:52:26.923 8055-8055/? I/HBD: a IC have been unbinding,  InputConnectionWrapper{idHash=#8d8e34d mMissingMethods=}
2022-08-01 09:52:26.923 8055-8055/? I/HBD: HoneyBoardService [PF_CL][onFinishInput]  2404230 ns 
2022-08-01 09:52:26.926 8055-8055/? I/HBD: HoneyBoardService onCreateInlineSuggestionsRequest 
2022-08-01 09:52:26.942 8408-8408/? I/AssistStructure: Flattened final assist data: 4076 bytes, containing 1 windows, 13 views
2022-08-01 09:52:26.943 5107-6093/? D/ContentCapturePerUserService: Notified activity assist data for activity: Token{8b71d85 ActivityRecord{ad447da u0 com.telex.pttoc/net.intracomsystems.webrtc2.webView.WebViewActivity t93}} without a session Id
2022-08-01 09:52:26.946 7665-7665/? I/SS:ContentCaptureService: onActivitySnapshot()
2022-08-01 09:52:26.958 8408-8408/? D/InputMethodManager: startInputInner - Id : 0
2022-08-01 09:52:26.958 8408-8408/? I/InputMethodManager: startInputInner - mService.startInputOrWindowGainedFocus
2022-08-01 09:52:26.959 5107-6093/? D/InputMethodManagerService: mSecureKeypadEnabled = false
2022-08-01 09:52:26.960 5107-6093/? V/InputMethodManagerService: startInputOrWindowGainedFocusInternalLocked: reason=APP_CALLED_RESTART_INPUT_API clientState=1fe71b0 attribute=android.view.inputmethod.EditorInfo@1f731b4 startInputFlags=VIEW_HAS_FOCUS|IS_TEXT_EDITOR softInputMode=STATE_UNSPECIFIED|ADJUST_RESIZE windowFlags=#81810500 sameWindowFocused=true
2022-08-01 09:52:26.960 5107-6093/? D/InputMethodManagerService: mDesktopModeManager null!
2022-08-01 09:52:26.960 5107-6093/? V/InputMethodManagerService: getDisplayIdOfInputMethodWindowToBeAdded : 0
2022-08-01 09:52:26.961 5107-6093/? D/InputMethodManagerService: checkDisplayOfStartInputAndUpdateKeyboard display Id 0last 0
2022-08-01 09:52:26.961 5107-6093/? D/InputTransport: Input channel constructed: 'ClientS', fd=837
2022-08-01 09:52:26.961 5107-6093/? D/InputTransport: Input channel destroyed: 'ClientS', fd=837
2022-08-01 09:52:26.964 8408-8408/? I/IMM_LC: ssi() - flag : 0 view : com.telex.pttoc reason = SHOW_SOFT_INPUT
2022-08-01 09:52:26.964 8408-8408/? I/IMM_LC: ssi() view is not EditText
2022-08-01 09:52:26.967 5107-6093/? V/InputMethodManagerService: Client requesting input be shown, flags : 0
2022-08-01 09:52:26.967 5107-6093/? D/InputMethodManagerService: ACCESS_CONTROL_ENABLED = false, ACCESS_CONTROL_KEYBOARD_BLOCK = false
2022-08-01 09:52:26.967 5107-6093/? D/InputMethodManagerService: showCurrentInputLocked: mCurToken=android.os.Binder@585b2bf, showForced=false, showExplicitlyRequestedtrue
2022-08-01 09:52:26.967 5107-6093/? I/InputMethodManagerService: Calling com.android.internal.view.IInputMethod$Stub$Proxy@31b2d7d.showSoftInput(android.os.Binder@20dc152, 1, android.os.ResultReceiver@82e7c23) for reason: SHOW_SOFT_INPUT
2022-08-01 09:52:26.973 5107-6093/? D/InputMethodManagerService: bindCurrentInputMethodServiceLocked: caller=com.android.server.inputmethod.InputMethodManagerService.showCurrentInputLocked:3732 com.android.server.inputmethod.InputMethodManagerService.showSoftInput:3627 com.android.internal.view.IInputMethodManager$Stub.onTransact:448 com.android.server.inputmethod.InputMethodManagerService.onTransact:2135 android.os.Binder.execTransactInternal:1215 android.os.Binder.execTransact:1179 <bottom of call stack> <bottom of call stack> <bottom of call stack> <bottom of call stack> 
2022-08-01 09:52:26.977 5107-6093/? I/ActivityManager: Changes in 1010253 7 to 5, 0 to 8
2022-08-01 09:52:26.977 5107-6093/? I/ActivityManager: Changes in 10253 7 to 5, 0 to 15
2022-08-01 09:52:26.977 5107-6093/? I/AppOps: updateUidProcState uid: 10253 procState: 5 capability:15
2022-08-01 09:52:26.977 5107-6093/? I/AppOps: commitUidPendingStateLocked() :: UID - 10253, 600 > 500, 0 > 15
2022-08-01 09:52:26.979 5107-5149/? D/NetworkPolicy: onUidStateChanged() uid: 1010253, isForeground(true, 5)
2022-08-01 09:52:26.980 5107-5149/? D/NetworkPolicy: onUidStateChanged() uid: 10253, isForeground(true, 5)
2022-08-01 09:52:26.999 8055-8055/? I/HBD: HoneyBoardService [IMI] onStartInput - caller pid : 8408 , caller uid : 10389 
2022-08-01 09:52:26.999 8055-8055/? I/HBD: j updateConfigs 
2022-08-01 09:52:26.999 8055-8055/? I/HBD: j isEnabledNightMode : true 
2022-08-01 09:52:27.000 8055-8055/? I/HBD: a IC have been binding, InputConnectionWrapper{idHash=#8d8e34d mMissingMethods=} 
2022-08-01 09:52:27.000 8055-8055/? I/HBD: h [EditorInputType]setPrivateImeOptionsToTable privateImeOptions ( null )
2022-08-01 09:52:27.000 8055-8055/? I/HBD: b incognitoMode : false 
2022-08-01 09:52:27.000 8055-8055/? I/HBD: a needOff = true , isForceOff = false, isNullInputClass : true 
2022-08-01 09:52:27.001 8055-8055/? I/HBD: h getDefaultInputRange : UNKNOWN 
2022-08-01 09:52:27.001 8055-8055/? I/HBD: h getDefaultInputRange : UNKNOWN 
2022-08-01 09:52:27.001 8055-8055/? I/HBD: h getDefaultInputRange : UNKNOWN 
2022-08-01 09:52:27.002 5107-6093/? D/DARUtil: Device owner status not updated yet...
2022-08-01 09:52:27.002 5107-6093/? D/DARUtil: Not an enterprise user : 0
2022-08-01 09:52:27.002 5107-6093/? D/DARUtil: Device owner status not updated yet...
2022-08-01 09:52:27.002 5107-6093/? D/DARUtil: Not an enterprise user : 0
2022-08-01 09:52:27.003 8055-8055/? I/HBD: h getDefaultInputRange : UNKNOWN 
2022-08-01 09:52:27.004 8055-8055/? I/HBD: a currentState : 0 
2022-08-01 09:52:27.005 5107-5107/? D/CompatibilityChangeReporter: Compat change id reported: 135634846; UID 10142; state: DISABLED
2022-08-01 09:52:27.006 8055-8055/? I/HBD: h load selected json path : /data/user/0/com.samsung.android.honeyboard/files/selected.json 
2022-08-01 09:52:27.006 8055-8055/? I/HBD: h load selected json info : {"version":"1.0","currentLanguageOrder":0,"selected":[{"activeOptionList":["auto_replace","auto_spacing"],"engName":"English","id":65537,"inputType":"qwerty","isUsed":true}]} 
2022-08-01 09:52:27.006 5107-5107/? D/CompatibilityChangeReporter: Compat change id reported: 177438394; UID 10142; state: DISABLED
2022-08-01 09:52:27.006 5107-5107/? D/CompatibilityChangeReporter: Compat change id reported: 135772972; UID 10142; state: DISABLED
2022-08-01 09:52:27.007 5107-5107/? D/CompatibilityChangeReporter: Compat change id reported: 135754954; UID 10142; state: ENABLED
2022-08-01 09:52:27.008 5107-5163/? D/CompatibilityChangeReporter: Compat change id reported: 143937733; UID 10142; state: ENABLED
2022-08-01 09:52:27.011 8055-8055/? I/HBD: a [UpdatePolicy] [post] a: 0 cl: 65537 kit: [0/0] vt: 0 ir: 1 
2022-08-01 09:52:27.013 8055-8055/? I/HBD: HoneyBoardService [PF_OP][onStartInput]  14013539 ns 
2022-08-01 09:52:27.014 8055-8055/? I/HBD: HoneyBoardService onCreateInlineSuggestionsRequest 
2022-08-01 09:52:27.016 8055-8055/? I/HBD: HoneyBoardService onInlineSuggestionsResponse 
2022-08-01 09:52:27.019 8055-8055/? I/HBD: HoneyBoardService [IMI] onStartInput - caller pid : 8408 , caller uid : 10389 
2022-08-01 09:52:27.019 8055-8055/? I/HBD: j updateConfigs 
2022-08-01 09:52:27.020 8055-8055/? I/HBD: j isEnabledNightMode : true 
2022-08-01 09:52:27.020 8055-8055/? I/HBD: a IC have been binding, InputConnectionWrapper{idHash=#bb3684e mMissingMethods=} 
2022-08-01 09:52:27.021 8055-8055/? I/HBD: h [EditorInputType]setPrivateImeOptionsToTable privateImeOptions ( null )
2022-08-01 09:52:27.021 4697-4697/? D/Zygote: Forked child process 9426
2022-08-01 09:52:27.023 5107-5163/? I/ActivityManager: Start proc 9426:com.samsung.android.samsungpassautofill/u0a142 for service {com.samsung.android.samsungpassautofill/com.samsung.android.samsungpassautofill.AutofillServiceMain}
2022-08-01 09:52:27.025 8055-8055/? I/HBD: b incognitoMode : false 
2022-08-01 09:52:27.025 8055-8055/? I/HBD: a [CPS]isPredictionOnByLanguage :false, isForceOff : false, isPredictionOn : true , isOnPref : true 
2022-08-01 09:52:27.026 8055-8055/? I/HBD: h getDefaultInputRange : UNKNOWN 
2022-08-01 09:52:27.027 8055-8055/? I/HBD: h getDefaultInputRange : UNKNOWN 
2022-08-01 09:52:27.027 8055-8055/? I/HBD: h getDefaultInputRange : UNKNOWN 
2022-08-01 09:52:27.027 5107-6093/? D/DARUtil: Device owner status not updated yet...
2022-08-01 09:52:27.028 5107-6093/? D/DARUtil: Not an enterprise user : 0
2022-08-01 09:52:27.028 5107-6093/? D/DARUtil: Device owner status not updated yet...
2022-08-01 09:52:27.028 5107-6093/? D/DARUtil: Not an enterprise user : 0
2022-08-01 09:52:27.029 8055-8055/? I/HBD: h getDefaultInputRange : UNKNOWN 
2022-08-01 09:52:27.029 8055-8055/? I/HBD: a currentState : 0 
2022-08-01 09:52:27.030 8055-8055/? I/HBD: h load selected json path : /data/user/0/com.samsung.android.honeyboard/files/selected.json 
2022-08-01 09:52:27.030 8055-8055/? I/HBD: h load selected json info : {"version":"1.0","currentLanguageOrder":0,"selected":[{"activeOptionList":["auto_replace","auto_spacing"],"engName":"English","id":65537,"inputType":"qwerty","isUsed":true}]} 
2022-08-01 09:52:27.033 8055-8055/? I/HBD: a [UpdatePolicy] [post] a: 0 cl: 65537 kit: [0/0] vt: 0 ir: 1 
2022-08-01 09:52:27.034 8055-8055/? I/HBD: HoneyBoardService [PF_OP][onStartInput]  16991385 ns 
2022-08-01 09:52:27.035 8055-8055/? I/InputMethod: showSoftInput(), flags : 1
2022-08-01 09:52:27.036 5107-6093/? I/InputMethodManagerService: isAccessoryKeyboard 0
2022-08-01 09:52:27.036 8055-8055/? I/HBD: HoneyBoardService onEvaluateInputViewShown: true 
2022-08-01 09:52:27.042 8055-8055/? I/DecorView: notifyKeepScreenOnChanged: keepScreenOn=false
2022-08-01 09:52:27.051 8055-8055/? I/MSHandlerLifeCycle: isMultiSplitHandlerRequested: ignored. pkg=com.samsung.android.honeyboard isActivity=false callers=com.android.internal.policy.DecorView.hasMultiSplitHandlerInNonFreeformMode:890 com.android.internal.policy.DecorView.notifyKeepScreenOnChanged:884 android.view.ViewRootImpl.applyKeepScreenOnFlag:2914 android.view.ViewRootImpl.setLayoutParams:2077 android.view.WindowManagerGlobal.updateViewLayout:537 
2022-08-01 09:52:27.055 5107-6093/? I/InputMethodManagerService: isAccessoryKeyboard 0
2022-08-01 09:52:27.055 8055-8055/? I/HBD: HoneyBoardService onEvaluateInputViewShown: true 
2022-08-01 09:52:27.056 8055-8055/? I/HBD: HoneyBoardService onStartInputView : restarting = false, client = com.telex.pttoc 
2022-08-01 09:52:27.060 8055-9108/? I/SemDvfsHyPerManager: acquire hyper - SKBD_RE_ENTER_SHOW/8055@1, type = -999
2022-08-01 09:52:27.065 8055-8055/? I/HBD: h [EditorInputType]setPrivateImeOptionsToTable privateImeOptions ( null )
2022-08-01 09:52:27.065 8055-8055/? I/HBD: b incognitoMode : false 
2022-08-01 09:52:27.066 4754-4789/? I/HYPER-HAL: [RequestManager.cpp]acquire(): Acquired ID : 32453597  [8055 / 1]    HINT : KBD_APP_RE_ENTER_VIEW    list : [TIMEOUT / 400] 
2022-08-01 09:52:27.065 8055-8055/? I/HBD: h getDefaultInputRange : UNKNOWN 
2022-08-01 09:52:27.066 8055-8055/? I/HBD: h getDefaultInputRange : UNKNOWN 
2022-08-01 09:52:27.066 8055-8055/? I/HBD: h getDefaultInputRange : UNKNOWN 
