07-25 12:17:37.479 15066 15232 D KnoxHelper: getActivityList callingUserId: 0, target user: 0
07-25 12:17:37.482  2060  2232 I NearbySharing: Fast Initiation Scanning has stopped [CONTEXT service_id=194 ]
07-25 12:17:37.482  2060  2232 I NearbySharing: Dismissing HUN as there's no device nearby. [CONTEXT service_id=194 ]
07-25 12:17:37.483  2060  2232 I NearbySharing: Cancelling in use notification [CONTEXT service_id=194 ]
07-25 12:17:37.484 15066 15232 D KnoxHelper: getActivityList callingUserId: 0, target user: 0
07-25 12:17:37.487 15066 15232 D KnoxHelper: getActivityList callingUserId: 0, target user: 0
07-25 12:17:37.489 25387 25387 I PolicyManager: [#CMH#] onReceive action = EVENT_SCREEN_ON
07-25 12:17:37.490 25387 25518 I SystemBroadcastReceiver: [#CMH#] onReceive completed :  0
07-25 12:17:37.490 15066 15232 D KnoxHelper: getActivityList callingUserId: 0, target user: 0
07-25 12:17:37.491  6638  6776 D BtGatt.ScanManager: configureFilterParamter() : onFoundTimeout | onLostTimeout | onFoundCount | numOfTrackingEntries | scanFilterRssiThreshold | trackableScanFilterRssiThreshold | matchMode
07-25 12:17:37.491  6638  6776 D BtGatt.ScanManager: configureFilterParamter() : __________500__|________10000__|___________1__|___________________0__|___________________-128__|____________________________-128__|________1_
07-25 12:17:37.499  4809  4809 I SurfaceFlinger: SFWD update time=115361918894448
07-25 12:17:37.500  6638  6776 D BtGatt.ScanManager: configureFilterParamter() : onFoundTimeout | onLostTimeout | onFoundCount | numOfTrackingEntries | scanFilterRssiThreshold | trackableScanFilterRssiThreshold | matchMode
07-25 12:17:37.500  6638  6776 D BtGatt.ScanManager: configureFilterParamter() : __________500__|________10000__|___________1__|___________________0__|___________________-128__|____________________________-128__|________1_
07-25 12:17:37.506  5107  6626 I SemWifiApSmartBleScanner: Started scanning
07-25 12:17:37.506 14919 14971 I Finsky  : [2794] rqq.apply(12): SCH: Scheduling 1 system job(s)
07-25 12:17:37.506  5107  7764 D PackageManager: setEnabledSetting : userId = 0 packageName = com.google.android.apps.restore cmp = androidx.work.impl.background.systemjob.SystemJobService newState = 1 callingPackage = 10223/com.google.android.apps.restore
07-25 12:17:37.507  6638  6800 W bt_btm  : btm_ble_disable_resolving_list() rl_state = 0x0, rl_mask = 0x2, to_resume = 1
07-25 12:17:37.508  6638  6800 W bt_btm  : btm_ble_disable_resolving_list() rl_state = 0x0, rl_mask = 0x2, to_resume = 1
07-25 12:17:37.508  7869  7893 I c.android.sdhm: Background concurrent copying GC freed 163985(8719KB) AllocSpace objects, 22(440KB) LOS objects, 49% free, 8409KB/16MB, paused 396us,137us total 234.961ms
07-25 12:17:37.508  6638  6800 W bt_btm  : btm_ble_disable_resolving_list() rl_state = 0x0, rl_mask = 0x2, to_resume = 1
07-25 12:17:37.509  6638  6776 I BluetoothAdapter: STATE_BLE_ON
07-25 12:17:37.510  6638  6776 I BluetoothAdapter: appoCount is = 0 G/S = 3/3
07-25 12:17:37.511 16146 16146 I Restorebjc: com.google.android.apps.pixelmigrate.phenotype.sync.PhenotypeSyncImpl.sync:32 Start Sync
07-25 12:17:37.513  6638  6776 I BluetoothAdapter: STATE_BLE_ON
07-25 12:17:37.514  6638  6787 E BtGatt.GattService: [GSIM LOG]: gsimLogHandler, msg: MESSAGE_SCAN_START, appName: android.uid.system, scannerId: 5, reportDelayMillis=0
07-25 12:17:37.514  6638  6776 I BluetoothAdapter: appoCount is = 0 G/S = 3/3
07-25 12:17:37.514  6638  6776 I BluetoothAdapter: STATE_BLE_ON
07-25 12:17:37.514  6638  6776 I BluetoothAdapter: appoCount is = 0 G/S = 3/3
07-25 12:17:37.517 14919 14971 I Finsky  : [2794] rqq.apply(18): SCH: Scheduling system job Id: 9697, L: 38422258, D: 39322258, C: false, I: false, N: 0
07-25 12:17:37.518 15066 15232 D KnoxHelper: getActivityList callingUserId: 0, target user: 0
07-25 12:17:37.527 15066 15232 D KnoxHelper: getActivityList callingUserId: 0, target user: 0
07-25 12:17:37.529 27339 27395 I SystemBroadcastReceiver: [#CMH#] onReceive completed :  2
07-25 12:17:37.530 27339 27339 I PolicyManager: [#CMH#] onReceive action = EVENT_SCREEN_ON
07-25 12:17:37.531 15066 15232 D KnoxHelper: getActivityList callingUserId: 0, target user: 0
07-25 12:17:37.535 15066 15232 D KnoxHelper: getActivityList callingUserId: 0, target user: 10
07-25 12:17:37.535  6638  6776 D BtGatt.ScanManager: configureFilterParamter() : onFoundTimeout | onLostTimeout | onFoundCount | numOfTrackingEntries | scanFilterRssiThreshold | trackableScanFilterRssiThreshold | matchMode
07-25 12:17:37.535  6638  6776 D BtGatt.ScanManager: configureFilterParamter() : __________500__|________10000__|___________1__|___________________0__|___________________-128__|____________________________-128__|________1_
07-25 12:17:37.538  6638  6800 W bt_btm  : btm_ble_disable_resolving_list() rl_state = 0x0, rl_mask = 0x2, to_resume = 1
07-25 12:17:37.538 15066 15232 D KnoxHelper: getActivityList callingUserId: 0, target user: 10
07-25 12:17:37.538  6638  6800 W bt_btm  : btm_ble_disable_resolving_list() rl_state = 0x0, rl_mask = 0x2, to_resume = 1
07-25 12:17:37.540  2060  7882 I DiscoveryManager: Filter criteria(%urn:x-cast:com.google.cast.media) scannerFlags(0)
07-25 12:17:37.541 15066 15232 D KnoxHelper: getActivityList callingUserId: 0, target user: 0
07-25 12:17:37.543 15066 15232 D KnoxHelper: getActivityList callingUserId: 0, target user: 0
07-25 12:17:37.547 15066 15232 D KnoxHelper: getActivityList callingUserId: 0, target user: 0
07-25 12:17:37.549  2060  7882 W GuestModeDeviceProber: setFilterCriteria
07-25 12:17:37.551 15066 15232 D KnoxHelper: getActivityList callingUserId: 0, target user: 10
07-25 12:17:37.552 16146 16146 I PhenotypeBackgroundRecv: Skipping com.google.android.apps.restore which doesn't use ProcessStable flags.
07-25 12:17:37.561  5107  5992 I GenerationRegistry: mBackingStore.isClosed() : false
07-25 12:17:37.561  5107  7774 D CompatibilityChangeReporter: Compat change id reported: 177438394; UID 10241; state: DISABLED
07-25 12:17:37.561  5107  7774 D CompatibilityChangeReporter: Compat change id reported: 135772972; UID 10241; state: DISABLED
07-25 12:17:37.562  5107  7774 D CompatibilityChangeReporter: Compat change id reported: 135754954; UID 10241; state: ENABLED
07-25 12:17:37.569  5107  5163 D CompatibilityChangeReporter: Compat change id reported: 143937733; UID 10241; state: ENABLED
07-25 12:17:37.573 14919 15052 I Finsky  : [2825] rzb.a(16): SCH: job service finished with id 9690.
07-25 12:17:37.580  2060  2060 D BoundBrokerSvc: onBind: Intent { act=com.google.android.gms.mdns.service.START dat=chimera-action:com.google.android.gms.mdns.service.START cmp=com.google.android.gms/.chimera.MdnsPersistentBoundBrokerService }
07-25 12:17:37.580  2060  2060 D BoundBrokerSvc: Loading bound service for intent: Intent { act=com.google.android.gms.mdns.service.START dat=chimera-action:com.google.android.gms.mdns.service.START cmp=com.google.android.gms/.chimera.MdnsPersistentBoundBrokerService }
07-25 12:17:37.592  4697  4697 D Zygote  : Forked child process 16186
07-25 12:17:37.594  5107  5163 I ActivityManager: Start proc 16186:com.google.android.apps.docs/u0a241 for broadcast {com.google.android.apps.docs/com.google.android.libraries.phenotype.client.stable.PhenotypeUpdateBackgroundBroadcastReceiver}
07-25 12:17:37.595  2060 15180 I NearbyDiscovery: FastPairHandler: Received action android.intent.action.SCREEN_ON [CONTEXT service_id=49 ]
07-25 12:17:37.596  6034  6184 W QuickstepModelDelegate: handleUpdate targets : 9
07-25 12:17:37.614  5107  7714 V SamsungAlarmManager: setLocked to kernel - W:241228561 / NW:239564466, now=239542080
07-25 12:17:37.615  5107  7714 D SamsungAlarmManager: setInexact (T:2/F:0/AC:false) 20220725T121850 now=239542080 - CU:1000/CP:5107/L:ab9e35d:*job.deadline*
07-25 12:17:37.615  5107  7714 V SamsungAlarmManager: setLocked to kernel - W:239670166 / NW:239564466, now=239542081
07-25 12:17:37.617  2060 15180 I NearbyDiscovery: FastPairScanner: isScreenOn=true, scanWithScreenOff=false, isLocationEnabled=true, disableLocationRequirement=true, isDiscoveryScanningEnabled=true, during24GhzWifiWarmingUpPeriod=false [CONTEXT service_id=49 ]
07-25 12:17:37.619  5107  5107 D PowerManagerService: [PWL] sb release: PowerManagerService.Broadcasts
07-25 12:17:37.637  2060 16189 D ConnectivityManager: StackLog: [android.net.ConnectivityManager.sendRequestForNetwork(ConnectivityManager.java:4124)] [android.net.ConnectivityManager.sendRequestForNetwork(ConnectivityManager.java:4166)] [android.net.ConnectivityManager.registerNetworkCallback(ConnectivityManager.java:4548)] [android.net.ConnectivityManager.registerNetworkCallback(ConnectivityManager.java:4518)] [aqkl.a(:com.google.android.gms@222615044@22.26.15 (190400-461192076):2)] [aqma.<init>(:com.google.android.gms@222615044@22.26.15 (190400-461192076):2)] [aqmi.a(:com.google.android.gms@222615044@22.26.15 (190400-461192076):0)] [aqmi.i(:com.google.android.gms@222615044@22.26.15 (190400-461192076):16)] [aqkt.c(:com.google.android.gms@222615044@22.26.15 (190400-461192076):3)] [aqll.f(:com.google.android.gms@222615044@22.26.15 (190400-461192076):0)] [antj.en(:com.google.android.gms@222615044@22.26.15 (190400-461192076):1)] [ahjx.run(:com.google.android.gms@222615044@22.26.15 (190400-461192076):12)] [cfvf.run(:com.google.android.gms@222615044@22.26.15 (190400-461192076):2)] [xot.c(:com.google.android.gms@222615044@22.26.15 (190400-461192076):6)] [xot.run(:com.google.android.gms@222615044@22.26.15 (190400-461192076):7)] [java.util.concurrent.ThreadPoolExecutor.runWorker(ThreadPoolExecutor.java:1167)] [java.util.concurrent.ThreadPoolExecutor$Worker.run(ThreadPoolExecutor.java:641)] [xty.run(:com.google.android.gms@222615044@22.26.15 (190400-461192076):0)] [java.lang.Thread.run(Thread.java:920)]
07-25 12:17:37.649  5107  5315 D ConnectivityService: NetworkReassignment : no changes
07-25 12:17:37.664  2060 15180 I BluetoothAdapter: STATE_BLE_ON
07-25 12:17:37.665  2060 15180 I BluetoothAdapter: appoCount is = 0
07-25 12:17:37.667  2060  2060 D BoundBrokerSvc: onRebind: Intent { act=com.google.android.gms.clearcut.bootcount.service.START dat=chimera-action:com.google.android.gms.clearcut.bootcount.service.START cmp=com.google.android.gms/.chimera.PersistentBoundBrokerService }
07-25 12:17:37.668  2060 15180 I NearbyDiscovery: FastPairScanner: eventType=SCREEN_ON, intReq=false, scanning=false, scanAllowed=true, bleEnabled=false, bleScanAvailable=false, lockScanRate=false [CONTEXT service_id=49 ]
07-25 12:17:37.668  2060 15180 I NearbyDiscovery: FastPairScanner: BLE not available, eventType=SCREEN_ON [CONTEXT service_id=49 ]
07-25 12:17:37.670  5107  7764 I WifiService: acquireMulticastLock uid=10219
07-25 12:17:37.671 16186 16186 E droid.apps.doc: Not starting debugger since process cannot load the jdwp agent.
07-25 12:17:37.680 16186 16186 E USNET   : USNET: appName: com.google.android.apps.docs
07-25 12:17:37.685 16186 16186 D ProcessState: Binder ioctl to enable oneway spam detection failed: Invalid argument
07-25 12:17:37.691 16186 16186 D ActivityThread: setConscryptValidator
07-25 12:17:37.691 16186 16186 D ActivityThread: setConscryptValidator - put
07-25 12:17:37.699  5107  7714 I ActivityManager: DSS OFF for com.google.android.apps.docs
07-25 12:17:37.705  5107  7714 D ActivityManager: attachApplicationLocked() app=ProcessRecord{1398dbc 16186:com.google.android.apps.docs/u0a241} app.isolatedEntryPoint=null instr2=null
07-25 12:17:37.707  6034  6034 W SuggestedAppsViewImpl: pending predictedApps : 9, alpha: 0.0, overview: false
07-25 12:17:37.713  5107  5149 D NetworkPolicy: onUidStateChanged() uid: 10241, isForeground(false, 11)
07-25 12:17:37.714 16186 16186 D ActivityThread: handleBindApplication()++ app=com.google.android.apps.docs
07-25 12:17:37.717 16186 16186 D CompatibilityChangeReporter: Compat change id reported: 171979766; UID 10241; state: ENABLED
07-25 12:17:37.721 16146 16178 D CompatibilityChangeReporter: Compat change id reported: 160794467; UID 10223; state: ENABLED
07-25 12:17:37.770  5107  7764 I ActivityManager: Changes in 10219 5 to 5, 8 to 15
07-25 12:17:37.770  5107  7764 I AppOps  : updateUidProcState uid: 10219 procState: 5 capability:15
07-25 12:17:37.770  5107  7764 I AppOps  : commitUidPendingStateLocked() :: UID - 10219, 500 > 500, 8 > 15
07-25 12:17:37.770  5107  5149 D NetworkPolicy: onUidStateChanged() uid: 10219, isForeground(true, 5)
07-25 12:17:37.809  5107  5149 V WindowManager: rotationForOrientation(orient=SCREEN_ORIENTATION_NOSENSOR (5), last=ROTATION_0 (0)); user=ROTATION_0 (0) 
07-25 12:17:37.809  5107  5149 D WindowManager: rotationForOrientation, orientationSource=Window{30abd89 u0 NotificationShade}
07-25 12:17:37.809  5107  5149 V WindowManager: Computed rotation=ROTATION_0 (0) for display id=0 based on lastOrientation=SCREEN_ORIENTATION_NOSENSOR (5) and oldRotation=ROTATION_0 (0), caller=com.android.server.wm.DisplayContent.updateRotationUnchecked:2332 com.android.server.wm.WindowManagerService.updateRotationUnchecked:4514 com.android.server.wm.WindowManagerService.updateRotation:4495 com.android.server.wm.DisplayRotation$OrientationListener$UpdateRunnable.run:1834 android.os.Handler.handleCallback:938 android.os.Handler.dispatchMessage:99 
07-25 12:17:37.863  3512  3512 D BoundBrokerSvc: onUnbind: Intent { act=com.google.android.gms.mdisync.service.START pkg=com.google.android.gms cmp=com.google.android.gms/.chimera.GmsApiService }
07-25 12:17:37.899  2060 16108 I DeviceScanner: [MDNS] Received response from "Den TV" (87e727c6860edda585d0f666132a10ee) with result "1 New device"
07-25 12:17:37.912 16186 16186 W droid.apps.doc: Entry not found
07-25 12:17:37.915  5107  5280 D InputReader: Btn_touch(4): value=1 when=115362.334268
07-25 12:17:37.915  5107  5280 I InputReader: Touch event's action is 0x0 (id=3, t=0) [pCnt=1, s=0.398 ] when=115362.334268
07-25 12:17:37.915  5107  5279 I InputDispatcher: Delivering touch to (5468): action: 0x0, f=0x0, d=0, '30abd89', t=1 
07-25 12:17:37.916  5468  5468 I ViewRootImpl@110be77[NotificationShade]: ViewPostIme pointer 0
07-25 12:17:37.917  5468  5468 V PanelView: PanelView.dispatchTouchEvent()
07-25 12:17:37.918 16186 16186 W droid.apps.doc: Entry not found
07-25 12:17:37.918  5468  5468 I DymLock|DynamicLockContainer: isTouchOnItemViewArea() false
07-25 12:17:37.920  5468  5468 D BaseAnimator: mNonSwipeMode: 0x00000001
07-25 12:17:37.920  5468  5468 D KeyguardTouchDymLockInjector: initDynamicLock mIsDynamicLockEnabled: true
07-25 12:17:37.920  5468  5468 D KeyguardTouchDymLockInjector: mNonSwipeMode: 0x00000001
07-25 12:17:37.922 16186 16186 W droid.apps.doc: Entry not found
07-25 12:17:37.929 16186 16186 W droid.apps.doc: JIT profile information will not be recorded: profile file does not exist.
07-25 12:17:37.930 16186 16186 W droid.apps.doc: JIT profile information will not be recorded: profile file does not exist.
07-25 12:17:37.930 16186 16186 W droid.apps.doc: JIT profile information will not be recorded: profile file does not exist.
07-25 12:17:37.953 16186 16186 V GraphicsEnvironment: ANGLE Developer option for 'com.google.android.apps.docs' set to: 'default'
07-25 12:17:37.953 16186 16186 V GraphicsEnvironment: Neither updatable production driver nor prerelease driver is supported.
07-25 12:17:37.956 16186 16186 D LoadedApk: LoadedApk::makeApplication() appContext.mOpPackageName=com.google.android.apps.docs appContext.mBasePackageName=com.google.android.apps.docs
07-25 12:17:37.956 16186 16186 D NetworkSecurityConfig: Using Network Security Config from resource network_security_config debugBuild: false
07-25 12:17:37.971 16186 16186 D NetworkSecurityConfig: Using Network Security Config from resource network_security_config debugBuild: false
07-25 12:17:38.030 16186 16186 D ActivityThread: handleBindApplication() --
07-25 12:17:38.034  5468  5468 I DymLock|BaseLockContainer: isIntercepting() false
07-25 12:17:38.048 16186 16215 W droid.apps.doc: Accessing hidden field Ljava/util/Collections$SynchronizedCollection;->mutex:Ljava/lang/Object; (max-target-o, reflection, denied)
07-25 12:17:38.050 16186 16215 W droid.apps.doc: Accessing hidden method Ljava/util/Collections$SynchronizedSet;-><init>(Ljava/util/Set;Ljava/lang/Object;)V (max-target-o, reflection, denied)
07-25 12:17:38.050 16186 16215 W droid.apps.doc: Accessing hidden method Ljava/util/Collections$SynchronizedCollection;-><init>(Ljava/util/Collection;Ljava/lang/Object;)V (max-target-o, reflection, denied)
07-25 12:17:38.064  5107  5280 D InputReader: Btn_touch(4): value=0 when=115362.483561
07-25 12:17:38.064  5107  5280 I InputReader: Touch event's action is 0x1 (id=3, t=0) [pCnt=1, s=] when=115362.483561
07-25 12:17:38.064  5107  5279 I InputDispatcher: Delivering touch to (5468): action: 0x1, f=0x0, d=0, '30abd89', t=1 
07-25 12:17:38.065  5107  5107 I SemDvfsHyPerManager: acquire hyper - GESTURE_DETECTED_HRR/5107@28, type = -999
07-25 12:17:38.066  5468  5468 I ViewRootImpl@110be77[NotificationShade]: ViewPostIme pointer 1
07-25 12:17:38.066  4754  4789 I HYPER-HAL: [RequestManager.cpp]acquire(): Acquired ID : 13186708  [5107 / 28]    HINT : GESTURE_DETECTED_HRR    list : [TIMEOUT / 2121] 
07-25 12:17:38.067  5468  5468 D StatusBarOneClickJumpCallScreenManager_NotificationPanelView: (ACTION_UP) no jump to callscreen no ColorfulIndicator
07-25 12:17:38.067  5468  5468 I DymLock|BaseAnimator: up: SWIPE, mDistance[680.077201] mSwipeUnlockRadius[540] mIsMultiTouch[false] isAnimationRunning[false] mIsFullScreenModeEnabled[false] grayZone[false] mTouchSlop[21]
07-25 12:17:38.066  5107  5332 D DeviceStorageMonitorService: check() STORAGE TOTAL <= 64G
07-25 12:17:38.067  5107  5107 I SemDvfsHyPerManager: acquire hyper - SMOOTH_SCROLL/5107@18, type = -999
07-25 12:17:38.067  5107  5107 I SemDvfsHyPerManager: acquire hyper - GESTURE_DETECTED_HRR/5107@28, type = -999
07-25 12:17:38.067  5468  5468 I DymLock|DynamicLockContainer: onNonSwipeEnded() UNLOCKED
07-25 12:17:38.068  4754  4789 I HYPER-HAL: [RequestManager.cpp]acquire(): Acquired ID : 13135393  [5107 / 18]    HINT : SMOOTH_SCROLL    list : 
07-25 12:17:38.068  5468  5468 D KeyguardTouchAnimator: onTouchEvent event=1 distance=680.96326
07-25 12:17:38.068  5468  5468 D KeyguardTouchAnimator: onTouchEvent T=21, D=680.96326, R=540, W=SWIPE
07-25 12:17:38.068  5107  7764 D PowerManagerService: [api] userActivity : event: 0 flags: 0 (uid: 10064 pid: 5468) eventTime = 115362487 displayId = 0
07-25 12:17:38.069  4754  4789 I HYPER-HAL: [RequestManager.cpp]acquire(): Acquired ID : 13186708  [5107 / 28]    HINT : GESTURE_DETECTED_HRR    list : [TIMEOUT / 2121] 
07-25 12:17:38.069  5468  5468 I KeyguardTouchBase: unlockExecute()
07-25 12:17:38.069  4754  4789 I HYPER-HAL: [RequestManager.cpp]releaseLocked(): Released ID : 13135393
07-25 12:17:38.070  5468  5468 I StatusBar: makeExpandedInvisible: mExpandedVisible=true mExpandedVisible=true
07-25 12:17:38.070  5107  5332 W DeviceStorageMonitorService: updateBroadcasts(/data) oldLevel:0, newLevel:0, seq:1
07-25 12:17:38.073  5468  5468 D KeyguardRectangleAffordanceView: reset right:false
07-25 12:17:38.073  5107  5332 D DeviceStorageMonitorService: Available File Node Number is [13355759]
07-25 12:17:38.073  5468  5468 D KeyguardRectangleAffordanceView: reset right:true
07-25 12:17:38.074  5107  5332 W DeviceStorageMonitorService: updateBroadcasts_filenode(/data) fn_oldLevel:0, fn_newLevel:0, seq:1
07-25 12:17:38.074  5468  5468 V SecQSFragmentAnimatorBase: setQsExpanded false
07-25 12:17:38.075  5468  5468 D MultiSIMPreferredSlotBar: setExpanded : false mShowing : false
07-25 12:17:38.075  5468  5468 D MultiSIMController: unRegisterSimCardManagerCallback : mSimCardManagerService is null 
07-25 12:17:38.077  5468  5468 V SecQSFragmentAnimatorBase: setQsExpanded false
07-25 12:17:38.077  5468  5468 D MultiSIMPreferredSlotBar: setExpanded : false mShowing : false
07-25 12:17:38.077  5468  5468 D MultiSIMController: unRegisterSimCardManagerCallback : mSimCardManagerService is null 
07-25 12:17:38.077  5468  5468 D MultiSIMPreferredSlotBar: setExpanded : false mShowing : false
07-25 12:17:38.077  5468  5468 D MultiSIMController: unRegisterSimCardManagerCallback : mSimCardManagerService is null 
07-25 12:17:38.077  5468  5468 D QS      : setQSExpansion 0.0 -595.0
07-25 12:17:38.079  5468  5468 V BlurredCaptureStorage: CaptureBlurView alpha : 0.0
07-25 12:17:38.079  5468  5468 D KeyguardTouchAnimator: reset unlockExecuted=true
07-25 12:17:38.079  5468  5468 D KeyguardTouchDymLockInjector: resetDynamicLock mIsDynamicLockEnabled: true
07-25 12:17:38.079  5468  5468 V PanelView: com.android.systemui:id/notification_panel: setExpandedHeight(0.0)
07-25 12:17:38.081  5468  5468 I FaceWidgetPositionAlgorithm: run() clockX = 0, clockY = 507, clockAlpha = 1.0, stackScrollerPadding(expand=false) = 840, centerAlignClockType = true, iconTypeTranslationY = 819, position List = [Point(0, 507), Point(0, 840)], clockContainerHeight = 333, mediaContainerHeight = 0, diffMarginBetweenDetailAndNIO = -21
07-25 12:17:38.084  5468  5468 D QS      : setQSExpansion 0.0 -595.0
07-25 12:17:38.092  5468  5468 D PrivacyDotViewController: scheduleUpdate: 
07-25 12:17:38.092  5468  6699 D PrivacyDotViewController: processNextViewState: 
07-25 12:17:38.092  5468  6699 D PrivacyDotViewController: resolveState ViewState(viewInitialized=true, havingInset=false, isEdgeActive=false, dotTopMargin=80, systemPrivacyEventIsActive=false, shadeExpanded=false, qsExpanded=false, portraitRect=Rect(134, 0 - 1069, 110), landscapeRect=Rect(110, 0 - 2329, 63), upsideDownRect=Rect(0, 0 - 1069, 110), seascapeRect=Rect(0, 0 - 2230, 63), layoutRtl=false, rotation=0, height=110, cornerIndex=1, designatedCorner=android.widget.FrameLayout{dc858c2 I.E...... ......ID 1033,80-1044,190 #7f0b067a app:id/privacy_dot_right_container})
07-25 12:17:38.093  5468  6699 D PrivacyDotViewController: resolveState: skipping
07-25 12:17:38.095  5468  5468 V SecQSFragmentAnimatorBase: updatePanelExpanded false
07-25 12:17:38.095  5468  5468 V BlurredCaptureStorage: CaptureBlurView alpha : 0.0
07-25 12:17:38.096  5468  5468 D PhoneStatusBarView: shouldPanelBeVisible false / headUpVisible=false, why=0
07-25 12:17:38.099  5468  5468 V PanelBar: go state: 2 -> 0
07-25 12:17:38.099  5468  5468 D PanelBar: go state: 2 -> 0, tracking=false, expanded=false, fraction=0.000000
07-25 12:17:38.099  5468  5468 V PanelBar: onPanelCollapsed
07-25 12:17:38.102  6034  7690 I TouchInteractionService: onSystemUiStateChanged, stateFlags : 450
07-25 12:17:38.102  2060 16108 I CastSocketMultiplexer: Stopping multiplexer...
07-25 12:17:38.105  6034  6034 I TouchInteractionService: onSystemUiFlagsChanged, userUnlocked
07-25 12:17:38.105  5468  5468 V PanelBar: collapsePanel: animate=false waiting=false
07-25 12:17:38.105  5468  5468 D QS      : setQSExpansion 0.0 -595.0
07-25 12:17:38.107  5468  5468 V BlurredCaptureStorage: CaptureBlurView alpha : 0.0
07-25 12:17:38.110  5468  5468 D KeyguardSecSecurityView: showNextSecurityScreenOrFinish(false)
07-25 12:17:38.111  5468  5468 D KeyguardViewMediator: adjustStatusBarLocked: no need to update flags=0x1200000 / showHomeOverLock=true
07-25 12:17:38.117  6034  7690 I TouchInteractionService: onSystemUiStateChanged, stateFlags : 458
07-25 12:17:38.117  6034  6034 I TouchInteractionService: onSystemUiFlagsChanged, userUnlocked
07-25 12:17:38.117  5468  5468 D StatusBar: disable<e i a s b H R c s k t > disable2<q i n >
07-25 12:17:38.118  5468  5468 D StatusBar: disable<e i a s b H R c s k t > disable2<q i n >
07-25 12:17:38.119  5468  5468 D ScrimController: State changed to BOUNCER_SCRIMMED, blankScreen=false, animation=220
07-25 12:17:38.120  5468  5468 D KeyguardUpdateMonitor: sendKeyguardBouncerChanged(true)
07-25 12:17:38.120  5468  5468 D KeyguardUpdateMonitor: sendKeyguardStateUpdated(true, false, true)
07-25 12:17:38.120  5468  5687 D KeyguardUpdateMonitor: broadcast intent= Intent { act=com.samsung.keyguard.KEYGUARD_STATE_UPDATE (has extras) }
07-25 12:17:38.121  5468  5468 D StatusBar: disable<e i a s b H R c s k t > disable2<q i n >
07-25 12:17:38.122  5107  5107 D SGM:GameManager: com.samsung.keyguard.KEYGUARD_STATE. check for pause
07-25 12:17:38.122  5468  5468 D KeyguardTouchDymLockInjector: resetDynamicLock mIsDynamicLockEnabled: false
07-25 12:17:38.122  5107  5289 D SGM:GameManager: onLooperPrepared(), msg: MSG_KEY_GUARD_LOCKED
07-25 12:17:38.122  5107  5289 D SGM:GameManager: sendFocusOutConditionally() - mPrevNotiPkg: (unknown), userId: 0
07-25 12:17:38.122  5468  5468 D KeyguardWallpaperController: applyBlurInternal: amount = 75
07-25 12:17:38.126  5107  7764 V WindowManager: Relayout Window{30abd89 u0 NotificationShade}: viewVisibility=0 req=1080x2340 d0
07-25 12:17:38.128  5107  5151 D PowerManagerService: [api] setUserActivityTimeoutOverrideFromWindowManagerInternal: timeoutMillis: 10000
07-25 12:17:38.128  5107  5151 D PowerManagerService: getScreenOffTimeoutLocked: 5000 -> 10000
07-25 12:17:38.133  5107  7764 V WindowManager: Relayout hash=30abd89, pid=5468: mAttrs={(0,0)(fillxfill) gr=TOP CENTER_VERTICAL sim={adjust=resize} layoutInDisplayCutoutMode=always ty=2040 fmt=TRANSLUCENT or=SCREEN_ORIENTATION_NOSENSOR if=DISABLE_USER_ACTIVITY userActivityTimeout=10000
07-25 12:17:38.133  5107  7764 V WindowManager:   fl=81860040
07-25 12:17:38.133  5107  7764 V WindowManager:   pfl=1a800000
07-25 12:17:38.133  5107  7764 V WindowManager:   bhv=SHOW_TRANSIENT_BARS_BY_SWIPE screenDimDuration=0 naviIconColor=0
07-25 12:17:38.133  5107  7764 V WindowManager:   sfl=42000}
07-25 12:17:38.135  5468  5468 I ViewRootImpl@110be77[NotificationShade]: Relayout returned: old=(0,0,1080,2340) new=(0,0,1080,2340) req=(1080,2340)0 dur=10 res=0x1 s={true 517903777792} ch=false fn=43
07-25 12:17:38.136  5468  5468 D IndicatorGardenInputProperty: updateRotation() prv:-1 >> new:0
07-25 12:17:38.136  5468  5468 D DeviceState: getDeviceResolutionPixelSize - currentDensity = 420 deviceDensity = 420 initialDisplaySizeFactor = 1080 currentDisplaySizeFactor = 1080 initialDisplayDensity = 420 proportionalDensity = 420 proportionalPixel = 58
07-25 12:17:38.136  5468  5468 D DeviceState: getDeviceResolutionPixelSize - currentDensity = 420 deviceDensity = 420 initialDisplaySizeFactor = 1080 currentDisplaySizeFactor = 1080 initialDisplayDensity = 420 proportionalDensity = 420 proportionalPixel = 29
07-25 12:17:38.136  5468  5468 D DeviceState: getDeviceResolutionPixelSize - currentDensity = 420 deviceDensity = 420 initialDisplaySizeFactor = 1080 currentDisplaySizeFactor = 1080 initialDisplayDensity = 420 proportionalDensity = 420 proportionalPixel = 34
07-25 12:17:38.138  5468  5468 I FaceWidgetPositionAlgorithm: run() clockX = 0, clockY = 507, clockAlpha = -1.0, stackScrollerPadding(expand=false) = 840, centerAlignClockType = true, iconTypeTranslationY = 819, position List = [Point(0, 507), Point(0, 840)], clockContainerHeight = 333, mediaContainerHeight = 0, diffMarginBetweenDetailAndNIO = -21
07-25 12:17:38.138  5468  5468 D QS      : setQSExpansion 0.0 -595.0
07-25 12:17:38.140  5468  5468 V BlurredCaptureStorage: CaptureBlurView alpha : 0.0
07-25 12:17:38.140  5468  5468 D QS      : setQSExpansion 0.0 -595.0
07-25 12:17:38.145  5468  5468 D ScrimController: updateScrimColor main=0xff000000 front=0xff000000(0.000000) noti=0xff000000(0.000000) behind=0xff000000(0.000000) bubble=0xff000000(0.000000) vis=0
07-25 12:17:38.147  5468  5468 I StatusBar: makeExpandedInvisible: mExpandedVisible=false mExpandedVisible=false
07-25 12:17:38.148  5468  5468 D StatusBar: makeExpandedInvisible: mExpandedVisible=false ,mNotificationShadeWindowView=com.android.systemui.statusbar.phone.NotificationShadeWindowView{ff13117 V.E...... ........ 0,0-1080,2340}
07-25 12:17:38.148  5468  5468 D KeyguardUpdateMonitor: handleKeyguardBouncerChanged(1)
07-25 12:17:38.149  5468  5468 D KeyguardWallpaperEventHandler: onKeyguardBouncerChanged(), bouncer: true
07-25 12:17:38.149  5468  5468 D KeyguardWallpaperEventHandler: sendMessage(), what = 724 , obj = true , arg1 = -1 , arg2 = -1
07-25 12:17:38.149  5468  5468 D KeyguardPunchHoleVIView: onKeyguardBouncerChanged
07-25 12:17:38.149  5468  5468 D KeyguardPunchHoleVIView: stopVI() - return, animation is not playing
07-25 12:17:38.150  5468  5468 I FaceWidgetWindowManager: onKeyguardBouncerChanged() bouncer = true
07-25 12:17:38.150  5468  5468 I FaceWidgetWindowManager: removeAllViews
07-25 12:17:38.164  5107  7764 I Telecom:SamsungTelecomServiceImpl: isInCall - callingPackage : com.android.systemui
07-25 12:17:38.175  5468  5468 D KeyguardPunchHoleVIView_Bouncer: onKeyguardBouncerChanged
07-25 12:17:38.176  5468  5468 D KeyguardPunchHoleVIView_Bouncer: startVI() - return, face recognition is stopped
07-25 12:17:38.176  5468  5468 D KeyguardUpdateMonitor: updateBiometricListeningState()
07-25 12:17:38.176  5468  5468 D SystemUIAnalytics: sendEventLog , , 1
07-25 12:17:38.177  5468  5468 I KeyguardSecPinBasedInputView: onVisibilityChanged() Visibility : 0
07-25 12:17:38.182  5468  5468 D KeyguardViewBase: screen on, instance 9d260a9
07-25 12:17:38.183  5468  9298 D SamsungAnalytics605033: SendLog Result = 0
07-25 12:17:38.188  5468  5468 D KeyguardUpdateMonitor: getRemainingAttempt type : 0, failedAttempts : 0, remainingAttempts : -1
07-25 12:17:38.190  5468  5468 D KeyguardSecPinViewController: displayDefaultSecurityMessage( Enter PIN )
07-25 12:17:38.190  5468  5468 D SystemUITextView: updateStyle() flag=0,200 : com.android.keyguard.KeyguardMessageArea{776105a VFED.V... ......ID 0,0-954,70 #7f0b040a app:id/keyguard_message_area}
07-25 12:17:38.191  5468  5468 D SFText  : clearAllTextEffect
07-25 12:17:38.194  5107  7714 D DARUtil : Device owner status not updated yet...
07-25 12:17:38.194  5107  7714 D DARUtil : Not an enterprise user : 0
07-25 12:17:38.194  5107  7714 D DARUtil : Device owner status not updated yet...
07-25 12:17:38.194  5107  7714 D DARUtil : Not an enterprise user : 0
07-25 12:17:38.199  5468  5468 D KeyguardUpdateMonitor: getRemainingAttempt type : 0, failedAttempts : 0, remainingAttempts : -1
07-25 12:17:38.202  5468  5468 W KeyguardSecurityViewFlipper: onMeasure: widthSpec MeasureSpec: EXACTLY 1080 should be AT_MOST
07-25 12:17:38.203  5468  5468 W KeyguardSecurityViewFlipper: onMeasure: widthSpec MeasureSpec: EXACTLY 1080 should be AT_MOST
07-25 12:17:38.203  5468  5468 W KeyguardSecurityViewFlipper: onMeasure: heightSpec MeasureSpec: EXACTLY 2214 should be AT_MOST
07-25 12:17:38.211  5468  5468 D KeyguardViewMediator: handleMessage 8
07-25 12:17:38.211  5468  5468 D KeyguardViewMediator: handleKeyguardDoneDrawing
07-25 12:17:38.217  5468  5468 D ScrimController: updateScrimColor main=0xff000000 front=0xff000000(0.044572) noti=0xff000000(0.000000) behind=0xff000000(0.000000) bubble=0xff000000(0.000000) vis=1
07-25 12:17:38.278  5107  7764 D SyncManager: userId - 0 auto - true
07-25 12:17:38.315 16186 16214 W OneGoogleAccountLoader: [RxCachedThreadScheduler-1] fetchAndroidAccounts using AccountsCentral.
07-25 12:17:38.324 16186 16214 W OneGoogleAccountLoader: [RxCachedThreadScheduler-1] fetchAndroidAccounts completed.
07-25 12:17:38.326 16186 16230 W OneGoogleAccountLoader: [RxCachedThreadScheduler-4] Prepopulate model with accounts from the Android system
07-25 12:17:38.328 16186 16234 W OneGoogleAccountLoader: [RxCachedThreadScheduler-6] fetchAndroidAccounts using AccountsCentral.
07-25 12:17:38.336 16186 16234 W OneGoogleAccountLoader: [RxCachedThreadScheduler-6] fetchAndroidAccounts completed.
07-25 12:17:38.338  5107  7764 D PackageManager: setEnabledSetting : userId = 0 packageName = com.google.android.apps.docs cmp = com.google.android.apps.docs.drive.filepicker.GetMetadataActivity newState = 1 callingPackage = 10241/com.google.android.apps.docs
07-25 12:17:38.365 16186 16233 W CacheStorage: cache doesn't exist
07-25 12:17:38.433  5468  5468 D ScrimController: onAnimationEnd front_scrim
07-25 12:17:38.433  5468  5468 D ScrimController: updateScrimColor main=0xff000000 front=0xff000000(0.300000) noti=0xff000000(0.000000) behind=0xff000000(0.000000) bubble=0xff000000(0.000000) vis=1
07-25 12:17:38.438  5468  5468 D InsetsSourceConsumer: setRequestedVisible: visible=true, type=21, host=NotificationShade, from=android.view.InsetsSourceConsumer.show:235 android.view.InsetsController.collectSourceControls:1208 android.view.InsetsController.controlAnimationUnchecked:1077 android.view.InsetsController.applyAnimation:1456 android.view.InsetsController.applyAnimation:1437 android.view.InsetsController.show:976 android.view.InsetsController.show:917 com.android.systemui.statusbar.phone.StatusBarKeyguardViewManager$8.run:1197 android.view.Choreographer$CallbackRecord.run:1108 android.view.Choreographer.doCallbacks:866 
07-25 12:17:38.439  5468  5468 D InsetsSourceConsumer: setRequestedVisible: visible=true, type=1, host=NotificationShade, from=android.view.InsetsSourceConsumer.show:235 android.view.InsetsController.showDirectly:1489 android.view.InsetsController.controlAnimationUnchecked:1137 android.view.InsetsController.applyAnimation:1456 android.view.InsetsController.applyAnimation:1437 android.view.InsetsController.show:976 android.view.InsetsController.show:917 com.android.systemui.statusbar.phone.StatusBarKeyguardViewManager$8.run:1197 android.view.Choreographer$CallbackRecord.run:1108 android.view.Choreographer.doCallbacks:866 
07-25 12:17:38.443  5107  7714 I GenerationRegistry: mBackingStore.isClosed() : false
07-25 12:17:38.450  5468  5468 D KeyguardBottomAreaShortcutView: updateCameraVisibility isCameraDisabled:false visible:true
07-25 12:17:38.450  5468  5468 D KeyguardBottomAreaShortcutView: mIndicationArea margin start : 163, end : 163, bottom : 150
07-25 12:17:38.451  5468  5468 D DeviceState: getDeviceResolutionPixelSize - currentDensity = 420 deviceDensity = 420 initialDisplaySizeFactor = 1080 currentDisplaySizeFactor = 1080 initialDisplayDensity = 420 proportionalDensity = 420 proportionalPixel = 34
07-25 12:17:38.454  5107  7764 D InsetsSourceProvider: updateVisibility: serverVisible=true, clientVisible=true, source=InsetsSource: {mType=ITYPE_NAVIGATION_BAR, mFrame=[0,2214][1080,2340], mVisible=true, mWindowFrame=[0,2214][1080,2340]}, controlTarget=Window{30abd89 u0 NotificationShade}, from=com.android.server.wm.InsetsSourceProvider.setClientVisible:428 com.android.server.wm.InsetsSourceProvider.updateClientVisibility:413 com.android.server.wm.InsetsStateController.onInsetsModified:508 com.android.server.wm.InsetsPolicy.onInsetsModified:510 com.android.server.wm.Session.insetsModified:704 android.view.IWindowSession$Stub.onTransact:1256 com.android.server.wm.Session.onTransact:176 android.os.Binder.execTransactInternal:1220 android.os.Binder.execTransact:1179 <bottom of call stack> 
07-25 12:17:38.455  5468  5468 D QS      : setQSExpansion 0.0 -595.0
07-25 12:17:38.456  5468  5468 V BlurredCaptureStorage: CaptureBlurView alpha : 0.0
07-25 12:17:38.457  5468  5468 D QS      : setQSExpansion 0.0 -595.0
07-25 12:17:38.462  5468  5468 D IndicatorGardenInputProperty: updateRotation() prv:-1 >> new:0
07-25 12:17:38.463  5468  5468 D DeviceState: getDeviceResolutionPixelSize - currentDensity = 420 deviceDensity = 420 initialDisplaySizeFactor = 1080 currentDisplaySizeFactor = 1080 initialDisplayDensity = 420 proportionalDensity = 420 proportionalPixel = 58
07-25 12:17:38.463  5468  5468 D DeviceState: getDeviceResolutionPixelSize - currentDensity = 420 deviceDensity = 420 initialDisplaySizeFactor = 1080 currentDisplaySizeFactor = 1080 initialDisplayDensity = 420 proportionalDensity = 420 proportionalPixel = 29
07-25 12:17:38.463  5468  5468 D DeviceState: getDeviceResolutionPixelSize - currentDensity = 420 deviceDensity = 420 initialDisplaySizeFactor = 1080 currentDisplaySizeFactor = 1080 initialDisplayDensity = 420 proportionalDensity = 420 proportionalPixel = 34
07-25 12:17:38.475  6034  7690 I TouchInteractionService: onSystemUiStateChanged, stateFlags : 456
07-25 12:17:38.475  6034  6034 I TouchInteractionService: onSystemUiFlagsChanged, userUnlocked
07-25 12:17:38.475  5468  5468 V Navbar.Store: handleEvent [EventType] ON_NAVBAR_WINDOW_STATE_SHOWING [Module] NavigationBar
07-25 12:17:38.477  5468  5468 D KeyguardViewMediator: handleMessage 8
07-25 12:17:38.477  5468  5468 D KeyguardViewMediator: handleKeyguardDoneDrawing
07-25 12:17:38.489  4809  4809 D SurfaceFlinger: Display 0 HWC layers:
07-25 12:17:38.489  4809  4809 D SurfaceFlinger:      DEVICE | 0x7c4dc2f600 | 0100 | RGBA_8888    |    0.0    0.0 1080.0  110.0 |    0    0 1080  110 | StatusBar$_5468#0
07-25 12:17:38.489  4809  4809 D SurfaceFlinger:      DEVICE | 0x7c86ec0740 | 0100 | RGBA_8888    |    0.0    0.0 1080.0 2340.0 |    0    0 1080 2340 | NotificationShade$_5468#0
07-25 12:17:38.489  4809  4809 D SurfaceFlinger:      DEVICE | 0x7c4dc0a140 | 0100 | RGBA_8888    |    0.0    0.0 1080.0    1.0 |    0 2339 1080 2340 | NavigationBar0$_5468#0
07-25 12:17:38.489  4809  4809 D SurfaceFlinger: 
07-25 12:17:38.492  5468  5468 D IndicatorGardenInputProperty: updateRotation() prv:-1 >> new:0
07-25 12:17:38.492  5468  5468 D DeviceState: getDeviceResolutionPixelSize - currentDensity = 420 deviceDensity = 420 initialDisplaySizeFactor = 1080 currentDisplaySizeFactor = 1080 initialDisplayDensity = 420 proportionalDensity = 420 proportionalPixel = 58
07-25 12:17:38.492  5468  5468 D DeviceState: getDeviceResolutionPixelSize - currentDensity = 420 deviceDensity = 420 initialDisplaySizeFactor = 1080 currentDisplaySizeFactor = 1080 initialDisplayDensity = 420 proportionalDensity = 420 proportionalPixel = 29
07-25 12:17:38.492  5468  5468 D DeviceState: getDeviceResolutionPixelSize - currentDensity = 420 deviceDensity = 420 initialDisplaySizeFactor = 1080 currentDisplaySizeFactor = 1080 initialDisplayDensity = 420 proportionalDensity = 420 proportionalPixel = 34
07-25 12:17:38.495 16186 16186 W FieldDefinition: Ignoring isIndexed constraint as field also has uniqueness constraint (on just this field, and therefore SQLite will have to create an index on that. For field: dte$a@57409a [CONTEXT ratelimit_period="1 MINUTES" ]
07-25 12:17:38.499  5468  5468 D KeyguardBottomAreaShortcutView: updateCameraVisibility isCameraDisabled:false visible:true
07-25 12:17:38.499  5468  5468 D KeyguardBottomAreaShortcutView: mIndicationArea margin start : 163, end : 163, bottom : 150
07-25 12:17:38.500  5468  5468 D DeviceState: getDeviceResolutionPixelSize - currentDensity = 420 deviceDensity = 420 initialDisplaySizeFactor = 1080 currentDisplaySizeFactor = 1080 initialDisplayDensity = 420 proportionalDensity = 420 proportionalPixel = 34
07-25 12:17:38.503  5468  5468 D QS      : setQSExpansion 0.0 -595.0
07-25 12:17:38.505  5468  5468 V BlurredCaptureStorage: CaptureBlurView alpha : 0.0
07-25 12:17:38.505  5468  5468 D QS      : setQSExpansion 0.0 -595.0
07-25 12:17:38.505 16186 16186 W FieldDefinition: Ignoring isIndexed constraint as field also has uniqueness constraint (on just this field, and therefore SQLite will have to create an index on that. For field: dte$a@57409a [CONTEXT ratelimit_period="1 MINUTES" ]
07-25 12:17:38.511  5468  5468 D IndicatorGardenInputProperty: updateRotation() prv:-1 >> new:0
07-25 12:17:38.511  5468  5468 D DeviceState: getDeviceResolutionPixelSize - currentDensity = 420 deviceDensity = 420 initialDisplaySizeFactor = 1080 currentDisplaySizeFactor = 1080 initialDisplayDensity = 420 proportionalDensity = 420 proportionalPixel = 58
07-25 12:17:38.511  5468  5468 D DeviceState: getDeviceResolutionPixelSize - currentDensity = 420 deviceDensity = 420 initialDisplaySizeFactor = 1080 currentDisplaySizeFactor = 1080 initialDisplayDensity = 420 proportionalDensity = 420 proportionalPixel = 29
07-25 12:17:38.511  5468  5468 D DeviceState: getDeviceResolutionPixelSize - currentDensity = 420 deviceDensity = 420 initialDisplaySizeFactor = 1080 currentDisplaySizeFactor = 1080 initialDisplayDensity = 420 proportionalDensity = 420 proportionalPixel = 34
07-25 12:17:38.512  5468  5468 D KeyguardViewMediator: handleMessage 8
07-25 12:17:38.512  5468  5468 D KeyguardViewMediator: handleKeyguardDoneDrawing
07-25 12:17:38.516  4809  4809 I SurfaceFlinger: SFWD update time=115362935586678
07-25 12:17:38.538  5107  7774 D PackageManager: setEnabledSetting : userId = 0 packageName = com.google.android.apps.docs cmp = com.google.android.apps.docs.drive.clipboard.SendTextToClipboardActivity newState = 2 callingPackage = 10241/com.google.android.apps.docs
07-25 12:17:38.569 16186 16247 W DynamiteModule: Local module descriptor class for com.google.android.gms.googlecertificates not found.
07-25 12:17:38.597  5107  7714 D CompatibilityChangeReporter: Compat change id reported: 168419799; UID 1010219; state: DISABLED
07-25 12:17:38.627  2060  2171 W .gms.persisten: Long monitor contention with owner lowpool[115] (14410) at void bevq.run()(:com.google.android.gms@222615044@22.26.15 (190400-461192076):30) waiters=0 in boolean bevw.handleMessage(android.os.Message) for 33.370s
07-25 12:17:38.657 16186 16247 W System  : ClassLoader referenced unknown path: 
07-25 12:17:38.662  5107  7764 D SamsungAlarmManager: Cancel Alarm calling from uid:10219 pid :2060 / OP:PendingIntent{e0e6886: PendingIntentRecord{13ca7f com.google.android.gms/com.google.android.gms.gcm broadcastIntent}}
07-25 12:17:38.663  2060 14410 W AutofillGcmTaskChimeraS: No affiliated Task for Tag: FaviconFetchPeriodic [CONTEXT service_id=177 ]
07-25 12:17:38.663  2060  2069 I .gms.persisten: Background concurrent copying GC freed 296117(19MB) AllocSpace objects, 16(440KB) LOS objects, 49% free, 19MB/38MB, paused 178us,118us total 140.610ms
07-25 12:17:38.664  5107  7764 V SamsungAlarmManager: setLocked to kernel - W:239670166 / NW:239564466, now=239543130
07-25 12:17:38.665  2060 16188 I NetworkScheduler.Stats: Task com.google.android.gms/com.google.android.gms.phenotype.service.sync.PackageUpdateTaskService finished executing. cause:5 result: 1 elapsed_millis: 34541 uptime_millis: 34542 exec_start_elapsed_seconds: 239508 [CONTEXT service_id=218 ]
07-25 12:17:38.677  5107  7714 D PackageManager: setEnabledSetting : userId = 0 packageName = com.google.android.apps.docs cmp = com.google.android.libraries.notifications.entrypoints.gcm.GcmBroadcastReceiver newState = 0 callingPackage = 10241/com.google.android.apps.docs
07-25 12:17:38.681  5107 16253 D TspStateManager: update cmd=set_grip_data,1,45,36,36,0
07-25 12:17:38.688  5107  7714 D SamsungAlarmManager: setInexact (T:3/F:0/AC:false) 20220725T121803 now=239543153 - CU:10219/CP:2060/OP:PendingIntent{b11d63f: PendingIntentRecord{13ca7f com.google.android.gms/com.google.android.gms.gcm broadcastIntent}}
07-25 12:17:38.688  5107  7714 V SamsungAlarmManager: setLocked to kernel - W:239670166 / NW:239564466, now=239543154
07-25 12:17:38.693  2060 16188 I NetworkScheduler.Stats: Task com.google.android.gms/com.google.android.gms.autofill.events.AutofillGcmTaskService started execution. cause:5 exec_start_elapsed_seconds: 239509 [CONTEXT service_id=218 ]
07-25 12:17:38.694  2060 16188 I NetworkScheduler.Stats: Task com.google.android.gms/com.google.android.gms.mdi.download.service.MddGcmTaskService started execution. cause:5 exec_start_elapsed_seconds: 239509 [CONTEXT service_id=218 ]
07-25 12:17:38.697  2060 16188 I NetworkScheduler.Stats: Task com.google.android.gms/com.google.android.gms.phenotype.service.sync.PhenotypeConfigurator finished executing. cause:5 result: 1 elapsed_millis: 40581 uptime_millis: 40581 exec_start_elapsed_seconds: 239502 [CONTEXT service_id=218 ]
07-25 12:17:38.707  2060 16188 I NetworkScheduler.Stats: Task com.google.android.gms/com.google.android.gms.autofill.events.AutofillGcmTaskService finished executing. cause:5 result: 2 elapsed_millis: 33602 uptime_millis: 33603 exec_start_elapsed_seconds: 239509 [CONTEXT service_id=218 ]
07-25 12:17:38.715  5107  5280 D InputReader: Btn_touch(4): value=1 when=115363.134363
07-25 12:17:38.715  5107  5280 I InputReader: Touch event's action is 0x0 (id=3, t=0) [pCnt=1, s=0.399 ] when=115363.134363
07-25 12:17:38.715  5107  7787 D SamsungAlarmManager: Cancel Alarm calling from uid:10219 pid :2060 / OP:PendingIntent{7cb5bf8: PendingIntentRecord{13ca7f com.google.android.gms/com.google.android.gms.gcm broadcastIntent}}
07-25 12:17:38.715  5107  7787 V SamsungAlarmManager: setLocked to kernel - W:239670166 / NW:239564466, now=239543181
07-25 12:17:38.715  5107  5279 I InputDispatcher: Delivering touch to (5468): action: 0x4, f=0x0, d=0, 'a8e6c03', t=1 
07-25 12:17:38.716  5107  5279 I InputDispatcher: Delivering touch to (5468): action: 0x0, f=0x0, d=0, '30abd89', t=1 
07-25 12:17:38.718  5468  5468 I ViewRootImpl@110be77[NotificationShade]: ViewPostIme pointer 0
07-25 12:17:38.729  5107  5992 D PackageManager: setEnabledSetting : userId = 0 packageName = com.google.android.apps.docs cmp = com.google.android.apps.docs.sync.syncadapter.DocsSyncAdapterService newState = 0 callingPackage = 10241/com.google.android.apps.docs
07-25 12:17:38.737  5107  7774 D PhoneWindowManagerExt: f.b. a=true id=1 he=true eme=false ksno=true uid=10064 callingPackage=com.android.systemui reason=null Caller=com.android.server.policy.PhoneWindowManager.performHapticFeedback:6256 com.android.server.wm.Session.performHapticFeedback:285 android.view.IWindowSession$Stub.onTransact:920 com.android.server.wm.Session.onTransact:176 android.os.Binder.execTransactInternal:1215 
07-25 12:17:38.738  5107  7774 D VibratorManagerService: vibrate - uid: 10064, opPkg: com.android.systemui, effect: Mono{mEffect=Composed{segments=[Step{amplitude=-1.0, frequency=0.0, duration=50}], repeat=-1, mMagnitudeType=TYPE_EXTRA}}, attrs: VibrationAttributes: Usage=TOUCH Audio Usage= USAGE_ASSISTANCE_SONIFICATION Flags=0, reason: null, token: android.os.Binder@d0f1e58
07-25 12:17:38.743 16186 16247 W droid.apps.doc: ClassLoaderContext type mismatch. expected=PCL, found=DLC (PCL[] | DLC[];PCL[/data/app/~~Epg56z6lHPVR-vhHAV8UXA==/com.google.android.apps.docs-POIvWTh2_QC9C6lp1DJZJA==/base.apk*3816260845:/data/app/~~Epg56z6lHPVR-vhHAV8UXA==/com.google.android.apps.docs-POIvWTh2_QC9C6lp1DJZJA==/base.apk!classes2.dex*3468410678:/data/app/~~Epg56z6lHPVR-vhHAV8UXA==/com.google.android.apps.docs-POIvWTh2_QC9C6lp1DJZJA==/base.apk!classes3.dex*2895789950]{PCL[/system/framework/org.apache.http.legacy.jar*128607898]})
07-25 12:17:38.748 16186 16207 W GmsIpProtection: [Binder:16186_2] Error changing state for com.google.android.apps.docs.sync.syncadapter.DocsSyncAdapterService
07-25 12:17:38.754  5107 16259 D VibrationThread: StartVibrateStep for effect #0
07-25 12:17:38.754  5107  7714 D PackageManager: setEnabledSetting : userId = 0 packageName = com.google.android.apps.docs cmp = com.google.android.apps.docs.storagebackend.LegacyStorageBackendContentProvider newState = 0 callingPackage = 10241/com.google.android.apps.docs
07-25 12:17:38.758  5107  7714 D PackageManager: setEnabledSetting : userId = 0 packageName = com.google.android.apps.docs cmp = com.google.android.apps.docs.storagebackend.StorageBackendContentProvider newState = 0 callingPackage = 10241/com.google.android.apps.docs
07-25 12:17:38.758  5107 16259 I VibratorController: vibratorSetFrequencyType started
07-25 12:17:38.761  5107  7714 D PackageManager: setEnabledSetting : userId = 0 packageName = com.google.android.apps.docs cmp = com.google.android.apps.docs.drive.directsharing.ChooserTargetService newState = 0 callingPackage = 10241/com.google.android.apps.docs
07-25 12:17:38.762  4136  4368 E servicemanager: Could not find android.hardware.vibrator.IVibrator/default in the VINTF manifest.
07-25 12:17:38.762  5107 16259 I VibratorController: sehSetFrequencyType hidl vendor
07-25 12:17:38.762  5107 16259 D VibratorController: SehFrequencyType command success(4294967295).
07-25 12:17:38.764 16186 16207 W GmsIpProtection: [Binder:16186_2] Error changing state for com.google.android.apps.docs.drive.directsharing.ChooserTargetService
07-25 12:17:38.767  5107  7764 D PackageManager: setEnabledSetting : userId = 0 packageName = com.google.android.apps.docs cmp = com.google.android.apps.docs.common.shareitem.UploadMenuActivity newState = 0 callingPackage = 10241/com.google.android.apps.docs
07-25 12:17:38.768  4774  4774 E SecVibrator-HAL2.2_A: sehSetFrequencyType is abnormal -1
07-25 12:17:38.768  5107 16259 E VibratorController: sehSetFrequencyType command failed(2).
07-25 12:17:38.769  5107 16259 D VibrationThread: Running amplitude step with 0ms latency.
07-25 12:17:38.769  5107 16259 D VibrationThread: sepIndex=-1, intensity=0, repeat=false
07-25 12:17:38.769  5107 16259 D VibrationThread: Turning on vibrator 0 for 50ms
07-25 12:17:38.772  5107  7764 D PackageManager: setEnabledSetting : userId = 0 packageName = com.google.android.apps.docs cmp = com.google.android.apps.viewer.PdfViewerActivity newState = 0 callingPackage = 10241/com.google.android.apps.docs
07-25 12:17:38.774  4774  4774 E SecVibrator-HAL2.2_A: >> writeNode node:/timed_output/vibrator/enable val:50
07-25 12:17:38.775  4774  4774 E SecVibrator-HAL2.2_A: << writeNode node OK 3
07-25 12:17:38.776  5107  7764 D PackageManager: setEnabledSetting : userId = 0 packageName = com.google.android.apps.docs cmp = com.google.android.apps.viewer.ProjectorActivity newState = 0 callingPackage = 10241/com.google.android.apps.docs
07-25 12:17:38.779  5107  7764 D PackageManager: setEnabledSetting : userId = 0 packageName = com.google.android.apps.docs cmp = com.google.android.apps.docs.drive.filepicker.GetMetadataActivity newState = 0 callingPackage = 10241/com.google.android.apps.docs
07-25 12:17:38.789  5107  7787 D PackageManager: setEnabledSetting : userId = 0 packageName = com.google.android.apps.docs cmp = com.google.android.apps.docs.drive.capture.DocScannerActivity newState = 0 callingPackage = 10241/com.google.android.apps.docs
