2022-08-01 09:52:27.067 8055-8055/? I/HBD: HoneyBoardService onStartInputViewInternal: inputType=0x800a1, imeOptions=0x12000005, initialSelStart=0, initialSelEnd=0 
2022-08-01 09:52:27.069 8055-8055/? I/HBD: f applyThemesPolicy 
2022-08-01 09:52:27.076 8055-8055/? I/HBD: e mUsedOpenTheme = false IsRequiredDarkTypeTheme = true night mode : true mIsEnabledHighContrast = false mIsOpenThemeForHoneyBoardInstalled = false mIsWallpaperThemeInstalled = false mIsThemeParkTheme = false
2022-08-01 09:52:27.077 8055-8055/? I/HBD: a theme : Dark mode and no theme park 
2022-08-01 09:52:27.077 8055-8055/? I/HBD: f required dark type theme, isCoverDisplayTheme :  false
2022-08-01 09:52:27.078 8055-8055/? I/HBD: f update KeyboardTheme themeIndex : 0x 12000000  theme :  Dark
2022-08-01 09:52:27.083 8055-8055/? I/HBD: a set Theme convertedIndex : 4 
2022-08-01 09:52:27.084 8055-8055/? I/HBD: a themeStyleSet :4 
2022-08-01 09:52:27.084 8055-8055/? I/HBD: a updatePredictionStatus : 1, editorOpt 
2022-08-01 09:52:27.086 8055-8055/? I/HBD: a updateForEditorClass isPredictionOn = true 
2022-08-01 09:52:27.095 9426-9426/? E/ungpassautofil: Not starting debugger since process cannot load the jdwp agent.
2022-08-01 09:52:27.098 9426-9426/? E/USNET: USNET: appName: com.samsung.android.samsungpassautofill
2022-08-01 09:52:27.100 9426-9426/? D/ProcessState: Binder ioctl to enable oneway spam detection failed: Invalid argument
2022-08-01 09:52:27.116 9426-9426/? D/ActivityThread: setConscryptValidator
2022-08-01 09:52:27.116 9426-9426/? D/ActivityThread: setConscryptValidator - put
2022-08-01 09:52:27.122 5107-7803/? D/CompatibilityChangeReporter: Compat change id reported: 168419799; UID 10142; state: DISABLED
2022-08-01 09:52:27.122 5107-7803/? I/ActivityManager: DSS OFF for com.samsung.android.samsungpassautofill
2022-08-01 09:52:27.126 5107-7803/? D/ActivityManager: attachApplicationLocked() app=ProcessRecord{e1428aa 9426:com.samsung.android.samsungpassautofill/u0a142} app.isolatedEntryPoint=null instr2=null
2022-08-01 09:52:27.133 9426-9426/? D/ActivityThread: handleBindApplication()++ app=com.samsung.android.samsungpassautofill
2022-08-01 09:52:27.133 5107-5149/? D/NetworkPolicy: onUidStateChanged() uid: 10142, isForeground(false, 6)
2022-08-01 09:52:27.135 9426-9426/? D/CompatibilityChangeReporter: Compat change id reported: 171979766; UID 10142; state: ENABLED
2022-08-01 09:52:27.163 8055-16629/? I/HBD: a [PF_EN] updateSelectList() t, 65 
2022-08-01 09:52:27.187 8055-8055/? I/HBD: al EBD ssu f 1 
2022-08-01 09:52:27.195 5107-7803/? D/SettingsProvider: isChangeAllowed() : name = enabled_input_methods
2022-08-01 09:52:27.195 5107-7803/? D/SettingsProvider: edmUri: content://com.sec.knox.provider/RestrictionPolicy3
2022-08-01 09:52:27.195 5107-7803/? D/SettingsProvider: projectionArgs: isSettingsChangesAllowed
2022-08-01 09:52:27.195 5107-7803/? D/SettingsProvider: selectionArgs: false
2022-08-01 09:52:27.196 5107-7803/? D/SettingsProvider: selectionArgs: 10253
2022-08-01 09:52:27.196 8055-8055/? I/HBD: a [UpdatePolicy] [post] a: 1 cl: 65537 kit: [0/0] vt: 0 ir: 1 
2022-08-01 09:52:27.197 5107-7803/? D/SecContentProvider: query(), uri = 17 selection = isSettingsChangesAllowed
2022-08-01 09:52:27.197 5107-7803/? D/SecContentProvider: called from android.uid.honeyboard:10253
2022-08-01 09:52:27.198 5107-6093/? D/DARUtil: Device owner status not updated yet...
2022-08-01 09:52:27.198 5107-6093/? D/DARUtil: Not an enterprise user : 0
2022-08-01 09:52:27.198 5107-6093/? D/DARUtil: Device owner status not updated yet...
2022-08-01 09:52:27.198 5107-6093/? D/DARUtil: Not an enterprise user : 0
2022-08-01 09:52:27.201 5107-7803/? D/RestrictionPolicy: isSettingsChangesAllowedAsUser, userId 0 : true
2022-08-01 09:52:27.201 5107-7803/? D/SettingsProvider: ret = 1
2022-08-01 09:52:27.203 5107-7803/? D/SettingsProvider: isChangeAllowed() : name = default_input_method
2022-08-01 09:52:27.204 5107-7803/? D/SettingsProvider: edmUri: content://com.sec.knox.provider/RestrictionPolicy3
2022-08-01 09:52:27.204 5107-7803/? D/SettingsProvider: projectionArgs: isSettingsChangesAllowed
2022-08-01 09:52:27.204 5107-7803/? D/SettingsProvider: selectionArgs: false
2022-08-01 09:52:27.204 5107-7803/? D/SettingsProvider: selectionArgs: 10253
2022-08-01 09:52:27.204 5107-7803/? D/SecContentProvider: query(), uri = 17 selection = isSettingsChangesAllowed
2022-08-01 09:52:27.205 5107-7803/? D/SecContentProvider: called from android.uid.honeyboard:10253
2022-08-01 09:52:27.205 5107-7803/? D/RestrictionPolicy: isSettingsChangesAllowedAsUser, userId 0 : true
2022-08-01 09:52:27.205 5107-7803/? D/SettingsProvider: ret = 1
2022-08-01 09:52:27.208 8055-8833/? I/HBD: m updated Sub Types. English 
2022-08-01 09:52:27.210 8055-9447/? I/HBD: a InputMethodSubtype is set as local:en_US 
2022-08-01 09:52:27.210 8055-8055/? I/HBD: a [SKE_TAM] Changed false
2022-08-01 09:52:27.211 8055-8055/? I/HBD: a refresh(), mParameterMode,  0
2022-08-01 09:52:27.212 5107-5107/? D/SettingsProvider: isChangeAllowed() : name = input_methods_subtype_history
2022-08-01 09:52:27.212 5107-5107/? D/SettingsProvider: isChangeAllowed() : name = selected_input_method_subtype
2022-08-01 09:52:27.212 5107-5107/? D/InputMethodManagerServicePhysicalKey: isConnectedDexOnPC false
2022-08-01 09:52:27.213 5107-5107/? D/InputMethodManagerService: isImeSwitcherDisabledPackage : false
2022-08-01 09:52:27.214 5107-5151/? D/InputManager: Trying to switch keyboard layout for subtype: InputMethodSubtypeHandle{mInputMethodId=com.samsung.android.honeyboard/.service.HoneyBoardService, mLanguageTag=en-US, mSubtypeId=65537}
2022-08-01 09:52:27.217 8055-8055/? I/HBD: ::BnR:: d HONEY_SUPPORT_DATA_MIGRATION_FROM_SKBD : true, isMigrateNotNeeded : true, isFinishMigPreferences : false, isPasswordInputType : falseisUserUnlocked : true 
2022-08-01 09:52:27.218 8055-8055/? I/HBD: b updateMultiTapTimeValue 
2022-08-01 09:52:27.218 8055-8055/? I/HBD: b getMultiTapTimeoutValue 
2022-08-01 09:52:27.218 8055-8055/? I/HBD: b getSingleVowelMultiTapTimeoutValue 
2022-08-01 09:52:27.220 8055-9450/? I/HBD: bd requestCursorUpdates returned  true ,  2
2022-08-01 09:52:27.229 8055-8055/? I/[PASS][HBDPI]HoneyboardPlugIn:  onStartInputView(false)
2022-08-01 09:52:27.239 8055-8055/? I/HBD: a onBind 
2022-08-01 09:52:27.240 8055-8055/? I/HBD: b [EditorEnterActionItem] updateConfig: 0x3 to 0x5 
2022-08-01 09:52:27.240 8055-8055/? I/HBD: b [ComposingItem] updateConfig: true to false 
2022-08-01 09:52:27.242 8055-8055/? I/HBD: b updateConfig: [LanguageItem] English / [KeyboardViewTypeItem] 0 / [KeyboardInputTypeItem] mainType(0), subType(0) / [CurrentLanguageInputTypeItem] mainType(0), subType(0) / [KeyboardInputRangeItem] 1 / [HandwritingModeItem] false / [SelectedLanguageItem] 1 / [LocaleItem] en-US / [TextOrNullInputClassItem] true / [DateInputTypeItem] false / [DateTimeInputTypeItem] false /  
2022-08-01 09:52:27.243 8055-8055/? I/HBD: b updateConfig: [DecimalNumberInputTypeItem] false / [NumberOnlyInputTypeItem] false / [NumberPasswordInputTypeItem] false / [PhoneNumberInputClassItem] false / [SignedDecimalNumberInputTypeItem] false / [SignedNumberInputTypeItem] false / [EmailInputTypeItem] false / [UrlInputTypeItem] false / [UrlEmailModeItem] false / [PasswordInputTypeItem] false / [WebPasswordEditorItem] false /  
2022-08-01 09:52:27.243 8055-8055/? I/HBD: b updateConfig: [NumberInputClassItem] false / [DateTimeInputClassItem] false / [DigitEditorItem] false / [MonthInputTypeItem] false / [YearDateTimeInputTypeItem] false / [IPAddressInputTypeItem] false / [FileNameInputTypeItem] false / [CustomSymbolsForPeriodKeyItem] false / [OptionInputTypeItem] false / [DisableHanjaInputItem] false / [DisableCmKeyInputItem] false /  
2022-08-01 09:52:27.244 8055-8055/? I/HBD: b updateConfig: [DisableCommaKeyInputItem] false / [DisableLanguageChangeKeyItem] false / [DisableSpaceKeyItem] false / [NumberPickerInputItem] false / [TimeInputTypeItem] false / [NumberKeyFirstLineItem] true / [AlternativeCharacterItem] true / [SimpleRowStyleItem] false / [HighContrastItem] false / [TouchAndHoldSpaceBarTypeItem] cursor_control / [UseContinuousInputItem] true /  
2022-08-01 09:52:27.244 8055-8055/? I/HBD: b updateConfig: [UseToolBarItem] true / [OrientationItem] false / [DensityItem] 2.625 / [DisplayWidthItem] 0x1080 / [DisplayHeightItem] 0x2104 / [MainTextLabelItem] 1 / [LanguageSwitchingUsingSpaceBarItem] true / [LanguageSwitchingUsingKeyItem] false / [TransliterationTypingModeItem] false / [CoverDisplayModeItem] false / [TalkBackEnabledItem] false /  
2022-08-01 09:52:27.246 8055-8055/? I/HBD: b [VoiceEnabledItem] updateConfig: false to true 
2022-08-01 09:52:27.246 8055-8055/? I/HBD: b updateConfig: [Japanese8FlickCustomisationItem] false / [VoiceEnabledItem] true / [SamsungVoiceImeItem] false / [PredictionStatusItem] true /  
2022-08-01 09:52:27.249 8055-8055/? I/HBD: b updateKeyboardViewHolder: MAKE NEW E: false CC: 1 UC: true 
2022-08-01 09:52:27.265 8055-8055/? I/HBD: d [NormalPresenterLocator] processLocateKeyboard: isUseCached(true), isUseKeysCafe(false) 
2022-08-01 09:52:27.279 5107-7803/? D/SecContentProvider: query(), uri = 15 selection = isClipboardShareAllowedAsUser
2022-08-01 09:52:27.279 5107-7803/? D/SecContentProvider: called from android.uid.honeyboard:10253
2022-08-01 09:52:27.281 5107-6093/? I/GenerationRegistry: mBackingStore.isClosed() : false
2022-08-01 09:52:27.285 5107-5373/? D/SemNscXgbMsL1: Probability - Cloud gaming: [0.02582041]
2022-08-01 09:52:27.285 5107-5373/? D/SemNscXgbMsL1: Probability - Real time: [0.021886498]
2022-08-01 09:52:27.285 5107-5373/? D/SemNscXgbMsL1: Probability - Non real time: [0.89636284]
2022-08-01 09:52:27.286 5107-5373/? D/SemNscXgbMsL1: 1 sample inference time: 0.539769 msecs
2022-08-01 09:52:27.286 5107-5373/? D/SemNscXgbL2Rt: L2 RT 1 sample inference time: 0.553807 msecs
2022-08-01 09:52:27.287 5107-5373/? D/SemNscXgbL2Nrt: L2 NRT 1 sample inference time: 0.424308 msecs
2022-08-01 09:52:27.301 5107-7803/? D/RestrictionPolicy: isClipboardShareAllowed : true
2022-08-01 09:52:27.304 9426-9426/? E/[SPAF]AutofillService: Unavailable Samsung Account
2022-08-01 09:52:27.306 9426-9426/? E/[SPAF]AutofillService: Unavailable Samsung Account
2022-08-01 09:52:27.325 7665-7665/? I/SS:AugmentedAutofillService: AugmentedAutofillService: onFillRequest()
2022-08-01 09:52:27.327 5107-5984/? I/AssistStructure: Flattened final assist data: 3876 bytes, containing 1 windows, 13 views
2022-08-01 09:52:27.328 7665-7665/? I/SS:AssistNodeCustom: CustomTree: fillChildren() called with: node = [android.app.assist.AssistStructure$ViewNode@3c2dc29], nestingLevel = [0]
2022-08-01 09:52:27.328 7665-7665/? I/SS:AssistNodeCustom: CustomTree: fillChildren() called with: node = [android.app.assist.AssistStructure$ViewNode@9c26bae], nestingLevel = [1]
2022-08-01 09:52:27.328 7665-7665/? I/SS:AssistNodeCustom: CustomTree: fillChildren() called with: node = [android.app.assist.AssistStructure$ViewNode@b2b0d4f], nestingLevel = [2]
2022-08-01 09:52:27.329 7665-7665/? I/SS:AssistNodeCustom: CustomTree: fillChildren() called with: node = [android.app.assist.AssistStructure$ViewNode@97cecdc], nestingLevel = [2]
2022-08-01 09:52:27.329 7665-7665/? I/SS:AssistNodeCustom: CustomTree: fillChildren() called with: node = [android.app.assist.AssistStructure$ViewNode@88411e5], nestingLevel = [3]
2022-08-01 09:52:27.329 7665-7665/? I/SS:AssistNodeCustom: CustomTree: fillChildren() called with: node = [android.app.assist.AssistStructure$ViewNode@9cd94ba], nestingLevel = [4]
2022-08-01 09:52:27.329 7665-7665/? I/SS:AssistNodeCustom: CustomTree: fillChildren() called with: node = [android.app.assist.AssistStructure$ViewNode@1b52f6b], nestingLevel = [5]
2022-08-01 09:52:27.329 7665-7665/? I/SS:AssistNodeCustom: CustomTree: fillChildren() called with: node = [android.app.assist.AssistStructure$ViewNode@659fac8], nestingLevel = [6]
2022-08-01 09:52:27.329 7665-7665/? I/SS:AssistNodeCustom: CustomTree: fillChildren() called with: node = [android.app.assist.AssistStructure$ViewNode@d68e761], nestingLevel = [6]
2022-08-01 09:52:27.329 7665-7665/? I/SS:AssistNodeCustom: CustomTree: fillChildren() called with: node = [android.app.assist.AssistStructure$ViewNode@2304286], nestingLevel = [6]
2022-08-01 09:52:27.329 7665-7665/? I/SS:AssistNodeCustom: CustomTree: fillChildren() called with: node = [android.app.assist.AssistStructure$ViewNode@c755747], nestingLevel = [5]
2022-08-01 09:52:27.329 7665-7665/? I/SS:AssistNodeCustom: CustomTree: fillChildren() called with: node = [android.app.assist.AssistStructure$ViewNode@677fb74], nestingLevel = [5]
2022-08-01 09:52:27.329 7665-7665/? I/SS:AssistNodeCustom: CustomTree: fillChildren() called with: node = [android.app.assist.AssistStructure$ViewNode@f6b989d], nestingLevel = [5]
2022-08-01 09:52:27.329 7665-7665/? I/SS:CustomAssistStructure: Time Test - tree creation time: 3 mS
2022-08-01 09:52:27.333 7665-7665/? I/SS:AssistStructureParser: addAutofillableFields: Trying to fetch hint from parent and siblings
2022-08-01 09:52:27.333 7665-7665/? I/SS:AssistStructureParser: getHintFromParentAndSiblings() called with: fields = [{}], node = [android.app.assist.AssistStructure$ViewNode@659fac8], nodeCustom = [com.samsung.android.smartsuggestions.extservice.assist.AssistNodeCustom@fbe0112], viewId = [1073741824:65536]
2022-08-01 09:52:27.333 7665-7665/? I/SS:AssistStructureParser: getHintFromParentAndSiblings() called with: fields = [{}], node = [android.app.assist.AssistStructure$ViewNode@659fac8], nodeCustom = [com.samsung.android.smartsuggestions.extservice.assist.AssistNodeCustom@e2620e3], viewId = [1073741824:65536]
2022-08-01 09:52:27.333 7665-7665/? I/SS:AssistStructureParser: getHintFromParentAndSiblings - stop recursion. Parent: android.app.assist.AssistStructure$ViewNode@1b52f6b, AutoFillable Children: [1073741824:65538, 1073741824:65537, 1073741824:65536]
2022-08-01 09:52:27.333 7665-7665/? I/SS:AssistStructureParser: addAutofillableFields: Trying to fetch hint from parent and siblings
2022-08-01 09:52:27.333 7665-7665/? I/SS:AssistStructureParser: getHintFromParentAndSiblings() called with: fields = [{}], node = [android.app.assist.AssistStructure$ViewNode@d68e761], nodeCustom = [com.samsung.android.smartsuggestions.extservice.assist.AssistNodeCustom@6d35ae0], viewId = [1073741824:65537]
2022-08-01 09:52:27.334 7665-7665/? I/SS:AssistStructureParser: getHintFromParentAndSiblings() called with: fields = [{}], node = [android.app.assist.AssistStructure$ViewNode@d68e761], nodeCustom = [com.samsung.android.smartsuggestions.extservice.assist.AssistNodeCustom@e2620e3], viewId = [1073741824:65537]
2022-08-01 09:52:27.334 7665-7665/? I/SS:AssistStructureParser: getHintFromParentAndSiblings - stop recursion. Parent: android.app.assist.AssistStructure$ViewNode@1b52f6b, AutoFillable Children: [1073741824:65538, 1073741824:65537, 1073741824:65536]
2022-08-01 09:52:27.334 7665-7665/? I/SS:AssistStructureParser: addAutofillableFields: Trying to fetch hint from parent and siblings
2022-08-01 09:52:27.334 7665-7665/? I/SS:AssistStructureParser: getHintFromParentAndSiblings() called with: fields = [{}], node = [android.app.assist.AssistStructure$ViewNode@2304286], nodeCustom = [com.samsung.android.smartsuggestions.extservice.assist.AssistNodeCustom@6ee2199], viewId = [1073741824:65538]
2022-08-01 09:52:27.334 7665-7665/? I/SS:AssistStructureParser: getHintFromParentAndSiblings() called with: fields = [{}], node = [android.app.assist.AssistStructure$ViewNode@2304286], nodeCustom = [com.samsung.android.smartsuggestions.extservice.assist.AssistNodeCustom@e2620e3], viewId = [1073741824:65538]
2022-08-01 09:52:27.334 7665-7665/? I/SS:AssistStructureParser: getHintFromParentAndSiblings - stop recursion. Parent: android.app.assist.AssistStructure$ViewNode@1b52f6b, AutoFillable Children: [1073741824:65538, 1073741824:65537, 1073741824:65536]
2022-08-01 09:52:27.335 7665-7665/? I/SS:AugmentedAutofillService: AssistStructureParser Hint: null
2022-08-01 09:52:27.336 7665-7665/? I/SS:AugmentedAutofillService: onFillRequest() fail: hint not found
2022-08-01 09:52:27.351 8055-8055/? I/HBD: f Package : com.telex.pttoc has no meta data. 
2022-08-01 09:52:27.363 8055-8055/? I/[PASS][HBDPI]HoneyboardPlugIn: updateState
2022-08-01 09:52:27.364 8055-8055/? I/[PASS][CMN]b: PowerSaveMode enabled
2022-08-01 09:52:27.376 8055-8055/? I/HBD: HoneyBoardService [PF_OP][onStartInputView]  320 ms 
2022-08-01 09:52:27.377 5107-5984/? D/InputMethodManagerServicePhysicalKey: isConnectedDexOnPC false
2022-08-01 09:52:27.378 5107-5984/? D/InputMethodManagerService: isImeSwitcherDisabledPackage : false
2022-08-01 09:52:27.378 5107-5984/? D/InputMethodManagerService: shouldShowImeSwitcherLocked : checking vis : 3
2022-08-01 09:52:27.378 8055-8055/? I/HBD: HoneyBoardService onWindowShown 
2022-08-01 09:52:27.378 5107-5984/? I/InputMethodManagerService: setImeWindowStatus: vis=3, backDisposition=0
2022-08-01 09:52:27.380 5107-9459/? D/TspStateManager: update cmd=set_sip_mode,1
2022-08-01 09:52:27.380 5107-9462/? D/TspStateManager: update cmd=set_grip_data,1,18,7,24,1838
2022-08-01 09:52:27.380 5468-5468/? V/Navbar.Store: handleEvent [EventType] ON_NAVBAR_ICON_HINT_CHANGED [Module] NavigationBar  KEYS_NAVBAR_ICON_HINT=3
2022-08-01 09:52:27.381 5468-5468/? V/Navbar.Store: --[Band]SETUPWIZARD_PACK_SET_NAVBAR_ICON_HINT
2022-08-01 09:52:27.381 5468-5468/? V/Navbar.Store: ----getValue(BOOL_NAVBAR_BUTTON_FORCED_VISIBLE)=false
2022-08-01 09:52:27.381 5468-5468/? V/Navbar.Store: ----getValue(BOOL_NAVBAR_SETUPWIZARD_STYLE)=false
2022-08-01 09:52:27.381 5468-5468/? V/Navbar.Store: --[Band]VIS_PACK_REEVAULATE_NAVBAR
2022-08-01 09:52:27.381 5468-5468/? V/Navbar.Store: ----apply(REEVALUATE_NAVBAR)
2022-08-01 09:52:27.382 5468-5468/? V/Navbar.Store: ----handleEvent [EventType] GET_BOOL_REGION_SAMPLING_ENABLED [Module] LightBarController  KEYS_DEFAULT=false
2022-08-01 09:52:27.382 5107-9459/? W/System.err: java.io.IOException: write failed: EBUSY (Device or resource busy)
2022-08-01 09:52:27.382 5468-5468/? V/Navbar.Store: ------[Band]COLOR_PACK_GET_REGION_SAMPLING_ENABLED
2022-08-01 09:52:27.382 5468-5468/? V/Navbar.Store: --------getValue(BOOL_REGION_SAMPLING_ENABLED)=false
2022-08-01 09:52:27.382 5107-5984/? D/SecContentProvider: query(), uri = 15 selection = isClipboardShareAllowedAsUser
2022-08-01 09:52:27.383 5107-5984/? D/SecContentProvider: called from android.uid.honeyboard:10253
2022-08-01 09:52:27.383 5107-5984/? D/RestrictionPolicy: isClipboardShareAllowed : true
2022-08-01 09:52:27.384 5468-5468/? V/Navbar.Store: handleEvent [EventType] GET_BOOL_SHOW_KEYBOARD_BUTTON [Module] SamsungNavigationBarView  KEYS_PORTRAIT=true  KEYS_DEFAULT=true
2022-08-01 09:52:27.384 5468-5468/? V/Navbar.Store: --[Band]GESTURE_PACK_SHOW_KEYBOARD_BUTTON
2022-08-01 09:52:27.384 5107-9459/? W/System.err:     at libcore.io.IoBridge.write(IoBridge.java:654)
2022-08-01 09:52:27.384 5107-9459/? W/System.err:     at java.io.FileOutputStream.write(FileOutputStream.java:401)
2022-08-01 09:52:27.384 5107-9459/? W/System.err:     at java.io.FileOutputStream.write(FileOutputStream.java:379)
2022-08-01 09:52:27.384 5107-9459/? W/System.err:     at com.android.server.wm.TspStateController.lambda$writeTspCommandToSysfs$0$TspStateController(TspStateController.java:601)
2022-08-01 09:52:27.384 5107-9459/? W/System.err:     at com.android.server.wm.TspStateController$$ExternalSyntheticLambda0.run(Unknown Source:6)
2022-08-01 09:52:27.384 5107-9459/? W/System.err:     at java.lang.Thread.run(Thread.java:920)
2022-08-01 09:52:27.384 5107-9459/? W/System.err: Caused by: android.system.ErrnoException: write failed: EBUSY (Device or resource busy)
2022-08-01 09:52:27.384 5107-9459/? W/System.err:     at libcore.io.Linux.writeBytes(Native Method)
2022-08-01 09:52:27.385 5107-9459/? W/System.err:     at libcore.io.Linux.write(Linux.java:296)
2022-08-01 09:52:27.385 5107-9459/? W/System.err:     at libcore.io.ForwardingOs.write(ForwardingOs.java:951)
2022-08-01 09:52:27.385 5107-9459/? W/System.err:     at libcore.io.BlockGuardOs.write(BlockGuardOs.java:447)
2022-08-01 09:52:27.385 5107-9459/? W/System.err:     at libcore.io.IoBridge.write(IoBridge.java:649)
2022-08-01 09:52:27.385 5107-9459/? W/System.err: 	... 5 more
2022-08-01 09:52:27.385 5468-5468/? V/Navbar.Store: ----getValue(BOOL_NAVBAR_GESTURAL_MODE)=false
2022-08-01 09:52:27.386 8055-8055/? I/HBD: HoneyBoardService [PF_OP][onWindowShown]  7406423 ns 
2022-08-01 09:52:27.387 8055-8055/? I/MSHandlerLifeCycle: isMultiSplitHandlerRequested: ignored. pkg=com.samsung.android.honeyboard isActivity=false callers=com.android.internal.policy.DecorView.setVisibility:4294 android.app.Dialog.show:445 android.inputmethodservice.SoftInputWindow.show:302 android.inputmethodservice.InputMethodService.showWindow:2824 android.inputmethodservice.InputMethodService$InputMethodImpl.showSoftInput:964 
2022-08-01 09:52:27.387 8055-8055/? I/MSHandlerLifeCycle: removeMultiSplitHandler: no exist. decor=DecorView@7fe99d[InputMethod]
2022-08-01 09:52:27.389 6034-6069/? I/TouchInteractionService: onActiveNavBarRegionChanges, region : SkRegion((0,2214,388,2340)(389,2214,690,2340)(691,2214,961,2340))
2022-08-01 09:52:27.393 5468-5468/? V/Navbar.Store: ----handleEvent [EventType] ON_UPDATE_REMOTEVIEW [Module] SamsungNavigationBarView  KEYS_NAVBAR_DARK_INTENSITY=0.0  KEYS_CONTEXTUALBUTTON_VISIBLE=true  KEYS_LEFT_REMOTEVIEW_CONTAINER=android.widget.LinearLayout{244b82c I.E...... ......I. 0,0-118,126 #7f0b0478 app:id/left_remoteview}  KEYS_RIGHT_REMOTEVIEW_CONTAINER=android.widget.LinearLayout{56802f5 I.E...... ......I. 962,0-1080,126 #7f0b070a app:id/right_remoteview}
2022-08-01 09:52:27.393 5468-5468/? V/Navbar.Store: ------[Band]REMOTE_VIEW_PACK_SET_REMOTEVIEW_CONTAINER
2022-08-01 09:52:27.393 5468-5468/? V/Navbar.Store: --------apply(UPDATE_NAVBAR_REMOTEVIEW_CONTAINER)
2022-08-01 09:52:27.394 5107-6093/? D/InputMethodManagerServicePhysicalKey: isConnectedDexOnPC false
2022-08-01 09:52:27.394 5468-5468/? V/Navbar.Store: --------apply(UPDATE_NAVBAR_RIGHT_REMOTEVIEW_VISIBILITY)
2022-08-01 09:52:27.394 5107-6093/? D/InputMethodManagerService: isImeSwitcherDisabledPackage : false
2022-08-01 09:52:27.395 5107-6093/? D/InputMethodManagerService: shouldShowImeSwitcherLocked : checking vis : 3
2022-08-01 09:52:27.395 5107-6093/? I/InputMethodManagerService: setImeWindowStatus: vis=3, backDisposition=0
2022-08-01 09:52:27.395 5468-5468/? V/Navbar.Store: --------getValue(FLOAT_REMOTEVIEW_DARK_INTENSITY)=0.0
2022-08-01 09:52:27.397 5468-5468/? V/Navbar.Store: handleEvent [EventType] GET_BOOL_SHOW_KEYBOARD_BUTTON [Module] SamsungNavigationBarView  KEYS_PORTRAIT=true  KEYS_DEFAULT=true
2022-08-01 09:52:27.397 6034-10168/? I/TouchInteractionService: onActiveNavBarRegionChanges, region : SkRegion((0,2214,388,2219)(389,2214,690,2219)(691,2214,961,2219)(0,2219,388,2340)(389,2219,690,2340)(691,2219,961,2340)(962,2219,1087,2340))
2022-08-01 09:52:27.398 5468-5468/? V/Navbar.Store: --[Band]GESTURE_PACK_SHOW_KEYBOARD_BUTTON
2022-08-01 09:52:27.398 5468-5468/? V/Navbar.Store: ----getValue(BOOL_NAVBAR_GESTURAL_MODE)=false
2022-08-01 09:52:27.404 19733-19773/? I/ContactsProvider_EventLog: contents_sample_state: [CONTACT contacts(1) data(9) accounts({com.google (5)=1}) accounts deleted({}) in_trash(in_trash(0), in_trash_for_sync(0)) calls([logtype:200 cnt:10, logtype:300 cnt:38, logtype:1000 cnt:10]) countryIso(US) userId(0)  ]
    contents_sample_state: [ agr({[5]=1})  ]
    contents_sample_state: [ actCnt({android.process.acore(19733)=1, system(5107)=3})  ]
    contents_sample_state: [PROFILE contacts(0) data(0) accounts({})  ] [SAPROFILE contacts(0) data(0) accounts({})  ]
    contents_sample_state: [STORAGE Contacts(CE) Profile(CE) SAProfile(CE) CallLog(CE)  ]
    contents_sample_state: [STATE R(F) ]
2022-08-01 09:52:27.412 6034-10168/? I/TouchInteractionService: onSystemUiStateChanged, stateFlags : 262144
2022-08-01 09:52:27.412 6034-6034/? I/TouchInteractionService: onSystemUiFlagsChanged, userUnlocked
2022-08-01 09:52:27.413 5468-5468/? V/Navbar.Store: handleEvent [EventType] GET_BOOL_NAVBAR_CAN_MOVE_STATE [Module] SamsungNavigationBarView  KEYS_DEFAULT=true
2022-08-01 09:52:27.413 5468-5468/? V/Navbar.Store: --[Band]CONFIG_PACK_GET_NAVBAR_CAN_MOVE
2022-08-01 09:52:27.413 5468-5468/? V/Navbar.Store: ----getValue(BOOL_NAVBAR_CAN_MOVE)=true
2022-08-01 09:52:27.415 6034-10168/? I/TouchInteractionService: onActiveNavBarRegionChanges, region : SkRegion((0,2214,388,2219)(389,2214,690,2219)(691,2214,961,2219)(0,2219,388,2340)(389,2219,690,2340)(691,2219,961,2340)(962,2219,1087,2340))
2022-08-01 09:52:27.415 5468-5468/? V/Navbar.Store: handleEvent [EventType] GET_BOOL_USE_NAVBAR_BACKGROUND_FRAME [Module] NavigationBarTransitions  KEYS_DEFAULT=false
2022-08-01 09:52:27.415 5468-5468/? V/Navbar.Store: --[Band]COLOR_PACK_GET_USE_NAVBAR_BACKGROUND_FRAME
2022-08-01 09:52:27.415 5468-5468/? V/Navbar.Store: ----getValue(BOOL_NAVBAR_GESTURAL_MODE)=false
2022-08-01 09:52:27.415 5468-5468/? V/Navbar.Store: ----getValue(BOOL_NAVBAR_OPAQUE)=false
2022-08-01 09:52:27.415 5468-5468/? V/Navbar.Store: ----getValue(BOOL_NAVBAR_PINNED_EDGE_ENABELD)=false
2022-08-01 09:52:27.433 9386-9386/? I/AudioPathManager: loadAudioPath() : loaded audio path is speaker (0)
2022-08-01 09:52:27.434 9386-9386/? I/ModelUtil: isHighEndModel() : this model is SM-G715U1
2022-08-01 09:52:27.451 5107-5984/? V/WindowManager: Relayout Window{10406f3 u0 InputMethod}: viewVisibility=0 req=1080x2230 d0
2022-08-01 09:52:27.451 4809-5049/? I/SurfaceFlinger: id=1739 createSurf (1080x2230),-3 flag=40004, InputMethod$_8055#0
2022-08-01 09:52:27.452 5107-5984/? D/WindowManager: makeSurface duration=1 name=InputMethod$_8055
2022-08-01 09:52:27.454 5468-5468/? D/InterruptionStateProvider: No alerting: suppressed due to group alert behavior
2022-08-01 09:52:27.454 5468-5468/? D/InterruptionStateProvider: Group alert behavior is suppressed but we want to alert bubble
2022-08-01 09:52:27.454 5468-5468/? D/InterruptionStateProvider: No bubble up: not allowed to bubble: 0|com.google.android.gm|-846273722|gig:346639417:CLASSIC_INBOX_ALL_MAIL|10236
2022-08-01 09:52:27.454 5468-5468/? D/InterruptionStateProvider: No alerting: suppressed due to group alert behavior
2022-08-01 09:52:27.454 5468-5468/? D/InterruptionStateProvider: Group alert behavior is suppressed but we want to alert bubble
2022-08-01 09:52:27.454 5468-5468/? D/InterruptionStateProvider: No bubble up: not allowed to bubble: 0|com.google.android.gm|495065799|gig:346639417:CLASSIC_INBOX_ALL_MAIL|10236
2022-08-01 09:52:27.454 5468-5468/? D/InterruptionStateProvider: No alerting: suppressed due to group alert behavior
2022-08-01 09:52:27.454 5468-5468/? D/InterruptionStateProvider: Group alert behavior is suppressed but we want to alert bubble
2022-08-01 09:52:27.454 5468-5468/? D/InterruptionStateProvider: No bubble up: not allowed to bubble: 0|com.google.android.gm|-563911869|gig:346639417:CLASSIC_INBOX_ALL_MAIL|10236
2022-08-01 09:52:27.454 5468-5468/? D/InterruptionStateProvider: No alerting: suppressed due to group alert behavior
2022-08-01 09:52:27.454 5468-5468/? D/InterruptionStateProvider: Group alert behavior is suppressed but we want to alert bubble
2022-08-01 09:52:27.454 5468-5468/? D/InterruptionStateProvider: No bubble up: not allowed to bubble: 0|com.google.android.gm|1152955532|gig:346639417:CLASSIC_INBOX_ALL_MAIL|10236
2022-08-01 09:52:27.454 5468-5468/? D/InterruptionStateProvider: No alerting: suppressed due to group alert behavior
2022-08-01 09:52:27.454 5468-5468/? D/InterruptionStateProvider: Group alert behavior is suppressed but we want to alert bubble
2022-08-01 09:52:27.454 5468-5468/? D/InterruptionStateProvider: No bubble up: not allowed to bubble: 0|com.google.android.gm|1465183171|gig:346639417:CLASSIC_INBOX_ALL_MAIL|10236
2022-08-01 09:52:27.454 5468-5468/? D/InterruptionStateProvider: No alerting: suppressed due to group alert behavior
2022-08-01 09:52:27.454 5468-5468/? D/InterruptionStateProvider: Group alert behavior is suppressed but we want to alert bubble
2022-08-01 09:52:27.454 5468-5468/? D/InterruptionStateProvider: No bubble up: not allowed to bubble: 0|com.google.android.gm|-1089110951|gig:346639417:CLASSIC_INBOX_ALL_MAIL|10236
2022-08-01 09:52:27.455 5468-5468/? D/InterruptionStateProvider: No alerting: suppressed due to group alert behavior
2022-08-01 09:52:27.455 5468-5468/? D/InterruptionStateProvider: Group alert behavior is suppressed but we want to alert bubble
2022-08-01 09:52:27.455 5468-5468/? D/InterruptionStateProvider: No bubble up: not allowed to bubble: 0|com.google.android.gm|-184054569|gig:346639417:CLASSIC_INBOX_ALL_MAIL|10236
2022-08-01 09:52:27.455 5468-5468/? D/InterruptionStateProvider: No alerting: suppressed due to group alert behavior
2022-08-01 09:52:27.455 5468-5468/? D/InterruptionStateProvider: Group alert behavior is suppressed but we want to alert bubble
2022-08-01 09:52:27.455 5468-5468/? D/InterruptionStateProvider: No bubble up: not allowed to bubble: 0|com.google.android.gm|1653107804|gig:346639417:CLASSIC_INBOX_ALL_MAIL|10236
2022-08-01 09:52:27.455 5468-5468/? D/InterruptionStateProvider: No alerting: suppressed due to group alert behavior
2022-08-01 09:52:27.455 5468-5468/? D/InterruptionStateProvider: Group alert behavior is suppressed but we want to alert bubble
2022-08-01 09:52:27.455 5468-5468/? D/InterruptionStateProvider: No bubble up: not allowed to bubble: 0|com.google.android.gm|1872028472|gig:346639417:CLASSIC_INBOX_ALL_MAIL|10236
2022-08-01 09:52:27.455 5468-5468/? D/InterruptionStateProvider: No alerting: suppressed due to group alert behavior
2022-08-01 09:52:27.455 5468-5468/? D/InterruptionStateProvider: Group alert behavior is suppressed but we want to alert bubble
2022-08-01 09:52:27.455 5468-5468/? D/InterruptionStateProvider: No bubble up: not allowed to bubble: 0|com.google.android.gm|1715078689|gig:346639417:CLASSIC_INBOX_ALL_MAIL|10236
2022-08-01 09:52:27.455 5468-5468/? D/InterruptionStateProvider: No alerting: suppressed due to group alert behavior
2022-08-01 09:52:27.455 5468-5468/? D/InterruptionStateProvider: Group alert behavior is suppressed but we want to alert bubble
2022-08-01 09:52:27.455 5468-5468/? D/InterruptionStateProvider: No bubble up: not allowed to bubble: 0|com.google.android.gm|954716110|gig:346639417:CLASSIC_INBOX_ALL_MAIL|10236
2022-08-01 09:52:27.455 5468-5468/? D/InterruptionStateProvider: No alerting: suppressed due to group alert behavior
2022-08-01 09:52:27.455 5468-5468/? D/InterruptionStateProvider: Group alert behavior is suppressed but we want to alert bubble
2022-08-01 09:52:27.456 5468-5468/? D/InterruptionStateProvider: No bubble up: not allowed to bubble: 0|com.google.android.gm|1174103848|gig:346639417:CLASSIC_INBOX_ALL_MAIL|10236
2022-08-01 09:52:27.456 5468-5468/? D/InterruptionStateProvider: No alerting: suppressed due to group alert behavior
2022-08-01 09:52:27.456 5468-5468/? D/InterruptionStateProvider: Group alert behavior is suppressed but we want to alert bubble
2022-08-01 09:52:27.456 5468-5468/? D/InterruptionStateProvider: No bubble up: not allowed to bubble: 0|com.google.android.gm|1229138300|gig:346639417:CLASSIC_INBOX_ALL_MAIL|10236
2022-08-01 09:52:27.456 5468-5468/? D/InterruptionStateProvider: No alerting: suppressed due to group alert behavior
2022-08-01 09:52:27.456 5468-5468/? D/InterruptionStateProvider: Group alert behavior is suppressed but we want to alert bubble
2022-08-01 09:52:27.456 5468-5468/? D/InterruptionStateProvider: No bubble up: not allowed to bubble: 0|com.google.android.gm|1786705486|gig:346639417:CLASSIC_INBOX_ALL_MAIL|10236
2022-08-01 09:52:27.456 5468-5468/? D/InterruptionStateProvider: No alerting: suppressed due to group alert behavior
2022-08-01 09:52:27.456 5468-5468/? D/InterruptionStateProvider: Group alert behavior is suppressed but we want to alert bubble
2022-08-01 09:52:27.456 5468-5468/? D/InterruptionStateProvider: No bubble up: not allowed to bubble: 0|com.google.android.gm|-1254035131|gig:346639417:CLASSIC_INBOX_ALL_MAIL|10236
2022-08-01 09:52:27.456 5468-5468/? D/InterruptionStateProvider: No alerting: suppressed due to group alert behavior
2022-08-01 09:52:27.456 5468-5468/? D/InterruptionStateProvider: Group alert behavior is suppressed but we want to alert bubble
2022-08-01 09:52:27.456 5468-5468/? D/InterruptionStateProvider: No bubble up: not allowed to bubble: 0|com.google.android.gm|653341261|gig:346639417:CLASSIC_INBOX_ALL_MAIL|10236
2022-08-01 09:52:27.456 5468-5468/? D/InterruptionStateProvider: No alerting: suppressed due to group alert behavior
2022-08-01 09:52:27.456 5468-5468/? D/InterruptionStateProvider: Group alert behavior is suppressed but we want to alert bubble
2022-08-01 09:52:27.456 5468-5468/? D/InterruptionStateProvider: No bubble up: not allowed to bubble: 0|com.google.android.gm|1192683983|gig:346639417:CLASSIC_INBOX_ALL_MAIL|10236
2022-08-01 09:52:27.457 5468-5468/? D/InterruptionStateProvider: No alerting: suppressed due to group alert behavior
2022-08-01 09:52:27.457 5468-5468/? D/InterruptionStateProvider: Group alert behavior is suppressed but we want to alert bubble
2022-08-01 09:52:27.457 5468-5468/? D/InterruptionStateProvider: No bubble up: not allowed to bubble: 0|com.google.android.gm|-34097604|gig:346639417:CLASSIC_INBOX_ALL_MAIL|10236
2022-08-01 09:52:27.457 5468-5468/? D/InterruptionStateProvider: No alerting: suppressed due to group alert behavior
2022-08-01 09:52:27.457 5468-5468/? D/InterruptionStateProvider: Group alert behavior is suppressed but we want to alert bubble
2022-08-01 09:52:27.457 5107-5984/? V/WindowManager: Relayout hash=10406f3, pid=8055: mAttrs={(0,0)(fillxfill) gr=BOTTOM CENTER_VERTICAL sim={adjust=pan} ty=INPUT_METHOD fmt=TRANSPARENT wanim=0x7f130170 preferredMinDisplayRefreshRate=60.0 receive insets ignoring z-order
      fl=81800108
      pfl=12000000
      bhv=DEFAULT
      fitTypes=STATUS_BARS NAVIGATION_BARS
      fitSides=LEFT TOP RIGHT
      fitIgnoreVis dimDuration=150 naviIconColor=0}
2022-08-01 09:52:27.457 5468-5468/? D/InterruptionStateProvider: No bubble up: not allowed to bubble: 0|com.google.android.gm|1379350261|gig:346639417:CLASSIC_INBOX_ALL_MAIL|10236
2022-08-01 09:52:27.457 5468-5468/? D/InterruptionStateProvider: No bubble up: not allowed to bubble: 0|com.google.android.gm|0|gig:346639417:CLASSIC_INBOX_ALL_MAIL|10236
2022-08-01 09:52:27.457 5468-5468/? D/InterruptionStateProvider: No alerting: suppressed due to group alert behavior
2022-08-01 09:52:27.457 5468-5468/? D/InterruptionStateProvider: Group alert behavior is suppressed but we want to alert bubble
2022-08-01 09:52:27.457 5468-5468/? D/InterruptionStateProvider: No bubble up: not allowed to bubble: 0|com.google.android.apps.docs|0|346639417::SUMMARY::ac993239b33c071d8abf2aedacec9092|10241
2022-08-01 09:52:27.457 5468-5468/? D/InterruptionStateProvider: No alerting: suppressed due to group alert behavior
2022-08-01 09:52:27.457 5468-5468/? D/InterruptionStateProvider: Group alert behavior is suppressed but we want to alert bubble
2022-08-01 09:52:27.457 5468-5468/? D/InterruptionStateProvider: No bubble up: not allowed to bubble: 0|com.google.android.apps.docs|0|346639417::a:CHIME_ACCESS_REQUEST:9ba1571c7f07b366|10241
2022-08-01 09:52:27.457 5468-5468/? D/InterruptionStateProvider: No bubble up: not allowed to bubble: 0|com.google.android.gms|1000|a:NEW_OAUTH_GRANT_RENDERER:127:0:103514148381953362289|10219
2022-08-01 09:52:27.458 5468-5468/? D/InterruptionStateProvider: No bubble up: not allowed to bubble: 0|com.google.android.gms|1000|a:NEW_SIGN_IN_RENDERER:179d97c088300000:103514148381953362289|10219
2022-08-01 09:52:27.458 5468-5468/? D/InterruptionStateProvider: No alerting: filtered notification: 10|com.android.settings|2131233140|null|1001000
2022-08-01 09:52:27.458 5468-5468/? D/InterruptionStateProvider: No bubble up: not allowed to bubble: -1|android|27|null|1000
2022-08-01 09:52:27.458 5468-5468/? D/InterruptionStateProvider: No bubble up: not allowed to bubble: -1|com.android.systemui|2131428820|charging_state|10064
2022-08-01 09:52:27.460 8055-8055/? I/ViewRootImpl@5de941d[InputMethod]: Relayout returned: old=(0,110,1080,2340) new=(0,110,1080,2340) req=(1080,2230)0 dur=8 res=0x7 s={true 520065413120} ch=true fn=-1
2022-08-01 09:52:27.469 4754-9429/? I/HYPER-HAL: [RequestManager.cpp]releaseLocked(): Released ID : 32453597
2022-08-01 09:52:27.522 8055-8055/? I/HBD: c [PresenterContainerImpl] onFirstOnLayoutChanged: set touch listeners 
2022-08-01 09:52:27.525 8055-8055/? I/HBD: a [BoardScrapCreator] create: keyboardCount(1) 
2022-08-01 09:52:27.531 8055-8055/? I/HBD: ci updateChangedBoard - [LC:false][TC:false][RC:false][RB:false] 
2022-08-01 09:52:27.532 8055-8055/? I/HBD: d updateCurrentEngine,  65537 ,  SWIFTKEY
2022-08-01 09:52:27.532 8055-8055/? I/HBD: a [SKE_TAM] Changed false
2022-08-01 09:52:27.533 8055-8055/? I/HBD: a [SKE_TAM] custom = false , useEngine = true
2022-08-01 09:52:27.533 8055-8055/? I/HBD: a [SKE_TAM] Changed false
2022-08-01 09:52:27.537 8055-8055/? I/HBD: a refresh(), mParameterMode,  0
2022-08-01 09:52:27.538 8055-8055/? I/HBD: a [PF_EN] updateChangedBoard() 6 
2022-08-01 09:52:27.544 8055-8055/? I/ViewRootImpl@5de941d[InputMethod]: [DP] dp(1) 1 android.view.ViewRootImpl.reportNextDraw:11374 android.view.ViewRootImpl.performTraversals:4167 android.view.ViewRootImpl.doTraversal:2893 
2022-08-01 09:52:27.609 8055-8055/? I/ViewRootImpl@5de941d[InputMethod]: [DP] pdf(0) 1 android.view.ViewRootImpl.lambda$addFrameCompleteCallbackIfNeeded$3$ViewRootImpl:4969 android.view.ViewRootImpl$$ExternalSyntheticLambda16.run:6 android.os.Handler.handleCallback:938 
2022-08-01 09:52:27.609 8055-8055/? I/ViewRootImpl@5de941d[InputMethod]: [DP] rdf()
2022-08-01 09:52:27.610 5107-5984/? D/WindowManager: finishDrawingWindow: Window{10406f3 u0 InputMethod} mDrawState=DRAW_PENDING
2022-08-01 09:52:27.615 8408-8408/? D/InsetsController: show(ime(), fromIme=true)
2022-08-01 09:52:27.617 8408-8408/? D/InsetsSourceConsumer: setRequestedVisible: visible=true, type=19, host=com.telex.pttoc/net.intracomsystems.webrtc2.webView.WebViewActivity, from=android.view.InsetsSourceConsumer.show:235 android.view.InsetsController.showDirectly:1489 android.view.InsetsController.controlAnimationUnchecked:1137 android.view.InsetsController.applyAnimation:1456 android.view.InsetsController.applyAnimation:1437 android.view.InsetsController.show:976 android.view.ViewRootImpl$ViewRootHandler.handleMessageImpl:6457 android.view.ViewRootImpl$ViewRootHandler.handleMessage:6382 android.os.Handler.dispatchMessage:106 android.os.Looper.loopOnce:226 
2022-08-01 09:52:27.619 5107-7803/? D/InputMethodManagerServicePhysicalKey: isConnectedDexOnPC false
2022-08-01 09:52:27.623 5107-5984/? D/InsetsSourceProvider: updateVisibility: serverVisible=true, clientVisible=true, source=InsetsSource: {mType=ITYPE_IME, mFrame=[0,1346][1080,2340], mVisible=true, mWindowFrame=[0,0][0,0]}, controlTarget=Window{b7515b2 u0 com.telex.pttoc/net.intracomsystems.webrtc2.webView.WebViewActivity}, from=com.android.server.wm.ImeInsetsSourceProvider.updateVisibility:89 com.android.server.wm.InsetsSourceProvider.setClientVisible:428 com.android.server.wm.InsetsSourceProvider.updateClientVisibility:413 com.android.server.wm.InsetsStateController.onInsetsModified:508 com.android.server.wm.InsetsPolicy.onInsetsModified:510 com.android.server.wm.Session.insetsModified:704 android.view.IWindowSession$Stub.onTransact:1256 com.android.server.wm.Session.onTransact:176 android.os.Binder.execTransactInternal:1220 android.os.Binder.execTransact:1179 
2022-08-01 09:52:27.624 5107-5984/? I/WindowManager: Cancelling animation restarting=false, leash=Surface(name=Surface(name=a8e6c03 NavigationBar0)/@0xa2a40dc - animation-leash of insets_animation)/@0x690cee0
2022-08-01 09:52:27.624 5107-5984/? I/WindowManager: Reparenting to original parent: Surface(name=WindowToken{90ce6bd android.os.BinderProxy@e293067})/@0x9e8d5e5, destroy=false, surface=Surface(name=a8e6c03 NavigationBar0)/@0xa2a40dc
2022-08-01 09:52:27.625 5107-7803/? D/InputMethodManagerService: isImeSwitcherDisabledPackage : false
2022-08-01 09:52:27.637 5468-5468/? D/PipMotionHelper: animateToOffset: originalBounds=Rect(533, 1020 - 1038, 1304) offset=-126 callers=
        com.android.wm.shell.pip.phone.PipTouchHandler.onMovementBoundsChanged:482
        com.android.wm.shell.pip.phone.PipController.updateMovementBounds:700
        com.android.wm.shell.pip.phone.PipController.access$600:98
        com.android.wm.shell.pip.phone.PipController$PipControllerPinnedTaskListener.onMovementBoundsChanged:237
        com.android.wm.shell.pip.PinnedStackListenerForwarder.onMovementBoundsChanged:65
2022-08-01 09:52:27.646 8055-8055/? I/HBD: al EBD si t 0 
2022-08-01 09:52:27.647 4809-4809/? I/Layer: id=1730 removeFromCurrentState Surface(name=a8e6c03 NavigationBar0)/@0xa2a40dc - animation-leash of insets_animation#1 (103)
2022-08-01 09:52:27.651 8055-8055/? I/HBD: HoneyBoardService onCreateInlineSuggestionsRequest 
2022-08-01 09:52:27.653 4809-6132/? I/SurfaceFlinger: id=1730 Removed Surface(name=a8e6c03 NavigationBar0)/@0xa2a40dc - animation-leash of insets_animation#1 (103)
2022-08-01 09:52:27.661 5468-5468/? V/Navbar.Store: handleEvent [EventType] ON_NAVBAR_ICON_HINT_CHANGED [Module] NavigationBar  KEYS_NAVBAR_ICON_HINT=0
2022-08-01 09:52:27.662 5468-5468/? V/Navbar.Store: --[Band]SETUPWIZARD_PACK_SET_NAVBAR_ICON_HINT
2022-08-01 09:52:27.662 5468-5468/? V/Navbar.Store: ----getValue(BOOL_NAVBAR_BUTTON_FORCED_VISIBLE)=false
2022-08-01 09:52:27.662 5468-5468/? V/Navbar.Store: ----getValue(BOOL_NAVBAR_SETUPWIZARD_STYLE)=false
2022-08-01 09:52:27.662 5468-5468/? V/Navbar.Store: --[Band]VIS_PACK_REEVAULATE_NAVBAR
2022-08-01 09:52:27.663 5468-5468/? V/Navbar.Store: ----apply(REEVALUATE_NAVBAR)
2022-08-01 09:52:27.663 5468-5468/? V/Navbar.Store: ----handleEvent [EventType] GET_BOOL_REGION_SAMPLING_ENABLED [Module] LightBarController  KEYS_DEFAULT=false
2022-08-01 09:52:27.663 5468-5468/? V/Navbar.Store: ------[Band]COLOR_PACK_GET_REGION_SAMPLING_ENABLED
2022-08-01 09:52:27.663 4809-4809/? I/Layer: id=1730 Destroyed Surface(name=a8e6c03 NavigationBar0)/@0xa2a40dc - animation-leash of insets_animation#1
2022-08-01 09:52:27.663 5468-5468/? V/Navbar.Store: --------getValue(BOOL_REGION_SAMPLING_ENABLED)=false
2022-08-01 09:52:27.669 4809-4809/? D/SurfaceFlinger: Display 0 HWC layers:
     SOLID_COLOR |              | 0000 |  Unknown  |    0.0    0.0    0.0    0.0 |    0    0 1080  110 | Letterbox - top#0
         DEVICE | 0x7c853c7540 | 0102 | RGBA_8888    |    0.0    0.0 1080.0 2230.0 |    0  110 1080 2340 | com.telex.pttoc/net.intracomsystems.webrtc2.webView.WebViewActivity$_8408#0
         DEVICE | 0x7c62d63480 | 0100 | RGBA_8888    |    0.0    0.0 1080.0 1500.0 |    0  840 1080 2340 | InputMethod$_8055#0
         DEVICE | 0x7c853ca380 | 0100 | RGBA_8888    |    0.0    0.0 1080.0  126.0 |    0 2214 1080 2340 | NavigationBar0$_5468#0
2022-08-01 09:52:27.674 4809-4809/? I/SurfaceFlinger: Setting desired display mode specs: default mode ID: 0, allowGroupSwitching = 0, primary range: [60.00fps 60.00fps], app request range: [60.00fps 60.00fps]
2022-08-01 09:52:27.675 7665-7665/? I/SS:AugmentedAutofillService: AugmentedAutofillService: onFillRequest()
2022-08-01 09:52:27.676 7665-7665/? I/SS:HintsMappingManager: getEntityTypeFromResourceMap map: net.intracomsystems.webrtc2.virtualMatrixChooser.VMCActivity_com.telex.pttoc_ip_input, value: null
2022-08-01 09:52:27.676 7665-7665/? I/SS:AugmentedAutofillService: AssistStructureParser Hint: postalAddress
2022-08-01 09:52:27.677 7665-7665/? I/SS:AugmentedAutofillService:  entityType:map_address not supported now!
2022-08-01 09:52:27.678 6034-10168/? I/TouchInteractionService: onActiveNavBarRegionChanges, region : SkRegion((0,2214,388,2219)(389,2214,690,2219)(691,2214,961,2219)(0,2219,388,2340)(389,2219,690,2340)(691,2219,961,2340)(962,2219,1087,2340))
2022-08-01 09:52:27.678 5468-5468/? V/Navbar.Store: ----handleEvent [EventType] ON_UPDATE_REMOTEVIEW [Module] SamsungNavigationBarView  KEYS_NAVBAR_DARK_INTENSITY=0.0  KEYS_CONTEXTUALBUTTON_VISIBLE=false  KEYS_LEFT_REMOTEVIEW_CONTAINER=android.widget.LinearLayout{244b82c I.E...... ......I. 0,0-118,126 #7f0b0478 app:id/left_remoteview}  KEYS_RIGHT_REMOTEVIEW_CONTAINER=android.widget.LinearLayout{56802f5 I.E...... ......I. 962,0-1080,126 #7f0b070a app:id/right_remoteview}
2022-08-01 09:52:27.678 5468-5468/? V/Navbar.Store: ------[Band]REMOTE_VIEW_PACK_SET_REMOTEVIEW_CONTAINER
2022-08-01 09:52:27.678 5468-5468/? V/Navbar.Store: --------apply(UPDATE_NAVBAR_REMOTEVIEW_CONTAINER)
2022-08-01 09:52:27.678 5468-5468/? V/Navbar.Store: --------apply(UPDATE_NAVBAR_RIGHT_REMOTEVIEW_VISIBILITY)
2022-08-01 09:52:27.678 5468-5468/? V/Navbar.Store: --------getValue(FLOAT_REMOTEVIEW_DARK_INTENSITY)=0.0
2022-08-01 09:52:27.679 8055-10006/? I/HBD: b [SKE_KPM] load kpm : /data/user/0/com.samsung.android.honeyboard/app_KeyPressModel/model_0_0_-667254808.im
2022-08-01 09:52:27.680 6034-10168/? I/TouchInteractionService: onActiveNavBarRegionChanges, region : SkRegion((0,2214,388,2340)(389,2214,690,2340)(691,2214,961,2340))
2022-08-01 09:52:27.680 4809-4809/? I/SurfaceFlinger: SFWD update time=144749427292544
2022-08-01 09:52:27.682 5107-6093/? D/InputMethodManagerServicePhysicalKey: isConnectedDexOnPC false
2022-08-01 09:52:27.683 5107-6093/? D/InputMethodManagerService: isImeSwitcherDisabledPackage : false
2022-08-01 09:52:27.683 5107-6093/? D/InputMethodManagerService: shouldShowImeSwitcherLocked : checking vis : 3
2022-08-01 09:52:27.684 5468-5468/? V/Navbar.Store: handleEvent [EventType] GET_BOOL_NAVBAR_CAN_MOVE_STATE [Module] SamsungNavigationBarView  KEYS_DEFAULT=true
2022-08-01 09:52:27.684 5468-5468/? V/Navbar.Store: --[Band]CONFIG_PACK_GET_NAVBAR_CAN_MOVE
2022-08-01 09:52:27.684 5468-5468/? V/Navbar.Store: ----getValue(BOOL_NAVBAR_CAN_MOVE)=true
2022-08-01 09:52:27.685 6034-10168/? I/TouchInteractionService: onSystemUiStateChanged, stateFlags : 0
2022-08-01 09:52:27.685 6034-6069/? I/TouchInteractionService: onActiveNavBarRegionChanges, region : SkRegion((0,2214,388,2340)(389,2214,690,2340)(691,2214,961,2340))
2022-08-01 09:52:27.686 5468-5468/? V/Navbar.Store: handleEvent [EventType] GET_BOOL_USE_NAVBAR_BACKGROUND_FRAME [Module] NavigationBarTransitions  KEYS_DEFAULT=false
2022-08-01 09:52:27.686 5468-5468/? V/Navbar.Store: --[Band]COLOR_PACK_GET_USE_NAVBAR_BACKGROUND_FRAME
2022-08-01 09:52:27.686 5468-5468/? V/Navbar.Store: ----getValue(BOOL_NAVBAR_GESTURAL_MODE)=false
2022-08-01 09:52:27.686 5468-5468/? V/Navbar.Store: ----getValue(BOOL_NAVBAR_OPAQUE)=false
2022-08-01 09:52:27.686 5468-5468/? V/Navbar.Store: ----getValue(BOOL_NAVBAR_PINNED_EDGE_ENABELD)=false
2022-08-01 09:52:27.686 6034-6034/? I/TouchInteractionService: onSystemUiFlagsChanged, userUnlocked
2022-08-01 09:52:27.687 5468-5468/? V/Navbar.Store: handleEvent [EventType] ON_NAVBAR_ICON_HINT_CHANGED [Module] NavigationBar  KEYS_NAVBAR_ICON_HINT=3
2022-08-01 09:52:27.687 5468-5468/? V/Navbar.Store: --[Band]SETUPWIZARD_PACK_SET_NAVBAR_ICON_HINT
2022-08-01 09:52:27.688 5468-5468/? V/Navbar.Store: ----getValue(BOOL_NAVBAR_BUTTON_FORCED_VISIBLE)=false
2022-08-01 09:52:27.688 5468-5468/? V/Navbar.Store: ----getValue(BOOL_NAVBAR_SETUPWIZARD_STYLE)=false
2022-08-01 09:52:27.688 5468-5468/? V/Navbar.Store: --[Band]VIS_PACK_REEVAULATE_NAVBAR
2022-08-01 09:52:27.688 5468-5468/? V/Navbar.Store: ----apply(REEVALUATE_NAVBAR)
2022-08-01 09:52:27.688 5468-5468/? V/Navbar.Store: ----handleEvent [EventType] GET_BOOL_REGION_SAMPLING_ENABLED [Module] LightBarController  KEYS_DEFAULT=false
2022-08-01 09:52:27.688 5468-5468/? V/Navbar.Store: ------[Band]COLOR_PACK_GET_REGION_SAMPLING_ENABLED
2022-08-01 09:52:27.688 5468-5468/? V/Navbar.Store: --------getValue(BOOL_REGION_SAMPLING_ENABLED)=false
2022-08-01 09:52:27.689 5468-5468/? V/Navbar.Store: handleEvent [EventType] GET_BOOL_SHOW_KEYBOARD_BUTTON [Module] SamsungNavigationBarView  KEYS_PORTRAIT=true  KEYS_DEFAULT=true
2022-08-01 09:52:27.689 5468-5468/? V/Navbar.Store: --[Band]GESTURE_PACK_SHOW_KEYBOARD_BUTTON
2022-08-01 09:52:27.689 5468-5468/? V/Navbar.Store: ----getValue(BOOL_NAVBAR_GESTURAL_MODE)=false
2022-08-01 09:52:27.690 6034-6069/? I/TouchInteractionService: onActiveNavBarRegionChanges, region : SkRegion((0,2214,388,2340)(389,2214,690,2340)(691,2214,961,2340))
2022-08-01 09:52:27.691 5468-5468/? V/Navbar.Store: ----handleEvent [EventType] ON_UPDATE_REMOTEVIEW [Module] SamsungNavigationBarView  KEYS_NAVBAR_DARK_INTENSITY=0.0  KEYS_CONTEXTUALBUTTON_VISIBLE=true  KEYS_LEFT_REMOTEVIEW_CONTAINER=android.widget.LinearLayout{244b82c I.E...... ......I. 0,0-118,126 #7f0b0478 app:id/left_remoteview}  KEYS_RIGHT_REMOTEVIEW_CONTAINER=android.widget.LinearLayout{56802f5 I.E...... ......I. 962,0-1080,126 #7f0b070a app:id/right_remoteview}
2022-08-01 09:52:27.691 5468-5468/? V/Navbar.Store: ------[Band]REMOTE_VIEW_PACK_SET_REMOTEVIEW_CONTAINER
2022-08-01 09:52:27.691 5468-5468/? V/Navbar.Store: --------apply(UPDATE_NAVBAR_REMOTEVIEW_CONTAINER)
2022-08-01 09:52:27.691 5468-5468/? V/Navbar.Store: --------apply(UPDATE_NAVBAR_RIGHT_REMOTEVIEW_VISIBILITY)
2022-08-01 09:52:27.691 5468-5468/? V/Navbar.Store: --------getValue(FLOAT_REMOTEVIEW_DARK_INTENSITY)=0.0
2022-08-01 09:52:27.692 6034-6069/? I/TouchInteractionService: onActiveNavBarRegionChanges, region : SkRegion((0,2214,388,2219)(389,2214,690,2219)(691,2214,961,2219)(0,2219,388,2340)(389,2219,690,2340)(691,2219,961,2340)(962,2219,1087,2340))
2022-08-01 09:52:27.693 5468-5468/? V/Navbar.Store: handleEvent [EventType] GET_BOOL_SHOW_KEYBOARD_BUTTON [Module] SamsungNavigationBarView  KEYS_PORTRAIT=true  KEYS_DEFAULT=true
2022-08-01 09:52:27.693 5468-5468/? V/Navbar.Store: --[Band]GESTURE_PACK_SHOW_KEYBOARD_BUTTON
2022-08-01 09:52:27.693 5468-5468/? V/Navbar.Store: ----getValue(BOOL_NAVBAR_GESTURAL_MODE)=false
