07-25 12:17:36.335  5107  5266 I CAE     : sendCmdToSensorHub(SensorHubCommManager.java:156) - -76, 13, -47, 0,
07-25 12:17:36.338  5107  5280 D InputReader: Input event(5): value=0 when=115360.757681
07-25 12:17:36.338  5107  5280 D InputReader: !@notifyKey(116), action=1
07-25 12:17:36.338  5107  5280 D InputManager-JNI: !@interceptKeyBeforeQueueing(116), action=1, interactive=true
07-25 12:17:36.338  5107  5280 D WindowManager: interceptKeyTq keycode=26 interactive=true keyguardActive=true policyFlags=22000000
07-25 12:17:36.338  5107  5280 D PhoneWindowManagerExt: interceptKeyTq code=26 down=false repeatCount=0 displayId=-1
07-25 12:17:36.339  5107  5280 D PhoneWindowManagerExt: systemKeyEventRequested REMOVE_PASS
07-25 12:17:36.339  5107  5280 D WindowManager: interceptKeyTq interceptKeyResult=8
07-25 12:17:36.343  5107  5280 D InputManager-JNI: !@handleInterceptActions(116), action=1, wmActions=0
07-25 12:17:36.343  5107  5152 I WindowManager: Waiting for drawn Window{30abd89 u0 NotificationShade}: removed=false visible=true mHasSurface=true drawState=1
07-25 12:17:36.343  5107  5267 D SensorService: setSContextDataLocked ints length 2 , byte length 4
07-25 12:17:36.343  5107  5267 D SensorService: setSContextDataLocked d10db4
07-25 12:17:36.346  5468  5468 I StatusBar: makeExpandedVisible : mExpandedVisible = true, force = true, panelsEnabled = true
07-25 12:17:36.351  5107  6581 W NetlinkSocket: maximum read
07-25 12:17:36.351  5107  6581 W NetlinkSocket: maximum read
07-25 12:17:36.351  5107  6581 W NetlinkSocket: maximum read
07-25 12:17:36.361  5107  5107 D SGM:GameManager: onDisplayChanged. displyId: 0, state: 2
07-25 12:17:36.363  5468  5468 D StatusBar: disable<e i a s b H R c s k t > disable2<q i n >
07-25 12:17:36.364  5107  5107 D AODManagerService: requestReCalToTSP IsSingleTouchMode = false / previousDisplayState = OFF
07-25 12:17:36.364  4739  4739 I SensorsHub: SContextSensor::injecet_sensor_data
07-25 12:17:36.364  4739  4739 D SensorsHub: b4 0d d1 00  
07-25 12:17:36.365  4739  4739 D SensorsHub: inject_scontext_data: New ssp_data_injection_fd(25)
07-25 12:17:36.365  5107  5289 D SGM:GameManager: onLooperPrepared(), msg: MSG_LCD_ON
07-25 12:17:36.365  4739  4739 D SensorsHub: SContext Data Injection return 4
07-25 12:17:36.365  5107  5107 D BrightnessSynchronizer: onDisplayChanged() : displayId=0
07-25 12:17:36.365  5107  5289 D SGM:GameManager: handleLcdOn(). isDeviceLocked: true, inKeyguardRestrictedInputMode: true
07-25 12:17:36.366  5107  5289 D SGM:GameManager: process is not found.
07-25 12:17:36.368  5107  5266 I CAE     : sendCmdToSensorHub(SensorHubCommManager.java:156) - -63, 71, 0, 1,
07-25 12:17:36.369  5107  5267 D SensorService: setSContextDataLocked ints length 2 , byte length 4
07-25 12:17:36.369  5107  5267 D SensorService: setSContextDataLocked 10047c1
07-25 12:17:36.369  4739  4739 I SensorsHub: SContextSensor::injecet_sensor_data
07-25 12:17:36.369  4739  4739 D SensorsHub: c1 47 00 01  
07-25 12:17:36.370  4739  4739 D SensorsHub: inject_scontext_data: New ssp_data_injection_fd(25)
07-25 12:17:36.370  5107  5107 D BrightnessSynchronizer: updateScreenBrightness: type=2 mPreferredSettingValue=NaN(-1) currentBrightnessInt=114 currentBrightnessIntFromFloat=114(0.44705886)
07-25 12:17:36.370  4739  4739 D SensorsHub: SContext Data Injection return 4
07-25 12:17:36.370  5107  5700 D CompatibilityChangeReporter: Compat change id reported: 135634846; UID 10067; state: DISABLED
07-25 12:17:36.370  5107  5107 I SingleKeyGesture: Detect press KEYCODE_POWER, count=0 activeRule=KeyCode=KEYCODE_POWER, LongPress=true, VeryLongPress=false, MaxMultiPressCount=1 mActiveRule=KeyCode=KEYCODE_POWER, LongPress=true, VeryLongPress=false, MaxMultiPressCount=1 receiveCount=1
07-25 12:17:36.370  5107  5700 D CompatibilityChangeReporter: Compat change id reported: 177438394; UID 10067; state: DISABLED
07-25 12:17:36.370  5107  5700 D CompatibilityChangeReporter: Compat change id reported: 135772972; UID 10067; state: DISABLED
07-25 12:17:36.370  5107  5700 D CompatibilityChangeReporter: Compat change id reported: 135754954; UID 10067; state: ENABLED
07-25 12:17:36.371  5107  5163 D CompatibilityChangeReporter: Compat change id reported: 143937733; UID 10067; state: ENABLED
07-25 12:17:36.371  5107  5266 I CAE     : handleMessage(CaPowerManager.java:207) - SCREEN_ON
07-25 12:17:36.374  2060 15180 I NearbyDiscovery: FastPairScanner: isScreenOn=true, scanWithScreenOff=false, isLocationEnabled=true, disableLocationRequirement=true, isDiscoveryScanningEnabled=true, during24GhzWifiWarmingUpPeriod=false [CONTEXT service_id=49 ]
07-25 12:17:36.378  2060 15180 I BluetoothAdapter: STATE_BLE_ON
07-25 12:17:36.379  2060 15180 I BluetoothAdapter: appoCount is = 0
07-25 12:17:36.382  5468  5468 D StatusBar: disable<e i a s b H R c s k t > disable2<q i n >
07-25 12:17:36.382  5468  5468 D KeyguardWallpaperController: mWallpaperView.reset()
07-25 12:17:36.383  5468  5468 D AODOverlayContainer: setVisibility 8
07-25 12:17:36.383  2060 15180 I NearbyDiscovery: FastPairScanner: eventType=SCREEN_ON_FROM_DISPLAY_OBSERVER, intReq=false, scanning=false, scanAllowed=true, bleEnabled=false, bleScanAvailable=false, lockScanRate=false [CONTEXT service_id=49 ]
07-25 12:17:36.383  2060 15180 I NearbyDiscovery: FastPairScanner: BLE not available, eventType=SCREEN_ON_FROM_DISPLAY_OBSERVER [CONTEXT service_id=49 ]
07-25 12:17:36.387  5468  5468 D KeyguardRectangleAffordanceView: reset right:false
07-25 12:17:36.392  5468  5468 D KeyguardRectangleAffordanceView: reset right:true
07-25 12:17:36.393  5107  5107 D SingleKeyGesture: reset counter=0 mActiveRule=KeyCode=KEYCODE_POWER, LongPress=true, VeryLongPress=false, MaxMultiPressCount=1 Callers(5)=com.android.server.policy.SingleKeyGestureDetector$KeyHandler.handleMessage:605 android.os.Handler.dispatchMessage:106 android.os.Looper.loopOnce:226 android.os.Looper.loop:313 com.android.server.SystemServer.run:1276 
07-25 12:17:36.394  5107  5107 I WindowManager: Suppressed redundant power key press while already in the process of turning the screen on.
07-25 12:17:36.397  4697  4697 D Zygote  : Forked child process 16112
07-25 12:17:36.397  5468  5468 V SecQSFragmentAnimatorBase: setQsExpanded false
07-25 12:17:36.398  5468  5468 D MultiSIMPreferredSlotBar: setExpanded : false mShowing : false
07-25 12:17:36.398  5468  5468 D MultiSIMController: unRegisterSimCardManagerCallback : mSimCardManagerService is null 
07-25 12:17:36.399  5107  5163 I ActivityManager: Start proc 16112:com.samsung.android.dynamiclock/u0a67 for content provider {com.samsung.android.dynamiclock/com.samsung.android.dynamiclock.data.provider.DynamicLockProvider}
07-25 12:17:36.403  5468  6089 D QSClockBellTower: onReceive(android.intent.action.TIME_TICK) mTimeZoneString:null
07-25 12:17:36.415  5107  5107 D SensorService: Calling batch handle==1 flags=0 rate=160000000 timeout== 2000000000
07-25 12:17:36.416  4739  4739 I SensorsHub: batch: handle=1 period=160000000 timeout=2000000000
07-25 12:17:36.417  4739  4739 I SensorsHub: activate: handle 1 enable 1
07-25 12:17:36.417  5468  5468 V SecQSFragmentAnimatorBase: setQsExpanded false
07-25 12:17:36.417  5468  5468 D MultiSIMPreferredSlotBar: setExpanded : false mShowing : false
07-25 12:17:36.417  5468  5468 D MultiSIMController: unRegisterSimCardManagerCallback : mSimCardManagerService is null 
07-25 12:17:36.417  4739  4739 I SensorsHub: type : 1, enable : 1
07-25 12:17:36.418  5468  5468 D MultiSIMPreferredSlotBar: setExpanded : false mShowing : false
07-25 12:17:36.418  5468  5468 D MultiSIMController: unRegisterSimCardManagerCallback : mSimCardManagerService is null 
07-25 12:17:36.418  5468  5468 D QS      : setQSExpansion 0.0 -595.0
07-25 12:17:36.418  5107  5107 D SensorManager: registerListener :: 1, ICM42605M Accelerometer, 200000, 2000000, com.android.server.power.FaceDownDetector@3dff98a
07-25 12:17:36.422  5468  5468 V BlurredCaptureStorage: CaptureBlurView alpha : 0.0
07-25 12:17:36.424  5468  5468 D KeyguardTouchAnimator: reset unlockExecuted=false
07-25 12:17:36.425  5468  5468 D KeyguardTouchDymLockInjector: resetDynamicLock mIsDynamicLockEnabled: false
07-25 12:17:36.433  5107  7787 D LSOService: isConfigured(LOCKSCREEN_ANY_FEATURE) - false
07-25 12:17:36.435  8055  8055 I HBD     : a currentConnectionState : false 
07-25 12:17:36.436  5468  5468 D StatusBar: updateQsExpansionEnabled - QS Expand enabled: true
07-25 12:17:36.438  5468  5468 I KeyguardViewMediator: updateActivityLockScreenState true false
07-25 12:17:36.442  5107  7714 D ActivityTaskManager: setLockScreenShown(true,false) is called from 0
07-25 12:17:36.444  5107  7714 D DARUtil : Device owner status not updated yet...
07-25 12:17:36.444  5107  7714 D DARUtil : Not an enterprise user : 0
07-25 12:17:36.444  5107  7714 D DARUtil : Device owner status not updated yet...
07-25 12:17:36.445  5107  7714 D DARUtil : Not an enterprise user : 0
07-25 12:17:36.445  5107  5107 D FreecessController: UFZ : com.samsung.android.knox.kpu(12906)
07-25 12:17:36.448  5107  7714 I WindowManager: Waiting for drawn Window{30abd89 u0 NotificationShade}: removed=false visible=true mHasSurface=true drawState=1
07-25 12:17:36.449  5107  6616 W LocationManagerService: onFreezeStateChanged, uid[10391]=false
07-25 12:17:36.449  5107  5107 D FreecessController: UFZ : com.samsung.android.knox.kpu(0), reason: TopApp-ScreenOn
07-25 12:17:36.452  5107  5151 D DARUtil : Device owner status not updated yet...
07-25 12:17:36.452  6638  6674 W BtGatt.GattService: unfreezeScan() - No AppScanStats found with uid: 10391
07-25 12:17:36.452  5107  5151 D DARUtil : Not an enterprise user : 0
07-25 12:17:36.452  5107  5151 D DARUtil : Device owner status not updated yet...
07-25 12:17:36.452  5107  5151 D DARUtil : Not an enterprise user : 0
07-25 12:17:36.462  5107  5151 V UsbDeviceManager: onKeyguardStateChanged: isShowing:true secure:true user:0
07-25 12:17:36.463  5107  5151 D DARUtil : Device owner status not updated yet...
07-25 12:17:36.463  5107  5151 D DARUtil : Not an enterprise user : 0
07-25 12:17:36.463  5107  5151 D DARUtil : Device owner status not updated yet...
07-25 12:17:36.463  5107  5151 D DARUtil : Not an enterprise user : 0
07-25 12:17:36.466  5107  5291 D StorageManagerService: handleMessage -> H_KEYGUARD_CHANGED isShowing=true
07-25 12:17:36.467  4696  5323 E TrafficController: FREECESS
07-25 12:17:36.471  5107  6616 I PowerManagerService: [PWL] SetWakeLockEnableDisable uid = 10391 , disable= false
07-25 12:17:36.471  5107  6616 I PowerManagerService: [PWL] can not change uid =  10391
07-25 12:17:36.475 16112 16112 E oid.dynamicloc: Not starting debugger since process cannot load the jdwp agent.
07-25 12:17:36.477 16112 16112 E USNET   : USNET: appName: com.samsung.android.dynamiclock
07-25 12:17:36.479 16112 16112 D ProcessState: Binder ioctl to enable oneway spam detection failed: Invalid argument
07-25 12:17:36.482  4724  4804 D display : setPowerOn, Power on request done
07-25 12:17:36.482  4724  4804 D display : applyPendingConfig, config : 0
07-25 12:17:36.483  4724  4804 I display : needChangeConfig, single config : 0
07-25 12:17:36.484  4724  4804 I display : [compareVsyncPeriod] set the lowest(mode:0) vsync 166 of display(0)
07-25 12:17:36.485  4724  4804 I display : Set m2mMPP capacity(8) for fps(60)
07-25 12:17:36.485  4724  4804 I display : [compareVsyncPeriod] set the lowest(mode:0) vsync 166 of display(0)
07-25 12:17:36.485  4724  4804 I display : Set m2mMPP capacity(8) for fps(60)
07-25 12:17:36.489  5107  5107 D DARUtil : Device owner status not updated yet...
07-25 12:17:36.489  5107  5107 D DARUtil : Not an enterprise user : 0
07-25 12:17:36.489  5107  5107 D DARUtil : Device owner status not updated yet...
07-25 12:17:36.489  5107  5107 D DARUtil : Not an enterprise user : 0
07-25 12:17:36.489  4809  4809 D SurfaceFlinger: Finished setting power mode 2 on display 0
07-25 12:17:36.490  4809  4809 I SurfaceFlinger: SFWD update time=115360909445334
07-25 12:17:36.495  5107  5426 D SurfaceControl: Excessive delay in setPowerMode()
07-25 12:17:36.495  5107  5426 D PowerManagerUtil: !@ display_state: ON: took 256 ms
07-25 12:17:36.497  5107  5107 D SdpManagerImpl: onDeviceLocked : User 0
07-25 12:17:36.497  5107  5107 D DARUtil : Device owner status not updated yet...
07-25 12:17:36.497  5107  5426 D DisplayPowerController[0]: setActualDisplayState: OFF -> ON
07-25 12:17:36.498  5107  5107 D DARUtil : Not an enterprise user : 0
07-25 12:17:36.499  5107  5107 D InputMethodManagerServicePhysicalKey: isConnectedDexOnPC false
07-25 12:17:36.500  5107  5107 D DARUtil : Device owner status not updated yet...
07-25 12:17:36.500  5107  5107 D DARUtil : Not an enterprise user : 0
07-25 12:17:36.500  5107  5107 D DARUtil : Device owner status not updated yet...
07-25 12:17:36.500  5107  5107 D DARUtil : Not an enterprise user : 0
07-25 12:17:36.503  4809  4809 D DisplayDevice: setLayerStack : layerstack=0, DisplayDevice{0, internal, primary, "Internal display"}
07-25 12:17:36.505  5107  5181 D DisplayPowerController[0]: animateScreenStateChange: target=2, mLogicalDisplay.isEnabled()=true
07-25 12:17:36.505  5107  5181 D DisplayPowerController[0]: getFinalBrightness: lowPowerMode: 114 (0.45) -> 114 (0.45)
07-25 12:17:36.505  5107  5181 D DisplayPowerController[0]: getFinalBrightness : Summary is 114 (0.45) -> 114 (0.45)
07-25 12:17:36.506  5468  5468 D KeyguardBottomAreaShortcutView: updateCameraVisibility isCameraDisabled:false visible:true
07-25 12:17:36.510 16112 16112 D ActivityThread: setConscryptValidator
07-25 12:17:36.511 16112 16112 D ActivityThread: setConscryptValidator - put
07-25 12:17:36.516  5107  7787 D CompatibilityChangeReporter: Compat change id reported: 168419799; UID 10067; state: DISABLED
07-25 12:17:36.517  5107  7787 I ActivityManager: DSS OFF for com.samsung.android.dynamiclock
07-25 12:17:36.520  5468  9298 D SamsungAnalytics605033: SendLog Result = 0
07-25 12:17:36.521  5107  7787 D ActivityManager: attachApplicationLocked() app=ProcessRecord{a46bbc3 16112:com.samsung.android.dynamiclock/u0a67} app.isolatedEntryPoint=null instr2=null
07-25 12:17:36.523  5107  5107 D SGM:GameManager: identifyGamePackage. com.samsung.android.knox.kpu, mCurrentUserId: 0, callerUserId: 0, callingMethodInfo: com.android.server.ssrm.SortingMachine.isGame(SortingMachine.java:162)
07-25 12:17:36.523  5107  5107 D SGM:PkgDataHelper: getGamePkgData(). com.samsung.android.knox.kpu
07-25 12:17:36.524  5107  7787 I ActivityManager: Changes in 10067 20 to 5, 0 to 8
07-25 12:17:36.525  5107  5149 D NetworkPolicy: onUidStateChanged() uid: 10067, isForeground(true, 5)
07-25 12:17:36.539 16112 16112 D ActivityThread: handleBindApplication()++ app=com.samsung.android.dynamiclock
07-25 12:17:36.542 16112 16112 D CompatibilityChangeReporter: Compat change id reported: 171979766; UID 10067; state: DISABLED
07-25 12:17:36.543  5468  5468 W AODAlarmTimer_AOD_CHARGING_INFO_TICK: stop : not yet started 
07-25 12:17:36.544  4809  4809 D SurfaceFlinger: Display 0 HWC layers:
07-25 12:17:36.544  4809  4809 D SurfaceFlinger:  SOLID_COLOR |              | 0000 |  Unknown  |    0.0    0.0    0.0    0.0 |    0    0 1080 2340 | ColorFade_d0#0
07-25 12:17:36.544  4809  4809 D SurfaceFlinger: 
07-25 12:17:36.555  4926  5115 D SemNativeCarrierFeature_vendor: getInstance
07-25 12:17:36.557  4926  5008 D SemNativeCarrierFeature_vendor: getInstance
07-25 12:17:36.558  5107  5107 D SamsungAlarmManager: Cancel Alarm calling from uid:1000 pid :5107 / OP:PendingIntent{b3b64da: PendingIntentRecord{ba08d0b android broadcastIntent}}
07-25 12:17:36.559  5468  5468 I FaceWidgetPositionAlgorithm: setup() mStatusBarHeight = 110, mDarkAmount = 0.0, mQsTopPadding = 840, notificationStackHeight = 504, mPanelExpansion = 0.0, mHeight = 2340, mFaceWidgetContainerHeight = 333, mCurrentClockType = 2, notificationType = 0, hasVisibleNotifs = true
07-25 12:17:36.565  5468  5468 D StatusBar: updateQsExpansionEnabled - QS Expand enabled: true
07-25 12:17:36.570  4926  5115 D SemNativeCarrierFeature_vendor: getInstance
07-25 12:17:36.572  4926  5008 D SemNativeCarrierFeature_vendor: getInstance
07-25 12:17:36.573  5468  5468 D ScrimController: State changed to KEYGUARD, blankScreen=false, animation=-1
07-25 12:17:36.579  2060  2109 E bchj    : Phenotype API error. Event # cyuq@864376de, EventCode: 5 [CONTEXT service_id=51 ]
07-25 12:17:36.579  2060  2109 E bchj    : bcgl: 29501: Stale snapshot for com.google.apps.dynamite#com.google.android.gm_Hub(change count changed - expected 52  but was 50)
07-25 12:17:36.579  2060  2109 E bchj    : 	at bcho.b(:com.google.android.gms@222615044@22.26.15 (190400-461192076):14)
07-25 12:17:36.579  2060  2109 E bchj    : 	at bchm.g(:com.google.android.gms@222615044@22.26.15 (190400-461192076):0)
07-25 12:17:36.579  2060  2109 E bchj    : 	at bchj.e(:com.google.android.gms@222615044@22.26.15 (190400-461192076):4)
07-25 12:17:36.579  2060  2109 E bchj    : 	at bchj.f(:com.google.android.gms@222615044@22.26.15 (190400-461192076):2)
07-25 12:17:36.579  2060  2109 E bchj    : 	at antj.en(:com.google.android.gms@222615044@22.26.15 (190400-461192076):1)
07-25 12:17:36.579  2060  2109 E bchj    : 	at ahjx.run(:com.google.android.gms@222615044@22.26.15 (190400-461192076):12)
07-25 12:17:36.579  2060  2109 E bchj    : 	at cfvf.run(:com.google.android.gms@222615044@22.26.15 (190400-461192076):2)
07-25 12:17:36.579  2060  2109 E bchj    : 	at xot.c(:com.google.android.gms@222615044@22.26.15 (190400-461192076):6)
07-25 12:17:36.579  2060  2109 E bchj    : 	at xot.run(:com.google.android.gms@222615044@22.26.15 (190400-461192076):8)
07-25 12:17:36.579  2060  2109 E bchj    : 	at java.util.concurrent.ThreadPoolExecutor.runWorker(ThreadPoolExecutor.java:1167)
07-25 12:17:36.579  2060  2109 E bchj    : 	at java.util.concurrent.ThreadPoolExecutor$Worker.run(ThreadPoolExecutor.java:641)
07-25 12:17:36.579  2060  2109 E bchj    : 	at xty.run(:com.google.android.gms@222615044@22.26.15 (190400-461192076):0)
07-25 12:17:36.579  2060  2109 E bchj    : 	at java.lang.Thread.run(Thread.java:920)
07-25 12:17:36.580  2060  2109 W AsyncOperation: operation=CommitToConfigurationOperationCall, opStatusCode=29501 [CONTEXT service_id=51 ]
07-25 12:17:36.580  2060  2109 W AsyncOperation: OperationException[Status{statusCode=Stale snapshot for com.google.apps.dynamite#com.google.android.gm_Hub(change count changed - expected 52  but was 50), resolution=null}]
07-25 12:17:36.580  2060  2109 W AsyncOperation: 	at bchj.e(:com.google.android.gms@222615044@22.26.15 (190400-461192076):6)
07-25 12:17:36.580  2060  2109 W AsyncOperation: 	at bchj.f(:com.google.android.gms@222615044@22.26.15 (190400-461192076):2)
07-25 12:17:36.580  2060  2109 W AsyncOperation: 	at antj.en(:com.google.android.gms@222615044@22.26.15 (190400-461192076):1)
07-25 12:17:36.580  2060  2109 W AsyncOperation: 	at ahjx.run(:com.google.android.gms@222615044@22.26.15 (190400-461192076):12)
07-25 12:17:36.580  2060  2109 W AsyncOperation: 	at cfvf.run(:com.google.android.gms@222615044@22.26.15 (190400-461192076):2)
07-25 12:17:36.580  2060  2109 W AsyncOperation: 	at xot.c(:com.google.android.gms@222615044@22.26.15 (190400-461192076):6)
07-25 12:17:36.580  2060  2109 W AsyncOperation: 	at xot.run(:com.google.android.gms@222615044@22.26.15 (190400-461192076):8)
07-25 12:17:36.580  2060  2109 W AsyncOperation: 	at java.util.concurrent.ThreadPoolExecutor.runWorker(ThreadPoolExecutor.java:1167)
07-25 12:17:36.580  2060  2109 W AsyncOperation: 	at java.util.concurrent.ThreadPoolExecutor$Worker.run(ThreadPoolExecutor.java:641)
07-25 12:17:36.580  2060  2109 W AsyncOperation: 	at xty.run(:com.google.android.gms@222615044@22.26.15 (190400-461192076):0)
07-25 12:17:36.580  2060  2109 W AsyncOperation: 	at java.lang.Thread.run(Thread.java:920)
07-25 12:17:36.582  2060  2109 E bchj    : Phenotype API error. Event # cyuq@79dba93f, EventCode: 5 [CONTEXT service_id=51 ]
07-25 12:17:36.582  2060  2109 E bchj    : bcgl: 29501: Stale snapshot for com.google.apps.dynamite#com.google.android.gm_Hub(change count changed - expected 52  but was 50)
07-25 12:17:36.582  2060  2109 E bchj    : 	at bcho.b(:com.google.android.gms@222615044@22.26.15 (190400-461192076):14)
07-25 12:17:36.582  2060  2109 E bchj    : 	at bchm.g(:com.google.android.gms@222615044@22.26.15 (190400-461192076):0)
07-25 12:17:36.582  2060  2109 E bchj    : 	at bchj.e(:com.google.android.gms@222615044@22.26.15 (190400-461192076):4)
07-25 12:17:36.582  2060  2109 E bchj    : 	at bchj.f(:com.google.android.gms@222615044@22.26.15 (190400-461192076):2)
07-25 12:17:36.582  2060  2109 E bchj    : 	at antj.en(:com.google.android.gms@222615044@22.26.15 (190400-461192076):1)
07-25 12:17:36.582  2060  2109 E bchj    : 	at ahjx.run(:com.google.android.gms@222615044@22.26.15 (190400-461192076):12)
07-25 12:17:36.582  2060  2109 E bchj    : 	at cfvf.run(:com.google.android.gms@222615044@22.26.15 (190400-461192076):2)
07-25 12:17:36.582  2060  2109 E bchj    : 	at xot.c(:com.google.android.gms@222615044@22.26.15 (190400-461192076):6)
07-25 12:17:36.582  2060  2109 E bchj    : 	at xot.run(:com.google.android.gms@222615044@22.26.15 (190400-461192076):8)
07-25 12:17:36.582  2060  2109 E bchj    : 	at java.util.concurrent.ThreadPoolExecutor.runWorker(ThreadPoolExecutor.java:1167)
07-25 12:17:36.582  2060  2109 E bchj    : 	at java.util.concurrent.ThreadPoolExecutor$Worker.run(ThreadPoolExecutor.java:641)
07-25 12:17:36.582  2060  2109 E bchj    : 	at xty.run(:com.google.android.gms@222615044@22.26.15 (190400-461192076):0)
07-25 12:17:36.582  2060  2109 E bchj    : 	at java.lang.Thread.run(Thread.java:920)
07-25 12:17:36.583  2060  2109 W AsyncOperation: operation=CommitToConfigurationOperationCall, opStatusCode=29501 [CONTEXT service_id=51 ]
07-25 12:17:36.583  2060  2109 W AsyncOperation: OperationException[Status{statusCode=Stale snapshot for com.google.apps.dynamite#com.google.android.gm_Hub(change count changed - expected 52  but was 50), resolution=null}]
07-25 12:17:36.583  2060  2109 W AsyncOperation: 	at bchj.e(:com.google.android.gms@222615044@22.26.15 (190400-461192076):6)
07-25 12:17:36.583  2060  2109 W AsyncOperation: 	at bchj.f(:com.google.android.gms@222615044@22.26.15 (190400-461192076):2)
07-25 12:17:36.583  2060  2109 W AsyncOperation: 	at antj.en(:com.google.android.gms@222615044@22.26.15 (190400-461192076):1)
07-25 12:17:36.583  2060  2109 W AsyncOperation: 	at ahjx.run(:com.google.android.gms@222615044@22.26.15 (190400-461192076):12)
07-25 12:17:36.583  2060  2109 W AsyncOperation: 	at cfvf.run(:com.google.android.gms@222615044@22.26.15 (190400-461192076):2)
07-25 12:17:36.583  2060  2109 W AsyncOperation: 	at xot.c(:com.google.android.gms@222615044@22.26.15 (190400-461192076):6)
07-25 12:17:36.583  2060  2109 W AsyncOperation: 	at xot.run(:com.google.android.gms@222615044@22.26.15 (190400-461192076):8)
07-25 12:17:36.583  2060  2109 W AsyncOperation: 	at java.util.concurrent.ThreadPoolExecutor.runWorker(ThreadPoolExecutor.java:1167)
07-25 12:17:36.583  2060  2109 W AsyncOperation: 	at java.util.concurrent.ThreadPoolExecutor$Worker.run(ThreadPoolExecutor.java:641)
07-25 12:17:36.583  2060  2109 W AsyncOperation: 	at xty.run(:com.google.android.gms@222615044@22.26.15 (190400-461192076):0)
07-25 12:17:36.583  2060  2109 W AsyncOperation: 	at java.lang.Thread.run(Thread.java:920)
07-25 12:17:36.585  5107  5107 D LightsService: [api] [SvcLED] turnOff : lightType: BATTERY (uid: 1000 pid: 5107) 
07-25 12:17:36.585  5107  5107 I LightsService: acquireWakeLockForLED : WakeLock path is not initialized
07-25 12:17:36.585  5107  5107 D LightsService: [SvcLED] setSvcLedStateLocked : SvcLEDState: 0x8 -> 0x0 | SvcLED(BATTERY) set Off
07-25 12:17:36.585  5107  5107 D BatteryService: turn off LED
07-25 12:17:36.586  5107  5188 D LightsService: [SvcLED] handleForcedSvcLEDTask()
07-25 12:17:36.586  5107  5107 I HERMES#Service: hermesSecnvmPowerOn called!.
07-25 12:17:36.594  5107  5107 E DEVROOT#CIF:  VFI_processPdpCmd start
07-25 12:17:36.598  5468  5468 D KeyguardSecIndicationPolicy:  remove Item pos = DEFAULT, type =     LEGACY_TRANSIENT
07-25 12:17:36.598  5107  5188 D LightsService: [SvcLED] [setLightLocked] lightType:BATTERY, color:-1, mode: 0, onMS: 500, offMS: 2000
07-25 12:17:36.599  5468  5468 D KeyguardSecIndicationPolicy:  add T Event pos = DEFAULT, type =              BATTERY, id =   322, text = Charging: 73%
07-25 12:17:36.599  5468  5468 D KeyguardSecIndicationPolicy: 2 h 10 m until full, duration = 3000
07-25 12:17:36.599  5468  5468 D KeyguardSecIndicationPolicy:   update top pos = DEFAULT, item = [id=319|ty=BATTERY|pr=40|txt=Charging: 73%
07-25 12:17:36.599  5468  5468 D KeyguardSecIndicationPolicy: 2 h 10 m until full|ti=duration=3000|an=false] -> [id=322|ty=BATTERY|pr=40|txt=Charging: 73%
07-25 12:17:36.599  5468  5468 D KeyguardSecIndicationPolicy: 2 h 10 m until full|ti=duration=3000|an=false]
07-25 12:17:36.602  4928  5130 D SemNativeCarrierFeature_vendor: getInstance
07-25 12:17:36.604  4928  5018 D SemNativeCarrierFeature_vendor: getInstance
07-25 12:17:36.609  4755  4755 I SehLight: led_pattern : 0+
07-25 12:17:36.610  4755  4755 I SehLight: led_pattern : 0-
07-25 12:17:36.611  5107  5188 D LightsService: [SvcLED] setSvcLedLightLocked : Current SvcLED(BATTERY) maintains its priority right
07-25 12:17:36.611  4928  5130 D SemNativeCarrierFeature_vendor: getInstance
07-25 12:17:36.611  5107  5188 I LightsService: releaseWakeLockForLED: WakeLock path is not initialized
07-25 12:17:36.612  5445  5445 I wpa_supplicant: Heartbeat 11483
07-25 12:17:36.613  4928  5018 D SemNativeCarrierFeature_vendor: getInstance
07-25 12:17:36.613  5582  5738 I ImsSecChannelCallback: receive
07-25 12:17:36.628  5582  5738 I IpcDispatcher<1>: [Rx]: (M)IPC_IIL_CMD (S)IPC_IIL_SSAC_INFO (T)EVENT l:13
07-25 12:17:36.631  4767  4794 E DEVROOT#VND:  communicate start cmd:0x3311, length:64
07-25 12:17:36.631  4767  4794 E DEVROOT#VND:  cmd [3311] start...
07-25 12:17:36.632  4767  4794 E DEVROOT#VND:  Not supported command : 3311
07-25 12:17:36.632  4767  4794 E DEVROOT#VND:  cmd [3311] end...[-15001]
07-25 12:17:36.637  4767  4794 E DEVROOT#VND:  communicate end -15001 / length : 0
07-25 12:17:36.637  5107  5107 E DEVROOT#CIF:  Response buffer size is 0
07-25 12:17:36.637  5107  5107 E DEVROOT#CIF:  process_cmd was failed. (-15001)
07-25 12:17:36.637  5107  5107 E DEVROOT#CIF:  VFI_processPdpCmd end (-15001)
07-25 12:17:36.638  5107  5107 I HERMES#Service: notify key guard showing to hermesd ret : -15001
07-25 12:17:36.638  5468  5468 D KeyguardSecIndicationPolicy: update Event pos = DEFAULT, type =      BATTERY_RESTING, id =   323, text = Charging: 73%
07-25 12:17:36.638  5468  5468 D KeyguardSecIndicationPolicy: 2 h 10 m until full
07-25 12:17:36.638  5468  5468 D KeyguardSecIndicationController: addBatteryIndication() status = BatteryStatus{status=2,level=73,plugged=2,health=2,maxChargingWattage=-1,remaining=7826000ultraFastCharger=0}
07-25 12:17:36.638  5582  5582 I SsacManager: updateSSACInfo[1] : Voice(-1:0) Video(-1:0)
07-25 12:17:36.639  5468  5468 D KeyguardSecIndicationPolicy: update Event pos = DEFAULT, type =         UNLOCK_GUIDE, id =   324, text = Swipe to unlock
07-25 12:17:36.642  5107  5266 I CAE     : sendCmdToSensorHub(SensorHubCommManager.java:156) - -63, 71, 0, -15,
07-25 12:17:36.642  5107  5267 D SensorService: setSContextDataLocked ints length 2 , byte length 4
07-25 12:17:36.642  5582  5582 I SsacManager: Voice Call updateSSACInfo[1] : f[100], t[0]
07-25 12:17:36.642  5107  5267 D SensorService: setSContextDataLocked f10047c1
07-25 12:17:36.643  5582  5582 I SsacManager: Video Call updateSSACInfo[1] : f[100], t[0]
07-25 12:17:36.643  4739  4739 I SensorsHub: SContextSensor::injecet_sensor_data
07-25 12:17:36.643  4739  4739 D SensorsHub: c1 47 00 f1  
07-25 12:17:36.643  4739  4739 D SensorsHub: inject_scontext_data: New ssp_data_injection_fd(25)
07-25 12:17:36.643  4739  4739 D SensorsHub: SContext Data Injection return 4
07-25 12:17:36.644  5107  5266 I CAE     : handleMessage(CaPowerManager.java:263) - SCREEN_ON_INTENT
07-25 12:17:36.644  5107  5992 D DARUtil : Device owner status not updated yet...
07-25 12:17:36.644  5107  5992 D DARUtil : Not an enterprise user : 0
07-25 12:17:36.645  5107  5992 D DARUtil : Device owner status not updated yet...
07-25 12:17:36.645  5107  5992 D DARUtil : Not an enterprise user : 0
07-25 12:17:36.645  5107  5272 D MotionRecognitionService:   mReceiver.onReceive : ACTION_SCREEN_ON
07-25 12:17:36.650  5468  5468 D SystemUITextView: updateStyle() flag=3e3e2e0,3e3e070 : com.android.systemui.statusbar.phone.KeyguardIndicationTextView{10069e2 V.ED..... ......ID 486,31-594,85 #7f0b03e1 app:id/keyguard_biometric_error_text_indication}
07-25 12:17:36.650  5107  5107 V SamsungAlarmManager: setLocked to kernel - W:239606916 / NW:239554416, now=239541116
07-25 12:17:36.656  5107  5272 D MotionRecognitionService:   .isMotionEngineEnabled : true
07-25 12:17:36.657  5107  5272 E MotionRecognitionService:  handler : SCREEN_ON end
07-25 12:17:36.661  5468  5468 E SystemUIWidgetRes: Invalid lock_icon_color
07-25 12:17:36.663  5468  5468 E SystemUIWidgetRes: Invalid lock_icon_color_black
07-25 12:17:36.664  5468  5468 D SFText  : clearAllTextEffect
07-25 12:17:36.678  5468  5468 D FaceWidgetViewModel: onStartedWakingUp()
07-25 12:17:36.679  5468  5468 D FaceWidgetClockPage: updateClockColor() page state : SMALL
07-25 12:17:36.682  5468  5468 D WallpaperManager: semGetWallpaperColors, which = 2
07-25 12:17:36.689  5107  5992 D WALLPAPER_SVC:WallpaperManagerService: getWallpaperSafeLocked, userId = 0, which = 2, caller = com.android.server.wallpaper.WallpaperManagerService.semGetWallpaperColors:8221 
07-25 12:17:36.690  5107  5992 D WALLPAPER_SVC:WallpaperManagerService: return dlsSemColors 
07-25 12:17:36.691  5468  5468 D SemWallpaperColorsArea: SemWallpaperColorsArea [1080, 2104]
07-25 12:17:36.691  5468  5468 D SemWallpaperColorsArea: SemWallpaperColorsArea which = 2, mDensity : 2.625, 1080x2104,411x801,41,48, 12
07-25 12:17:36.692  5468  5468 D WallpaperManager: semGetWallpaperColors, which = 2
07-25 12:17:36.693  5107  5992 D WALLPAPER_SVC:WallpaperManagerService: getWallpaperSafeLocked, userId = 0, which = 2, caller = com.android.server.wallpaper.WallpaperManagerService.semGetWallpaperColors:8221 
07-25 12:17:36.693  5107  5992 D WALLPAPER_SVC:WallpaperManagerService: return dlsSemColors 
07-25 12:17:36.693  5468  5468 D SemWallpaperColorsArea: SemWallpaperColorsArea [1080, 2104]
07-25 12:17:36.693  5468  5468 D SemWallpaperColorsArea: SemWallpaperColorsArea which = 2, mDensity : 2.625, 1080x2104,411x801,41,48, 12
07-25 12:17:36.693  5468  5468 I CommonWallpaperUtils: getClockFontColorRGB: #FF494949
07-25 12:17:36.693  5468  5468 I DigitalHorizontalClockView_LOCK_SCREEN: setPaletteIndex : index = 0, mIsWhiteWallpaper = true, PaletteItem = SOLID color : FF494949
07-25 12:17:36.695  5468  5468 I DigitalHorizontalClockView_LOCK_SCREEN: updatePaletteItemTransition : paletteItem = SOLID color : FF494949, animation = false
07-25 12:17:36.704  5468  5468 D WallpaperManager: semGetWallpaperColors, which = 2
07-25 12:17:36.704  5107  5992 D WALLPAPER_SVC:WallpaperManagerService: getWallpaperSafeLocked, userId = 0, which = 2, caller = com.android.server.wallpaper.WallpaperManagerService.semGetWallpaperColors:8221 
07-25 12:17:36.705  5107  5992 D WALLPAPER_SVC:WallpaperManagerService: return dlsSemColors 
07-25 12:17:36.705  5468  5468 D SemWallpaperColorsArea: SemWallpaperColorsArea [1080, 2104]
07-25 12:17:36.705  5468  5468 D SemWallpaperColorsArea: SemWallpaperColorsArea which = 2, mDensity : 2.625, 1080x2104,411x801,41,48, 12
07-25 12:17:36.707  5468  5468 I DigitalHorizontalClockView_LOCK_SCREEN: updateShadowStyle: shadow : [ShadowStyle: shadowRadius = 2.079652, shadowDx = 0.0, shadowDy = 2.0, shadowColor = 50FFFFFF]
07-25 12:17:36.707  5468  5468 I FaceWidgetClockProvider: setPreDefineOrCustomColor() setPreDefineColor(), clockType = 2, index = 0
07-25 12:17:36.708  5468  5468 D FaceWidgetClockPage: updateClockSuspendState() reason = wakingup, suspend=false, kv=true, wa=true, di=true, wu=false, aodDash=false
07-25 12:17:36.708  5468  5468 I DigitalHorizontalClockView_LOCK_SCREEN: suspend : mSuspend = true, enable = false
07-25 12:17:36.708  5468  5468 I DigitalHorizontalClockView_LOCK_SCREEN: onSuspendStateChanged: to false
07-25 12:17:36.715 16112 16112 I DymLock|330348|ReferenceUtil: isTestMode() false
07-25 12:17:36.715 16112 16112 I DymLock|330348|DynamicLockProvider: onCreate() DI
07-25 12:17:36.732  5452  5461 I m.android.phon: Background concurrent copying GC freed 69639(6087KB) AllocSpace objects, 3(48KB) LOS objects, 49% free, 6346KB/12MB, paused 10.055ms,143us total 140.873ms
07-25 12:17:36.732  5452  5461 W m.android.phon: Reducing the number of considered missed Gc histogram windows from 132 to 100
07-25 12:17:36.733 16112 16129 I DymLock|330348|SettingsHelperDLS: readSettingsDB()
07-25 12:17:36.738 16112 16112 I DymLock|330348|InternalCallHandler: registerNotifierHandler() handler [b.c.a.a.g.f.f@b2fe35d]
07-25 12:17:36.738 16112 16112 I DymLock|330348|FreshPackDataSource: new FreshPackDataSource
07-25 12:17:36.739 16112 16112 I DymLock|330348|ReferenceUtil: isTestMode() false
07-25 12:17:36.739 16112 16112 I DymLock|330348|ReferenceUtil: isUpdateTestMode() false
07-25 12:17:36.740  5107  5107 D LightsService: [api] [SvcLED] turnOff : lightType: NOTIFICATIONS (uid: 1000 pid: 5107) 
07-25 12:17:36.740  5107  5107 I LightsService: acquireWakeLockForLED : WakeLock path is not initialized
07-25 12:17:36.741  5107  5107 D LightsService: [SvcLED] setSvcLedStateLocked : SvcLEDState: 0x0 -> 0x0 | SvcLED(NOTIFICATIONS) set Off
07-25 12:17:36.741  5107  5107 D NotificationService:      WAKELOCK/UP clear all delayed lists..
07-25 12:17:36.741  5107  5188 D LightsService: [SvcLED] handleForcedSvcLEDTask()
07-25 12:17:36.741  5107  5188 D LightsService: [SvcLED] setSvcLedLightLocked : Current SvcLED(BATTERY) maintains its priority right
07-25 12:17:36.741  5107  5188 I LightsService: releaseWakeLockForLED: WakeLock path is not initialized
07-25 12:17:36.742  5107  5700 I GenerationRegistry: mBackingStore.isClosed() : false
07-25 12:17:36.743 16112 16112 I DymLock|330348|ContentValues: SEP model
07-25 12:17:36.744 16112 16112 W StubUtils: android.content.pm.PackageManager$NameNotFoundException: SamsungUX.DW.FreshP06.wallpapermulti
07-25 12:17:36.745  5107  5700 I GenerationRegistry: mBackingStore.isClosed() : false
07-25 12:17:36.748  5107  5107 D SmartAlertController: ACTION_SCREEN_ON
07-25 12:17:36.749  5468  5468 I DigitalHorizontalClockView_LOCK_SCREEN: onTimeChanged : [DateTimeInfo : date = Mon, July 25, hourMin = 12:17, hourMinSec = , hour = 12, minute = 17, amPm  = PM, colon = :, second = , timezone = null, isLeftOfAmPm = false, ttsDate = Monday, July 25]
07-25 12:17:36.749  5468  5468 I DigitalHorizontalClockView_LOCK_SCREEN: updatePaletteItemTransition : paletteItem = SOLID color : FF494949, animation = false
07-25 12:17:36.750  5468  5468 D FaceWidgetMusicPageShownManager: mCurrentMediaData is NULL
07-25 12:17:36.750  5468  5468 D FaceWidgetMusicPageShownManager: updateMusicPageShownState() show = false, reattach = false, reason = waking up
07-25 12:17:36.750  5468  5468 D FaceWidgetMusicPageShownManager: skip to show media panel
07-25 12:17:36.751 16112 16112 I StubUtils: getCSC() cscVersion[ATT]
07-25 12:17:36.752  5468  5468 D KeyguardImageWallpaper: onResume, mDrawingState:1
07-25 12:17:36.753  5468  5468 I FixedOrientationController: w = 1080, h = 2340, isRtl = false, newR = 0, oldR = 0
07-25 12:17:36.753  5468  5468 I FixedOrientationController: Same configuration.
07-25 12:17:36.753  5107  5700 I GenerationRegistry: mBackingStore.isClosed() : false
07-25 12:17:36.756  5107  5107 W AlarmManager: Unrecognized alarm listener com.android.server.job.controllers.idle.DeviceIdlenessTracker$$ExternalSyntheticLambda0@99069ff
07-25 12:17:36.758 16112 16112 I DymLock|330348|ContentValues: SEP model
07-25 12:17:36.760 16112 16112 W StubUtils: android.content.pm.PackageManager$NameNotFoundException: SamsungUX.DW.FreshP10.wallpapermulti
07-25 12:17:36.761 16112 16112 I StubUtils: getCSC() cscVersion[ATT]
07-25 12:17:36.762 16112 16112 I DymLock|330348|ContentValues: SEP model
07-25 12:17:36.763 16112 16112 W StubUtils: android.content.pm.PackageManager$NameNotFoundException: SamsungUX.DW.FreshP11.wallpapermulti
07-25 12:17:36.764 16112 16112 I StubUtils: getCSC() cscVersion[ATT]
07-25 12:17:36.764 16112 16112 I DymLock|330348|ContentValues: SEP model
07-25 12:17:36.765 16112 16112 W StubUtils: android.content.pm.PackageManager$NameNotFoundException: SamsungUX.DW.FreshP07.wallpapermulti
07-25 12:17:36.766 16112 16112 I StubUtils: getCSC() cscVersion[ATT]
07-25 12:17:36.766 16112 16112 I DymLock|330348|ContentValues: SEP model
07-25 12:17:36.767 16112 16112 W StubUtils: android.content.pm.PackageManager$NameNotFoundException: SamsungUX.DW.FreshP08.wallpapermulti
07-25 12:17:36.767  5468  5468 W KeyguardSecurityViewFlipper: onMeasure: widthSpec MeasureSpec: EXACTLY 1080 should be AT_MOST
07-25 12:17:36.767 16112 16129 E DymLock|330348|SettingsHelperDLS: Exception occurred
07-25 12:17:36.768 16112 16112 I StubUtils: getCSC() cscVersion[ATT]
07-25 12:17:36.768  5468  5468 W KeyguardSecurityViewFlipper: onMeasure: widthSpec MeasureSpec: EXACTLY 1080 should be AT_MOST
07-25 12:17:36.768  5468  5468 W KeyguardSecurityViewFlipper: onMeasure: heightSpec MeasureSpec: EXACTLY 2214 should be AT_MOST
07-25 12:17:36.769 16112 16129 I DymLock|330348|SettingsHelperDLS: readSettingsDB() elapsed= 36
07-25 12:17:36.769 16112 16112 I DymLock|330348|ContentValues: SEP model
07-25 12:17:36.769 16112 16129 I DymLock|330348|SettingsHelperDLS: registerSettingsObserver()
07-25 12:17:36.769  5468  5468 D IndicatorGardenInputProperty: updateRotation() prv:-1 >> new:0
07-25 12:17:36.770  5468  5468 D DeviceState: getDeviceResolutionPixelSize - currentDensity = 420 deviceDensity = 420 initialDisplaySizeFactor = 1080 currentDisplaySizeFactor = 1080 initialDisplayDensity = 420 proportionalDensity = 420 proportionalPixel = 58
07-25 12:17:36.770  5468  5468 D DeviceState: getDeviceResolutionPixelSize - currentDensity = 420 deviceDensity = 420 initialDisplaySizeFactor = 1080 currentDisplaySizeFactor = 1080 initialDisplayDensity = 420 proportionalDensity = 420 proportionalPixel = 29
07-25 12:17:36.770  5468  5468 D DeviceState: getDeviceResolutionPixelSize - currentDensity = 420 deviceDensity = 420 initialDisplaySizeFactor = 1080 currentDisplaySizeFactor = 1080 initialDisplayDensity = 420 proportionalDensity = 420 proportionalPixel = 34
07-25 12:17:36.771 16112 16112 W StubUtils: android.content.pm.PackageManager$NameNotFoundException: SamsungUX.DW.FreshP09.wallpapermulti
07-25 12:17:36.773  5468  5468 D QS      : setQSExpansion 0.0 -595.0
07-25 12:17:36.773 16112 16112 I StubUtils: getCSC() cscVersion[ATT]
07-25 12:17:36.774 16112 16112 I DymLock|330348|ContentValues: SEP model
07-25 12:17:36.774 16112 16112 W StubUtils: android.content.pm.PackageManager$NameNotFoundException: SamsungUX.DW.FreshP14.wallpapermulti
07-25 12:17:36.775  5468  5468 V BlurredCaptureStorage: CaptureBlurView alpha : 0.0
07-25 12:17:36.775 16112 16112 I StubUtils: getCSC() cscVersion[ATT]
07-25 12:17:36.775  5468  5468 D QS      : setQSExpansion 0.0 -595.0
07-25 12:17:36.776 16112 16112 I DymLock|330348|ContentValues: SEP model
07-25 12:17:36.777 16112 16112 W StubUtils: android.content.pm.PackageManager$NameNotFoundException: SamsungUX.DW.FreshP13.wallpapermulti
07-25 12:17:36.778 16112 16112 I StubUtils: getCSC() cscVersion[ATT]
07-25 12:17:36.778 16112 16112 I DymLock|330348|ContentValues: SEP model
07-25 12:17:36.789  5107  5280 D InputReader: Btn_touch(4): value=1 when=115361.208981
07-25 12:17:36.790  5107  5280 I InputReader: Touch event's action is 0x0 (id=3, t=0) [pCnt=1, s=0.397 ] when=115361.208981
07-25 12:17:36.790 16112 16129 I DymLock|330348|SettingsHelperDLS: registerSettingsObserver() elapsed= 21
07-25 12:17:36.791 16112 16112 W StubUtils: android.content.pm.PackageManager$NameNotFoundException: SamsungUX.DW.FreshP12.wallpapermulti
07-25 12:17:36.791  5107  5279 I InputDispatcher: Delivering touch to (5468): action: 0x0, f=0x0, d=0, '30abd89', t=1 
07-25 12:17:36.793 16112 16112 I StubUtils: getCSC() cscVersion[ATT]
07-25 12:17:36.793 16112 16112 I DymLock|330348|ContentValues: SEP model
07-25 12:17:36.794 16112 16112 W StubUtils: android.content.pm.PackageManager$NameNotFoundException: SamsungUX.DW.FreshP15.wallpapermulti
07-25 12:17:36.795 16112 16112 I StubUtils: getCSC() cscVersion[ATT]
07-25 12:17:36.795 16112 16112 I DymLock|330348|DymBus: subscribe : com.samsung.android.dynamiclock.data.wallpaper.source.settings.dls.FreshPackWallpaperDataSource@c82ec1e
07-25 12:17:36.795 16112 16112 I DymLock|330348|WallpaperDataSource: new WallpaperDataSource
07-25 12:17:36.798 16112 16112 I DymLock|330348|LockWallpaperDataSource: new LockWallpaperDataSource
07-25 12:17:36.798 16112 16112 I DymLock|330348|DynamicLockInjector: init()
07-25 12:17:36.800  5468  5468 D ScrimController: updateScrimColor main=0xff000000 front=0xff000000(0.000000) noti=0xff000000(0.000000) behind=0xff000000(0.000000) bubble=0xff000000(0.000000) vis=0
07-25 12:17:36.802 16112 16112 E DymLock|330348|DynamicLockInjector: [class b.c.a.a.d.d.o.l] is not injectable yet
07-25 12:17:36.802 16112 16112 E DymLock|330348|DynamicLockInjector: [class b.c.a.a.d.d.n.o0] is not injectable yet
07-25 12:17:36.802 16112 16112 E DymLock|330348|DynamicLockInjector: [class android.net.Uri] is not injectable yet
07-25 12:17:36.802 16112 16112 E DymLock|330348|DynamicLockInjector: [class android.net.Uri] is not injectable yet
07-25 12:17:36.802 16112 16112 I DymLock|330348|AnalyticsBase: initialize: id[4F5-399-564949], version[3.0]
07-25 12:17:36.803  5468  5468 I ViewRootImpl@110be77[NotificationShade]: ViewPostIme pointer 0
07-25 12:17:36.806  5468  5468 V PanelView: PanelView.dispatchTouchEvent()
07-25 12:17:36.809  5468  5468 I DymLock|DynamicLockContainer: isTouchOnItemViewArea() false
07-25 12:17:36.810 14257 14528 W SearchServiceCore: Abort, client detached.
07-25 12:17:36.812  5468  5468 D BaseAnimator: mNonSwipeMode: 0x00000001
07-25 12:17:36.813  5468  5468 D KeyguardTouchDymLockInjector: initDynamicLock mIsDynamicLockEnabled: true
07-25 12:17:36.813  5468  5468 D KeyguardTouchDymLockInjector: mNonSwipeMode: 0x00000001
07-25 12:17:36.814  5468  5468 D KeyguardBottomAreaShortcutView: mCanIndicationAreaUpdate set to true
07-25 12:17:36.816  5468  5468 I ViewRootImpl@110be77[NotificationShade]: handleResized, msg = 5 frames=ClientWindowFrames{frame=[0,0][1080,2340] display=[0,0][1080,2340] backdrop=[0,0][1080,2340]} forceNextWindowRelayout=false displayId=0 frameChanged=false backdropFrameChanged=false configChanged=false displayChanged=false mNextDrawUseBlastSync=false mergedConfiguration={mGlobalConfig={1.1 ?mcc?mnc [en_US] ldltr sw411dp w411dp h801dp 420dpi nrml long port night finger -keyb/v/h -nav/h winConfig={ mBounds=Rect(0, 0 - 1080, 2340) mAppBounds=Rect(0, 110 - 1080, 2214) mMaxBounds=Rect(0, 0 - 1080, 2340) mWindowingMode=fullscreen mDisplayWindowingMode=fullscreen mActivityType=undefined mAlwaysOnTop=undefined mRotation=ROTATION_0 mPopOver=undefined mFreeformTaskPinningState=undefined} s.241 fontWeightAdjustment=0 ff=0 bf=0 bts=0 enb/d themeSeq=0} mOverrideConfig={1.1 ?mcc?mnc [en_US] ldltr sw411dp w411dp h801dp 420dpi nrml long port night finger -keyb/v/h -nav/h winConfig={ mBounds=Rect(0, 0 - 1080, 2340) mAppBounds=Rect(0, 110 - 1080, 2214) mMaxBounds=Rect(0, 0 - 1080, 2340) mWindowingMode=fullscreen mDisplayWindowingMode=fullscreen mActivityType=undefined mAlwaysOnTop=undefined mRotation=ROTATION_0 mPopOver=undefined mFreeformTaskPinningState=undefined} s.240 fontWeightAdjustment=0 ff=0 bf=0 bts=0 enb/d themeSeq=0}}
07-25 12:17:36.817  5468  5468 I ViewRootImpl@110be77[NotificationShade]: [DP] dp(1) 0 android.view.ViewRootImpl.reportNextDraw:11374 android.view.ViewRootImpl.handleResized:2204 android.view.ViewRootImpl.access$1200:294 
07-25 12:17:36.818  5468  5468 D DisplayLifecycle: updateDisplay id = 0
07-25 12:17:36.818 16112 16112 I DIAGMON_SDK[605045]: DiagMonAgent type: 2
07-25 12:17:36.818 16112 16112 I DIAGMON_SDK[605045][4F5-399-564949] : generated SR object
07-25 12:17:36.822 16112 16112 I DymLock|330348|LogginBus: subscribe : com.samsung.android.dynamiclock.domain.analytics.LoggingReceiver@c4aa432
07-25 12:17:36.826  5107  5363 V WifiProfileShare: screen on
07-25 12:17:36.829  5468  5468 D KeyguardUpdateMonitor: received broadcast android.intent.action.TIME_TICK
07-25 12:17:36.834  5468  5468 D QSClockBellTower: He is ready to ring the bell. (((QSClockBellSound - TimeText:12:17, TimeContentDescription:12:17 PM, DateText:Mon, July 25, ShortDateText:Mon, Jul 25, Demofalse)))
07-25 12:17:36.835  5107  5107 D SemWifiSwitchForIndividualAppsService: ACTION_SCREEN_ON recieved
07-25 12:17:36.835  5468  5468 D QSClockHomeIndicatorView: Home Indicator status_bar_clock notifyTimeChanged(QSClockBellSound - TimeText:12:17, TimeContentDescription:12:17 PM, DateText:Mon, July 25, ShortDateText:Mon, Jul 25, Demofalse) ClockVisibleByPolicy:true, ClockVisibleByUser:true, visible?false, parent:android.widget.LinearLayout{4ec1c9 V.E...... ........ 0,0-0,76 #7f0b0472 app:id/left_clock_container}
07-25 12:17:36.835  5107  5107 D SemWifiSwitchForIndividualAppsService: stopTCPMonitoring : already stopped
07-25 12:17:36.835  5468  5468 D QSClockBellTower: Everyone heard the bell. run(currentTime:1658765856829,   getTime():Mon Jul 25 12:17:36 EDT 2022,   getTimeZone():libcore.util.ZoneInfo[mDstSavings=3600000,mUseDst=true,mDelegate=[id="America/New_York",mRawOffset=-18000000,mEarliestRawOffset=-17762000,transitions=236]])
07-25 12:17:36.847 16112 16112 I DymLock|330348|ReferenceUtil: isTestMode() false
07-25 12:17:36.847 16112 16112 E DymLock|330348|DynamicLockInjector: [class b.c.a.a.d.d.o.l] is not injectable yet
07-25 12:17:36.847 16112 16112 E DymLock|330348|DynamicLockInjector: [class b.c.a.a.d.d.n.o0] is not injectable yet
07-25 12:17:36.847 16112 16112 E DymLock|330348|DynamicLockInjector: [class android.net.Uri] is not injectable yet
07-25 12:17:36.847 16112 16112 E DymLock|330348|DynamicLockInjector: [class android.net.Uri] is not injectable yet
07-25 12:17:36.850  5107  5381 D WifiConnectivityMonitor: Fetch Detect Mode : 1
07-25 12:17:36.850 16112 16112 I DymLock|330348|DynamicLockApp: onCreate()
07-25 12:17:36.852 16112 16141 I DymLock|330348|FreshPackDataSource: appInstanceCreated
07-25 12:17:36.852 16112 16141 I DymLock|330348|AnalyticsBase: initialize: id[4F5-399-564949], version[3.0]
07-25 12:17:36.853  4707  5066 D audio_hw_primary: device-adev_set_parameters: enter with key(screen_state=on)
07-25 12:17:36.855  4707  5066 I audio_hw_primary: device-adev_set_parameters: Screen State = on)
07-25 12:17:36.857  5107  7787 V SamsungAlarmManager: setLocked to kernel - W:239606916 / NW:239564466, now=239541322
07-25 12:17:36.860  5107  7787 D SamsungAlarmManager: setInexact (T:3/F:0/AC:false) 20220725T121932 now=239541326 - CU:1000/CP:5107/L:d263066:*job.delay*
07-25 12:17:36.860  5107  7787 V SamsungAlarmManager: setLocked to kernel - W:239606916 / NW:239564466, now=239541326
07-25 12:17:36.866  5107 16143 D WifiConnectivityMonitor.DnsPingerHandler: setCurrentLinkProperties: lp={InterfaceName: wlan0 LinkAddresses: [ fe80::40b0:caff:fe64:f252/64,192.168.1.149/24,2600:1700:9b0:7270:40b0:caff:fe64:f252/64,2600:1700:9b0:7270:716d:1019:b1ad:47ec/64 ] DnsAddresses: [ /2600:1700:9b0:7270::1,/192.168.1.254 ] Domains: attlocal.net MTU: 0 ServerAddress: /192.168.1.254 TcpBufferSizes: 524288,1048576,4194304,524288,1048576,4194304 Routes: [ fe80::/64 -> :: wlan0 mtu 0,::/0 -> fe80::768a:dff:fe52:8780 wlan0 mtu 0,2600:1700:9b0:7270::/60 -> fe80::768a:dff:fe52:8780 wlan0 mtu 0,2600:1700:9b0:7270::/64 -> :: wlan0 mtu 0,192.168.1.0/24 -> 0.0.0.0 wlan0 mtu 0,0.0.0.0/0 -> 192.168.1.254 wlan0 mtu 0 ]}
07-25 12:17:36.883  5107  7787 D CompatibilityChangeReporter: Compat change id reported: 174042980; UID 10235; state: DISABLED
07-25 12:17:36.885  5107  7787 D CompatibilityChangeReporter: Compat change id reported: 135634846; UID 10223; state: DISABLED
07-25 12:17:36.886  5107  7787 D CompatibilityChangeReporter: Compat change id reported: 177438394; UID 10223; state: DISABLED
07-25 12:17:36.886  5107  7787 D CompatibilityChangeReporter: Compat change id reported: 135772972; UID 10223; state: DISABLED
07-25 12:17:36.886  5107  7787 D CompatibilityChangeReporter: Compat change id reported: 135754954; UID 10223; state: ENABLED
07-25 12:17:36.886  5107  5163 D CompatibilityChangeReporter: Compat change id reported: 143937733; UID 10223; state: ENABLED
07-25 12:17:36.900  5468  8756 I DymLock|PreferenceDbDataSource: getInt() key[pref_dynamic_magazine_guide_step] value[-1]
07-25 12:17:36.901  5468  8756 I DymLock|RequestVisualCue: visual cue step : 4
07-25 12:17:36.902 16112 16142 I DymLock|330348|PreferenceDbDataSource: getInt() key[pref_dls_state] value[3]
07-25 12:17:36.902 16112 16142 I DymLock|330348|PreferenceDbDataSource: getDLSState() Main[MULTI_PACK]
07-25 12:17:36.904  4697  4697 D Zygote  : Forked child process 16146
07-25 12:17:36.905 16112 16145 I DymLock|330348|FreshPackInstallManager: cancelUpdateJob()
07-25 12:17:36.905 16112 16145 I DymLock|330348|JobIdManager: get Job Id : 65538, objectId : 2
07-25 12:17:36.911  5468  8756 I DymLock|PreferenceDbDataSource: getLong() key[pref_first_enabled_time] value[1592201007308]
07-25 12:17:36.914  4135  4135 I lmkd    : cached 1, sandbox(not0) 0
07-25 12:17:36.914  5468  8756 I DymLock|RequestVisualCue: isCueRequired() daySince[770]
07-25 12:17:36.914  5468  8756 I DymLock|RequestVisualCue: isCueRequired() durationPassed[false] time[121736]
