--------- beginning of system
07-25 12:17:31.923  5107  7768 D ActivityManager: attachApplicationLocked() app=ProcessRecord{c31657f 16068:com.google.android.marvin.talkback/u0a235} app.isolatedEntryPoint=null instr2=null
07-25 12:17:31.937  5107  5190 E VerityUtils: Failed to measure fs-verity, errno 1: /data/app/~~DRTnNXP-HAHRmsCZYhCVmw==/com.samsung.android.app.spage-YPoTID-L21NmNFR-fhtsnw==/base.apk
07-25 12:17:31.937  5107  5149 D NetworkPolicy: onUidStateChanged() uid: 10235, isForeground(false, 11)
--------- beginning of main
07-25 12:17:31.939 14257 14388 I FedAssExpListener: No fed-ass flags changed.
07-25 12:17:31.947 14257 14390 I FedAssExpListener: Successfully processed experiments changed.
07-25 12:17:31.950 16068 16068 D ActivityThread: handleBindApplication()++ app=com.google.android.marvin.talkback
07-25 12:17:31.952 16068 16068 D CompatibilityChangeReporter: Compat change id reported: 171979766; UID 10235; state: DISABLED
07-25 12:17:31.996  5107  5190 E VerityUtils: Failed to measure fs-verity, errno 1: /data/app/~~DUo4wlMWkn_o7n899ceDPQ==/com.google.android.googlequicksearchbox-9O4rBoVWDB3b2iWT3l1Z6w==/base.apk
07-25 12:17:32.029 14257 14390 I A       : NGA enabled in interactor.
07-25 12:17:32.100  3512  3795 I Icing   : IndexChimeraService.getServiceInterface callingPackage=com.google.android.googlequicksearchbox componentName=agsa_icing_connection serviceId=33
07-25 12:17:32.104  3512  3803 I Icing   : IndexChimeraService.getServiceInterface callingPackage=com.google.android.googlequicksearchbox componentName=agsa_icing_connection serviceId=32
07-25 12:17:32.132  3512 14725 I GmsCoreXrpcWrapper: Returning a channel provider with trafficStatsTag=12803 trafficStatsUid=-1
07-25 12:17:32.165  3512 14725 I Icing   : Usage reports ok 0, Failed Usage reports 0, indexed 0, rejected 0
07-25 12:17:32.174  3512 14725 I GmsCoreXrpcWrapper: Returning a channel provider with trafficStatsTag=12803 trafficStatsUid=-1
07-25 12:17:32.199  3512 14725 I Icing   : Usage reports ok 0, Failed Usage reports 0, indexed 0, rejected 0
07-25 12:17:32.203 16068 16068 V GraphicsEnvironment: ANGLE Developer option for 'com.google.android.marvin.talkback' set to: 'default'
07-25 12:17:32.203 16068 16068 V GraphicsEnvironment: Neither updatable production driver nor prerelease driver is supported.
07-25 12:17:32.220 16068 16068 D LoadedApk: LoadedApk::makeApplication() appContext.mOpPackageName=com.google.android.marvin.talkback appContext.mBasePackageName=com.google.android.marvin.talkback
07-25 12:17:32.220 16068 16068 D NetworkSecurityConfig: No Network Security Config specified, using platform default
07-25 12:17:32.248  5107  5126 I system_server: Background concurrent copying GC freed 503965(11MB) AllocSpace objects, 46(13MB) LOS objects, 23% free, 76MB/100MB, paused 348us,966us total 366.836ms
07-25 12:17:32.248 16068 16068 D NetworkSecurityConfig: No Network Security Config specified, using platform default
07-25 12:17:32.276 16068 16068 D ActivityThread: handleBindApplication() --
07-25 12:17:32.292 16068 16068 W PhenotypeBackgroundRecv: Unable to retrieve PhenotypeContext. For Sting applications, we recommend writing a PhenotypeContext provider to be used by all Phenotype packages.
07-25 12:17:32.293 16068 16068 W PhenotypeBackgroundRecv: #setContext not called in #onCreate, creating new ExecutorService.
07-25 12:17:32.401 16068 16093 W marvin.talkbac: Accessing hidden field Ljava/util/Collections$SynchronizedCollection;->mutex:Ljava/lang/Object; (max-target-o, reflection, denied)
07-25 12:17:32.401 16068 16093 W marvin.talkbac: Accessing hidden method Ljava/util/Collections$SynchronizedSet;-><init>(Ljava/util/Set;Ljava/lang/Object;)V (max-target-o, reflection, denied)
07-25 12:17:32.402 16068 16093 W marvin.talkbac: Accessing hidden method Ljava/util/Collections$SynchronizedCollection;-><init>(Ljava/util/Collection;Ljava/lang/Object;)V (max-target-o, reflection, denied)
07-25 12:17:32.407  5107  5190 E VerityUtils: Failed to measure fs-verity, errno 1: /system/app/SamsungWeather/SamsungWeather.apk
07-25 12:17:32.407  4809  4809 I SurfaceFlinger: SFWD update time=115356827159606
07-25 12:17:32.408  4677  4677 E audit   : type=1400 audit(1658765852.403:3054): avc:  denied  { ioctl } for  pid=5107 comm="PackageManagerB" path="/system/app/SamsungWeather/SamsungWeather.apk" dev="dm-4" ino=373 ioctlcmd=0x6686 scontext=u:r:system_server:s0 tcontext=u:object_r:system_file:s0 tclass=file permissive=0 SEPF_SM-G715U1_12_0001 audit_filtered
07-25 12:17:32.408  4677  4677 E audit   : type=1300 audit(1658765852.403:3054): arch=c00000b7 syscall=29 success=no exit=-13 a0=1ef a1=c0046686 a2=7890985390 a3=0 items=0 ppid=4697 pid=5107 auid=4294967295 uid=1000 gid=1000 euid=1000 suid=1000 fsuid=1000 egid=1000 sgid=1000 fsgid=1000 tty=(none) ses=4294967295 comm="PackageManagerB" exe="/system/bin/app_process64" subj=u:r:system_server:s0 key=(null)
07-25 12:17:32.408  4677  4677 E audit   : type=1327 audit(1658765852.403:3054): proctitle="system_server"
07-25 12:17:32.486  5107  5190 E VerityUtils: Failed to measure fs-verity, errno 1: /data/app/~~RzgMvKjwaI3iG6koiup6Ag==/com.google.android.apps.tachyon-nyePkBlKNb64SXYpdoNOxA==/base.apk
07-25 12:17:32.524  5107  5190 E VerityUtils: Failed to measure fs-verity, errno 1: /data/app/~~2cgyBBQVbbOsA-ZXP9QUSQ==/flipboard.boxer.app-L1cFUDule8Gx2DhnmE4VPA==/base.apk
07-25 12:17:32.569  5107  5190 E VerityUtils: Failed to measure fs-verity, errno 1: /data/app/~~8do0NoIB2TzsDEWNF3xQoA==/com.google.android.apps.youtube.music-H5QfsFBPT84iPhNTemxpBA==/base.apk
07-25 12:17:32.584  5468  5687 D NetworkController: SignalStrength from intent slotId=0
07-25 12:17:32.585  5468  5687 D NetworkController.MobileSignalController(0/2147483647): new mSignalStrength=SignalStrength:{mCdma=Invalid,mGsm=Invalid,mWcdma=Invalid,mTdscdma=Invalid,mLte=CellSignalStrengthLte: rssi=-113 rsrp=-120 rsrq=-14 rssnr=-2 cqiTableIndex=2147483647 cqi=2 ta=2147483647 level=1 parametersUseForLevel=0,mNr=Invalid,SignalBarInfo{ lteLevel=2 },rat=14,primary=CellSignalStrengthLte}
07-25 12:17:32.585  5468  5687 D NetworkController.MobileSignalController(0/2147483647): Display signal bar by emergency only[true][true]
07-25 12:17:32.658  5107  5190 E VerityUtils: Failed to measure fs-verity, errno 1: /data/app/~~8MkoklIgGOni1f_431UxOg==/com.android.vending-HLRU4iuwDJ7epZowxmGdFA==/base.apk
07-25 12:17:32.706  5107  5190 E VerityUtils: Failed to measure fs-verity, errno 1: /data/app/~~jSuzG72_PJMbLJr15wYpDw==/com.google.android.youtube-UNPPe9QLj-d4rZf1-DC-Nw==/base.apk
07-25 12:17:32.756  5107  5190 E VerityUtils: Failed to measure fs-verity, errno 1: /data/app/~~m7CoCaRvVtCt6QANsk0OZA==/com.google.audio.hearing.visualization.accessibility.scribe-DwdSUHCvaO7wPmxQI_42wg==/base.apk
07-25 12:17:32.803  5107  5190 E VerityUtils: Failed to measure fs-verity, errno 1: /data/app/~~WavJASxT11v__7sP_ujmEA==/com.microsoft.office.outlook-5-YGvd7kmheBUCWCFlGBiA==/base.apk
07-25 12:17:32.997  5107  5190 E VerityUtils: Failed to measure fs-verity, errno 1: /data/app/~~DUo4wlMWkn_o7n899ceDPQ==/com.google.android.googlequicksearchbox-9O4rBoVWDB3b2iWT3l1Z6w==/base.apk
07-25 12:17:33.010  6672  6672 W adbd    : timeout expired while flushing socket, closing
07-25 12:17:33.310  4321  4321 D io_stats: !@   8,0 r 1985515 59651340 w 762652 62511880 d 0 0 f 0 0 iot 736484 0 th 0 0 0 pt 0 inp 0 0 115357.728
07-25 12:17:33.368  5107  5190 E VerityUtils: Failed to measure fs-verity, errno 1: /data/app/~~mVLuNKvjmwDtkk0zy9jzHw==/com.google.android.apps.maps-h3YGkcdsPlNJ9jLBDuqdaQ==/base.apk
07-25 12:17:33.408  4809  4809 I SurfaceFlinger: SFWD update time=115357827617220
07-25 12:17:33.432  5107  5190 E VerityUtils: Failed to measure fs-verity, errno 1: /data/app/~~RzgMvKjwaI3iG6koiup6Ag==/com.google.android.apps.tachyon-nyePkBlKNb64SXYpdoNOxA==/base.apk
07-25 12:17:33.472  5107  5190 E VerityUtils: Failed to measure fs-verity, errno 1: /data/app/~~sJQfxhXgRwuJHs4RcN93_A==/com.google.android.gm-ifOxAiedEmfRRAYKviBDVQ==/base.apk
07-25 12:17:33.484  4726  4768 D BatteryDump: wait_for_battery_event : occurred : change@/devices/platform/battery/power_supply/battery 
07-25 12:17:33.504  4726  4726 E android.hardware.health@2.1-service-samsung: Could not open /sys/class/power_supply/battery/lrp
07-25 12:17:33.505  5107  5346 D BatteryService: Sending ACTION_BATTERY_CHANGED. scale:100, info:{.chargerAcOnline = false, .chargerUsbOnline = true, .chargerWirelessOnline = false, .maxChargingCurrent = 0, .maxChargingVoltage = 0, .batteryStatus = CHARGING, .batteryHealth = GOOD, .batteryPresent = true, .batteryLevel = 73, .batteryVoltage = 4007, .batteryTemperature = 251, .batteryCurrent = 168, .batteryCycleCount = 0, .batteryFullCharge = 4050000, .batteryChargeCounter = 2820396, .batteryTechnology = Li-ion}
07-25 12:17:33.506  5107  5346 D BatteryService: online:4, current avg:113, charge type:1, POGO powered:false, power sharing:false, high voltage charger:false, charger_type:0, capacity:280000, misc_event:0x0, current_event:0x0, current_now:168
07-25 12:17:33.506  5107  5346 D BatteryService: stay LED for charging
07-25 12:17:33.513  5452  5452 D SemBigDataInfoController: Intent : android.intent.action.BATTERY_CHANGED
07-25 12:17:33.516  5107  5274 D MotionRecognitionService:   onReceive : ACTION_BATTERY_CHANGED, Plugged: 2
07-25 12:17:33.516  5107  5274 I MotionRecognitionService: [TA] In/out: true, curr state: 1
07-25 12:17:33.517  5107  5274 I MotionRecognitionService: [TA] Before receiving the SAR request for Main. Return.
07-25 12:17:33.517  5452  5452 D SemBigDataInfoController: Intent : android.intent.action.BATTERY_CHANGED
07-25 12:17:33.518  5107  5107 D PhoneWindowManagerExt: ACTION_BATTERY_CHANGED - Level=73, status=2
07-25 12:17:33.519  5107  5107 D SemWifiApBroadcastReceiver: Received : android.intent.action.BATTERY_CHANGED
07-25 12:17:33.525  5107  5162 D BaseRestrictionMgr: Package: com.google.android.apps.tachyon, userid: 0, hostingType: broadcast is Restricted by policy: 4 caller is: null
07-25 12:17:33.525  5107  5162 W BroadcastQueue: intent:Intent { act=android.intent.action.BATTERY_CHANGED flg=0x60000010 (has extras) } is skipped in RestrictedPackage to ProcessRecord{2b33d90 15481:com.google.android.apps.tachyon/u0a242}
07-25 12:17:33.540  5468  5468 D KeyguardUpdateMonitor: received broadcast android.intent.action.BATTERY_CHANGED
07-25 12:17:33.541  5468  5468 I PowerUI : mBootCompleted = true |  mFullyConnected = true
07-25 12:17:33.542  5468  5468 I PowerUI : BATTERY_HEALTH_CHECK extraHealth=2 mBatteryMiscEvent=0
07-25 12:17:33.542  5468  5468 D PowerUI : priorPlugType = 2 mPlugType = 2 priorBatteryStatus = 2 mBatteryStatus = 2
07-25 12:17:33.542  5468  5468 I PowerUI : oldMisalign : false, curMisalign : false
07-25 12:17:33.544  5468  5468 D PowerUI.Notification: showChargingNotice oldChargingType : 1 currentChargingType : 1 oldChargingTime : 7826000 mChargingTime : 7826000
07-25 12:17:33.544  5468  5468 D PowerUI.Notification: There is no change about charging status, so return!
07-25 12:17:33.544  5468  5468 D PowerUI : Battery swelling mode - priorBatterySwellingMode = 0 mBatterySwellingMode = 0 mBatteryStatus = 2
07-25 12:17:33.545  5468  5468 I PowerUI : mBatteryMiscEvent = 0
07-25 12:17:33.548  5468  6690 D PowerUI.Notification: 1. restoreScreenTimeOut - saved_value : :
07-25 12:17:33.548  5468  6690 E PowerUI.Notification: no saved value, so we do nothing !!
07-25 12:17:33.548  5107  5190 E VerityUtils: Failed to measure fs-verity, errno 1: /product/app/GoogleCalendarSyncAdapter/GoogleCalendarSyncAdapter.apk
07-25 12:17:33.548  4677  4677 E audit   : type=1400 audit(1658765853.543:3055): avc:  denied  { ioctl } for  pid=5107 comm="PackageManagerB" path="/product/app/GoogleCalendarSyncAdapter/GoogleCalendarSyncAdapter.apk" dev="dm-6" ino=25 ioctlcmd=0x6686 scontext=u:r:system_server:s0 tcontext=u:object_r:system_file:s0 tclass=file permissive=0 SEPF_SM-G715U1_12_0001 audit_filtered
07-25 12:17:33.549  4677  4677 E audit   : type=1300 audit(1658765853.543:3055): arch=c00000b7 syscall=29 success=no exit=-13 a0=1ef a1=c0046686 a2=7890985390 a3=0 items=0 ppid=4697 pid=5107 auid=4294967295 uid=1000 gid=1000 euid=1000 suid=1000 fsuid=1000 egid=1000 sgid=1000 fsgid=1000 tty=(none) ses=4294967295 comm="PackageManagerB" exe="/system/bin/app_process64" subj=u:r:system_server:s0 key=(null)
07-25 12:17:33.549  4677  4677 E audit   : type=1327 audit(1658765853.543:3055): proctitle="system_server"
07-25 12:17:33.557  5468  5468 D QS      : setQSExpansion 0.0 -595.0
07-25 12:17:33.558  5468  5468 D IndicatorGardenInputProperty: updateRotation() prv:-1 >> new:0
07-25 12:17:33.558  5468  5468 D DeviceState: getDeviceResolutionPixelSize - currentDensity = 420 deviceDensity = 420 initialDisplaySizeFactor = 1080 currentDisplaySizeFactor = 1080 initialDisplayDensity = 420 proportionalDensity = 420 proportionalPixel = 58
07-25 12:17:33.558  5468  5468 D DeviceState: getDeviceResolutionPixelSize - currentDensity = 420 deviceDensity = 420 initialDisplaySizeFactor = 1080 currentDisplaySizeFactor = 1080 initialDisplayDensity = 420 proportionalDensity = 420 proportionalPixel = 29
07-25 12:17:33.558  5468  5468 D DeviceState: getDeviceResolutionPixelSize - currentDensity = 420 deviceDensity = 420 initialDisplaySizeFactor = 1080 currentDisplaySizeFactor = 1080 initialDisplayDensity = 420 proportionalDensity = 420 proportionalPixel = 34
07-25 12:17:33.563  5468  5468 D QS      : setQSExpansion 0.0 -595.0
07-25 12:17:33.563  5468  5468 V SecQSFragmentAnimatorBase: setQsExpansionPosition 0.0
07-25 12:17:33.563  5468  5468 V QsExpandAnimator: setQsExpansionPosition 0.0 1
07-25 12:17:33.564  5107  5190 E VerityUtils: Failed to measure fs-verity, errno 1: /data/app/~~jSuzG72_PJMbLJr15wYpDw==/com.google.android.youtube-UNPPe9QLj-d4rZf1-DC-Nw==/base.apk
07-25 12:17:33.566  5468  5468 V BlurredCaptureStorage: CaptureBlurView alpha : 0.0
07-25 12:17:33.566  5468  5468 D QS      : setQSExpansion 0.0 -595.0
07-25 12:17:33.578  5468  5468 D IndicatorGardenInputProperty: updateRotation() prv:-1 >> new:0
07-25 12:17:33.579  5468  5468 D DeviceState: getDeviceResolutionPixelSize - currentDensity = 420 deviceDensity = 420 initialDisplaySizeFactor = 1080 currentDisplaySizeFactor = 1080 initialDisplayDensity = 420 proportionalDensity = 420 proportionalPixel = 58
07-25 12:17:33.579  5468  5468 D DeviceState: getDeviceResolutionPixelSize - currentDensity = 420 deviceDensity = 420 initialDisplaySizeFactor = 1080 currentDisplaySizeFactor = 1080 initialDisplayDensity = 420 proportionalDensity = 420 proportionalPixel = 29
07-25 12:17:33.579  5468  5468 D DeviceState: getDeviceResolutionPixelSize - currentDensity = 420 deviceDensity = 420 initialDisplaySizeFactor = 1080 currentDisplaySizeFactor = 1080 initialDisplayDensity = 420 proportionalDensity = 420 proportionalPixel = 34
07-25 12:17:33.580  5468  5468 I AODBatteryManager: updateBatteryData: ACTION_BATTERY_CHANGED
07-25 12:17:33.583  5468  5468 I AODBatteryManager: saveBatteryData : AOD BatteryData [mBatteryLevel=73, mBatteryStatus=CHARGING, mBatteryPlugType=USB, mBatteryPlugged=true, mRemainingChargeTime=7826000, mBatteryChargingType=1, mBatteryChargerType=NORMAL, mBatteryOnline=USB, mBatterySwellingMode=NONE, mBatteryProtectMode=false]
07-25 12:17:33.584  5468  5468 I AODBatteryManager: updateBatteryData: ACTION_BATTERY_CHANGED
07-25 12:17:33.585  5468  5468 I AODBatteryManager: saveBatteryData : AOD BatteryData [mBatteryLevel=73, mBatteryStatus=CHARGING, mBatteryPlugType=USB, mBatteryPlugged=true, mRemainingChargeTime=7826000, mBatteryChargingType=1, mBatteryChargerType=NORMAL, mBatteryOnline=USB, mBatterySwellingMode=NONE, mBatteryProtectMode=false]
07-25 12:17:33.585  5468  5468 D KeyguardUpdateMonitor: handleBatteryUpdate
07-25 12:17:33.623  5107  5190 E VerityUtils: Failed to measure fs-verity, errno 1: /data/app/~~9A5O66XbXte8aMd9tyBdMA==/com.telex.pttoc-86Wz9tPwEVgjR_CDq3uq1w==/base.apk
07-25 12:17:33.682  5107  5190 E VerityUtils: Failed to measure fs-verity, errno 1: /data/app/~~9A5O66XbXte8aMd9tyBdMA==/com.telex.pttoc-86Wz9tPwEVgjR_CDq3uq1w==/base.apk
07-25 12:17:33.770  4135  4135 I lmkd    : 1(delay),0(swap), 0(freelimit) memory pressure events were skipped after a kill!
07-25 12:17:33.771  4135  4135 I lmkd    : cached 1, sandbox(not0) 0
07-25 12:17:33.776  4135  4135 I lmkd    : Reclaim 'com.samsung.android.lool' (14568), uid 1000, oom_score_adj 999, state 19 to free 32636kB rss, 35856kb swap
07-25 12:17:33.776  4135  4135 I lmkd    : Reclaimed 68492kB at oom_score_adj 850
07-25 12:17:33.798  4697  4697 I Zygote  : Process 14568 exited due to signal 9 (Killed)
07-25 12:17:33.802  5107  5143 I ActivityManager: Process com.samsung.android.lool (pid 14568) has died: cch+99 CEM (98,1266)
07-25 12:17:33.805  4135  4135 I lmkd    : cached 1, sandbox(not0) 0
07-25 12:17:33.805  5107  5164 I libprocessgroup: Successfully killed process cgroup uid 1000 pid 14568 in 2ms
07-25 12:17:33.813  4135  4135 I lmkd    : Reclaim 'com.google.android.apps.turbo:aab' (14855), uid 1010220, oom_score_adj 995, state 19 to free 36804kB rss, 34668kb swap
07-25 12:17:33.813  4135  4135 I lmkd    : Reclaimed 71472kB at oom_score_adj 850
07-25 12:17:33.841  4697  4697 I Zygote  : Process 14855 exited due to signal 9 (Killed)
07-25 12:17:33.845  5107  5216 I ActivityManager: Process com.google.android.apps.turbo:aab (pid 14855) has died: cch+99 CEM (106,1262)
07-25 12:17:33.846  5107  5164 I libprocessgroup: Successfully killed process cgroup uid 1010220 pid 14855 in 0ms
07-25 12:17:33.915  1994  1994 D BoundBrokerSvc: onUnbind: Intent { act=com.google.android.gms.phenotype.service.START pkg=com.google.android.gms }
07-25 12:17:34.076  5107  7764 I Telecom:SamsungTelecomServiceImpl: getDefaultDialerPackage - callingPid : 15225 / processName : sts
07-25 12:17:34.087  5107  5190 E VerityUtils: Failed to measure fs-verity, errno 1: /system/priv-app/SamsungDialer/SamsungDialer.apk
07-25 12:17:34.087  4677  4677 E audit   : type=1400 audit(1658765854.083:3056): avc:  denied  { ioctl } for  pid=5107 comm="PackageManagerB" path="/system/priv-app/SamsungDialer/SamsungDialer.apk" dev="dm-4" ino=5105 ioctlcmd=0x6686 scontext=u:r:system_server:s0 tcontext=u:object_r:system_file:s0 tclass=file permissive=0 SEPF_SM-G715U1_12_0001 audit_filtered
07-25 12:17:34.087  4677  4677 E audit   : type=1300 audit(1658765854.083:3056): arch=c00000b7 syscall=29 success=no exit=-13 a0=233 a1=c0046686 a2=7890985390 a3=0 items=0 ppid=4697 pid=5107 auid=4294967295 uid=1000 gid=1000 euid=1000 suid=1000 fsuid=1000 egid=1000 sgid=1000 fsgid=1000 tty=(none) ses=4294967295 comm="PackageManagerB" exe="/system/bin/app_process64" subj=u:r:system_server:s0 key=(null)
07-25 12:17:34.238  5107  5190 E VerityUtils: Failed to measure fs-verity, errno 1: /system/priv-app/SamsungMessages/SamsungMessages.apk
07-25 12:17:34.242  4135  4135 I lmkd    : cached 1, sandbox(not0) 0
07-25 12:17:34.250  4135  4135 I lmkd    : Reclaim 'com.google.android.apps.turbo:aab' (14786), uid 10220, oom_score_adj 999, state 19 to free 36924kB rss, 34588kb swap
07-25 12:17:34.251  4135  4135 I lmkd    : Reclaimed 71512kB at oom_score_adj 850
07-25 12:17:34.293  5107  7781 I ActivityManager: Process com.google.android.apps.turbo:aab (pid 14786) has died: cch+99 CEM (70,1294)
07-25 12:17:34.294  4697  4697 I Zygote  : Process 14786 exited due to signal 9 (Killed)
07-25 12:17:34.295  5107  5164 I libprocessgroup: Successfully killed process cgroup uid 10220 pid 14786 in 1ms
07-25 12:17:34.310  4135  4135 I lmkd    : cached 1, sandbox(not0) 0
07-25 12:17:34.315  4135  4135 I lmkd    : Reclaim 'com.samsung.android.game.gos' (12014), uid 10174, oom_score_adj 999, state 19 to free 35644kB rss, 37576kb swap
07-25 12:17:34.316  4135  4135 I lmkd    : Reclaimed 73220kB at oom_score_adj 850
07-25 12:17:34.347  4697  4697 I Zygote  : Process 12014 exited due to signal 9 (Killed)
07-25 12:17:34.355  5107  7774 I ActivityManager: Process com.samsung.android.game.gos (pid 12014) has died: cch+99 CEM (73,1294)
07-25 12:17:34.356  5107  5164 I libprocessgroup: Successfully killed process cgroup uid 10174 pid 12014 in 0ms
07-25 12:17:34.406  4135  4135 I lmkd    : cached 1, sandbox(not0) 0
07-25 12:17:34.414  4809  4809 I SurfaceFlinger: SFWD update time=115358833773258
07-25 12:17:34.418  4135  4135 I lmkd    : Reclaim 'com.google.process.gapps' (13554), uid 10219, oom_score_adj 995, state 19 to free 33524kB rss, 33944kb swap
07-25 12:17:34.420  4135  4135 I lmkd    : Reclaimed 67468kB at oom_score_adj 850
07-25 12:17:34.462  4697  4697 I Zygote  : Process 13554 exited due to signal 9 (Killed)
07-25 12:17:34.466  5107  7774 I ActivityManager: Process com.google.process.gapps (pid 13554) has died: cch+95 CEM (72,1300)
07-25 12:17:34.468  5107  5164 I libprocessgroup: Successfully killed process cgroup uid 10219 pid 13554 in 1ms
07-25 12:17:34.566  3512  3512 E SQLiteLog: (10) POSIX Error : 11 SQLite Error : 3850
07-25 12:17:34.566  3512  3512 E SQLiteLog: (10) LOCK : Getting lock (4) failed due to (11). The current owner is (2060).
07-25 12:17:34.607 15225 15323 W Settings: Setting adb_enabled has moved from android.provider.Settings.Secure to android.provider.Settings.Global.
07-25 12:17:34.906  5107  7785 D DARUtil : Device owner status not updated yet...
07-25 12:17:34.906  5107  7785 D DARUtil : Not an enterprise user : 0
07-25 12:17:34.907  5107  7785 D DARUtil : Device owner status not updated yet...
07-25 12:17:34.907  5107  7785 D DARUtil : Not an enterprise user : 0
07-25 12:17:34.912  5107  7785 I GenerationRegistry: mBackingStore.isClosed() : false
07-25 12:17:35.009  2060 16044 W ConfiguratorPhenotypeUt: Phenotype bulk platform registration failed. [CONTEXT service_id=204 ]
07-25 12:17:35.009  2060 16044 W ConfiguratorPhenotypeUt: java.util.concurrent.TimeoutException: Timed out waiting for Task
07-25 12:17:35.009  2060 16044 W ConfiguratorPhenotypeUt: 	at bksf.m(:com.google.android.gms@222615044@22.26.15 (190400-461192076):6)
07-25 12:17:35.009  2060 16044 W ConfiguratorPhenotypeUt: 	at bcks.f(:com.google.android.gms@222615044@22.26.15 (190400-461192076):9)
07-25 12:17:35.009  2060 16044 W ConfiguratorPhenotypeUt: 	at com.google.android.gms.platformconfigurator.PhenotypeConfigurationUpdateListener.b(:com.google.android.gms@222615044@22.26.15 (190400-461192076):3)
07-25 12:17:35.009  2060 16044 W ConfiguratorPhenotypeUt: 	at com.google.android.gms.platformconfigurator.PhenotypeConfigurationUpdateListener.c(:com.google.android.gms@222615044@22.26.15 (190400-461192076):0)
07-25 12:17:35.009  2060 16044 W ConfiguratorPhenotypeUt: 	at com.google.android.gms.platformconfigurator.PhenotypeConfigurationUpdateListener.onHandleIntent(:com.google.android.gms@222615044@22.26.15 (190400-461192076):5)
07-25 12:17:35.009  2060 16044 W ConfiguratorPhenotypeUt: 	at com.google.android.chimera.IntentOperation.onHandleIntent(:com.google.android.gms@222615044@22.26.15 (190400-461192076):2)
07-25 12:17:35.009  2060 16044 W ConfiguratorPhenotypeUt: 	at uzr.onHandleIntent(:com.google.android.gms@222615044@22.26.15 (190400-461192076):4)
07-25 12:17:35.009  2060 16044 W ConfiguratorPhenotypeUt: 	at ffi.run(:com.google.android.gms@222615044@22.26.15 (190400-461192076):3)
07-25 12:17:35.009  2060 16044 W ConfiguratorPhenotypeUt: 	at ffh.run(:com.google.android.gms@222615044@22.26.15 (190400-461192076):11)
07-25 12:17:35.009  2060 16044 W ConfiguratorPhenotypeUt: 	at cfvf.run(:com.google.android.gms@222615044@22.26.15 (190400-461192076):2)
07-25 12:17:35.009  2060 16044 W ConfiguratorPhenotypeUt: 	at java.util.concurrent.ThreadPoolExecutor.runWorker(ThreadPoolExecutor.java:1167)
07-25 12:17:35.009  2060 16044 W ConfiguratorPhenotypeUt: 	at java.util.concurrent.ThreadPoolExecutor$Worker.run(ThreadPoolExecutor.java:641)
07-25 12:17:35.009  2060 16044 W ConfiguratorPhenotypeUt: 	at java.lang.Thread.run(Thread.java:920)
07-25 12:17:35.009 15225 15323 W ndroid.gms:sne: Accessing hidden field Landroid/app/AppOpsManager;->OP_USE_BIOMETRIC:I (blocked, reflection, denied)
07-25 12:17:35.010 15225 15323 W ndroid.gms:sne: Accessing hidden field Landroid/app/AppOpsManager;->OP_ACTIVITY_RECOGNITION:I (blocked, reflection, denied)
07-25 12:17:35.010 15225 15323 W ndroid.gms:sne: Accessing hidden field Landroid/app/AppOpsManager;->OP_SMS_FINANCIAL_TRANSACTIONS:I (blocked, reflection, denied)
07-25 12:17:35.011 15225 15323 W ndroid.gms:sne: Accessing hidden field Landroid/app/AppOpsManager;->OP_READ_MEDIA_AUDIO:I (blocked, reflection, denied)
07-25 12:17:35.011 15225 15323 W ndroid.gms:sne: Accessing hidden field Landroid/app/AppOpsManager;->OP_WRITE_MEDIA_AUDIO:I (blocked, reflection, denied)
07-25 12:17:35.012  2060 16044 I ExperimentPackageManage: Package com.android.refreshratecontrol name not found! Using module version.
07-25 12:17:35.012 15225 15323 W ndroid.gms:sne: Accessing hidden field Landroid/app/AppOpsManager;->OP_READ_MEDIA_VIDEO:I (blocked, reflection, denied)
07-25 12:17:35.012 15225 15323 W ndroid.gms:sne: Accessing hidden field Landroid/app/AppOpsManager;->OP_WRITE_MEDIA_VIDEO:I (blocked, reflection, denied)
07-25 12:17:35.013  2060 16044 I ExperimentPackageManage: Package com.google.android.apps.nexuslauncher name not found! Using module version.
07-25 12:17:35.013 15225 15323 W ndroid.gms:sne: Accessing hidden field Landroid/app/AppOpsManager;->OP_READ_MEDIA_IMAGES:I (blocked, reflection, denied)
07-25 12:17:35.013 15225 15323 W ndroid.gms:sne: Accessing hidden field Landroid/app/AppOpsManager;->OP_WRITE_MEDIA_IMAGES:I (blocked, reflection, denied)
07-25 12:17:35.013  2060 16044 I ExperimentPackageManage: Package com.google.oslo name not found! Using module version.
07-25 12:17:35.013 15225 15323 W ndroid.gms:sne: Accessing hidden field Landroid/app/AppOpsManager;->OP_LEGACY_STORAGE:I (blocked, reflection, denied)
07-25 12:17:35.014 15225 15323 W ndroid.gms:sne: Accessing hidden field Landroid/app/AppOpsManager;->OP_ACCESS_ACCESSIBILITY:I (blocked, reflection, denied)
07-25 12:17:35.014 15225 15323 W ndroid.gms:sne: Accessing hidden field Landroid/app/AppOpsManager;->OP_READ_DEVICE_IDENTIFIERS:I (blocked, reflection, denied)
07-25 12:17:35.014  2060 16044 I ExperimentPackageManage: Package com.google.android.wifi name not found! Using module version.
07-25 12:17:35.014 15225 15323 W ndroid.gms:sne: Accessing hidden field Landroid/app/AppOpsManager;->OP_ACCESS_MEDIA_LOCATION:I (blocked, reflection, denied)
07-25 12:17:35.015 15225 15323 W ndroid.gms:sne: Accessing hidden field Landroid/app/AppOpsManager;->OP_QUERY_ALL_PACKAGES:I (blocked, reflection, denied)
07-25 12:17:35.015  2060 16044 I ExperimentPackageManage: Package com.android.media name not found! Using module version.
07-25 12:17:35.015 15225 15323 W ndroid.gms:sne: Accessing hidden field Landroid/app/AppOpsManager;->OP_MANAGE_EXTERNAL_STORAGE:I (blocked, reflection, denied)
07-25 12:17:35.015 15225 15323 W ndroid.gms:sne: Accessing hidden field Landroid/app/AppOpsManager;->OP_INTERACT_ACROSS_PROFILES:I (blocked, reflection, denied)
07-25 12:17:35.015 15225 15323 W ndroid.gms:sne: Accessing hidden field Landroid/app/AppOpsManager;->OP_ACTIVATE_PLATFORM_VPN:I (blocked, reflection, denied)
07-25 12:17:35.016 15225 15323 W ndroid.gms:sne: Accessing hidden field Landroid/app/AppOpsManager;->OP_LOADER_USAGE_STATS:I (blocked, reflection, denied)
07-25 12:17:35.016 15225 15323 W ndroid.gms:sne: Accessing hidden field Landroid/app/AppOpsManager;->OP_DEPRECATED_1:I (blocked, reflection, denied)
07-25 12:17:35.016 15225 15323 W ndroid.gms:sne: Accessing hidden field Landroid/app/AppOpsManager;->OP_AUTO_REVOKE_PERMISSIONS_IF_UNUSED:I (blocked, reflection, denied)
07-25 12:17:35.016 15225 15323 W ndroid.gms:sne: Accessing hidden field Landroid/app/AppOpsManager;->OP_AUTO_REVOKE_MANAGED_BY_INSTALLER:I (blocked, reflection, denied)
07-25 12:17:35.017 15225 15323 W ndroid.gms:sne: Accessing hidden field Landroid/app/AppOpsManager;->OP_NO_ISOLATED_STORAGE:I (blocked, reflection, denied)
07-25 12:17:35.017 15225 15323 W ndroid.gms:sne: Accessing hidden field Landroid/app/AppOpsManager;->OP_PHONE_CALL_MICROPHONE:I (blocked, reflection, denied)
07-25 12:17:35.017 15225 15323 W ndroid.gms:sne: Accessing hidden field Landroid/app/AppOpsManager;->OP_PHONE_CALL_CAMERA:I (blocked, reflection, denied)
07-25 12:17:35.017 15225 15323 W ndroid.gms:sne: Accessing hidden field Landroid/app/AppOpsManager;->OP_RECORD_AUDIO_HOTWORD:I (blocked, reflection, denied)
07-25 12:17:35.018  2060 16044 I ExperimentPackageManage: Package com.android.media.swcodec name not found! Using module version.
07-25 12:17:35.019  2060 16044 I ExperimentPackageManage: Package com.android.neuralnetworks name not found! Using module version.
07-25 12:17:35.020  2060 16044 I ExperimentPackageManage: Package com.google.android.odad name not found! Using module version.
07-25 12:17:35.021  2060 16044 I ExperimentPackageManage: Package com.android.media name not found! Using module version.
07-25 12:17:35.022  2060 16044 I ExperimentPackageManage: Package com.android.privateads.apk name not found! Using module version.
07-25 12:17:35.023  2060 16044 I ExperimentPackageManage: Package 1 name not found! Using module version.
07-25 12:17:35.025  2060 16044 W PhenotypeConfigurationU: Update for unknown DeviceConfig package com.google.android.gms.beacon [CONTEXT service_id=204 ]
07-25 12:17:35.025  2060 16044 W PhenotypeConfigurationU: bckx: No package exists for config package: com.google.android.gms.beacon
07-25 12:17:35.025  2060 16044 W PhenotypeConfigurationU: 	at com.google.android.gms.platformconfigurator.PhenotypeConfigurationUpdateListener.a(:com.google.android.gms@222615044@22.26.15 (190400-461192076):7)
07-25 12:17:35.025  2060 16044 W PhenotypeConfigurationU: 	at com.google.android.gms.platformconfigurator.PhenotypeConfigurationUpdateListener.onHandleIntent(:com.google.android.gms@222615044@22.26.15 (190400-461192076):6)
07-25 12:17:35.025  2060 16044 W PhenotypeConfigurationU: 	at com.google.android.chimera.IntentOperation.onHandleIntent(:com.google.android.gms@222615044@22.26.15 (190400-461192076):2)
07-25 12:17:35.025  2060 16044 W PhenotypeConfigurationU: 	at uzr.onHandleIntent(:com.google.android.gms@222615044@22.26.15 (190400-461192076):4)
07-25 12:17:35.025  2060 16044 W PhenotypeConfigurationU: 	at ffi.run(:com.google.android.gms@222615044@22.26.15 (190400-461192076):3)
07-25 12:17:35.025  2060 16044 W PhenotypeConfigurationU: 	at ffh.run(:com.google.android.gms@222615044@22.26.15 (190400-461192076):11)
07-25 12:17:35.025  2060 16044 W PhenotypeConfigurationU: 	at cfvf.run(:com.google.android.gms@222615044@22.26.15 (190400-461192076):2)
07-25 12:17:35.025  2060 16044 W PhenotypeConfigurationU: 	at java.util.concurrent.ThreadPoolExecutor.runWorker(ThreadPoolExecutor.java:1167)
07-25 12:17:35.025  2060 16044 W PhenotypeConfigurationU: 	at java.util.concurrent.ThreadPoolExecutor$Worker.run(ThreadPoolExecutor.java:641)
07-25 12:17:35.025  2060 16044 W PhenotypeConfigurationU: 	at java.lang.Thread.run(Thread.java:920)
07-25 12:17:35.037  5107  5190 E VerityUtils: Failed to measure fs-verity, errno 1: /system/priv-app/SecMyFiles2020/SecMyFiles2020.apk
07-25 12:17:35.038  4677  4677 E audit   : type=1400 audit(1658765855.035:3058): avc:  denied  { ioctl } for  pid=5107 comm="PackageManagerB" path="/system/priv-app/SecMyFiles2020/SecMyFiles2020.apk" dev="dm-4" ino=5146 ioctlcmd=0x6686 scontext=u:r:system_server:s0 tcontext=u:object_r:system_file:s0 tclass=file permissive=0 SEPF_SM-G715U1_12_0001 audit_filtered
07-25 12:17:35.038  4677  4677 E audit   : type=1300 audit(1658765855.035:3058): arch=c00000b7 syscall=29 success=no exit=-13 a0=1ef a1=c0046686 a2=7890985390 a3=0 items=0 ppid=4697 pid=5107 auid=4294967295 uid=1000 gid=1000 euid=1000 suid=1000 fsuid=1000 egid=1000 sgid=1000 fsgid=1000 tty=(none) ses=4294967295 comm="PackageManagerB" exe="/system/bin/app_process64" subj=u:r:system_server:s0 key=(null)
07-25 12:17:35.038  4677  4677 E audit   : type=1327 audit(1658765855.035:3058): proctitle="system_server"
07-25 12:17:35.042  2060 16101 I ExperimentPackageManage: Package com.android.refreshratecontrol name not found! Using module version.
07-25 12:17:35.043  2060 16101 I ExperimentPackageManage: Package com.google.android.apps.nexuslauncher name not found! Using module version.
07-25 12:17:35.045  2060 16101 I ExperimentPackageManage: Package com.google.oslo name not found! Using module version.
07-25 12:17:35.046  2060 16101 I ExperimentPackageManage: Package com.google.android.wifi name not found! Using module version.
07-25 12:17:35.047  2060 16101 I ExperimentPackageManage: Package com.android.media name not found! Using module version.
07-25 12:17:35.048  2060 16101 I ExperimentPackageManage: Package com.android.media.swcodec name not found! Using module version.
07-25 12:17:35.048  2060 16101 I ExperimentPackageManage: Package com.android.neuralnetworks name not found! Using module version.
07-25 12:17:35.049  2060 16101 I ExperimentPackageManage: Package com.google.android.odad name not found! Using module version.
07-25 12:17:35.051  2060 16101 I ExperimentPackageManage: Package com.android.media name not found! Using module version.
07-25 12:17:35.052  2060 16101 I ExperimentPackageManage: Package com.android.privateads.apk name not found! Using module version.
07-25 12:17:35.055  2060 16101 I ExperimentPackageManage: Package 1 name not found! Using module version.
07-25 12:17:35.058  2060 16101 W ConfiguratorPhenotypeUt: Package com.google.android.odad name not found! Using module version. [CONTEXT service_id=204 ]
07-25 12:17:35.061  2060 16101 W ConfiguratorPhenotypeUt: Package com.android.media.swcodec name not found! Using module version. [CONTEXT service_id=204 ]
07-25 12:17:35.063  2060 16101 W ConfiguratorPhenotypeUt: Package com.google.android.wifi name not found! Using module version. [CONTEXT service_id=204 ]
07-25 12:17:35.067  2060 16101 W ConfiguratorPhenotypeUt: Package com.google.android.apps.nexuslauncher name not found! Using module version. [CONTEXT service_id=204 ]
07-25 12:17:35.069  2060 16101 W ConfiguratorPhenotypeUt: Package com.android.privateads.apk name not found! Using module version. [CONTEXT service_id=204 ]
07-25 12:17:35.071  2060 16101 W ConfiguratorPhenotypeUt: Package com.android.media name not found! Using module version. [CONTEXT service_id=204 ]
07-25 12:17:35.073  2060 16101 W ConfiguratorPhenotypeUt: Package com.google.oslo name not found! Using module version. [CONTEXT service_id=204 ]
07-25 12:17:35.076  2060 16101 W ConfiguratorPhenotypeUt: Package com.android.refreshratecontrol name not found! Using module version. [CONTEXT service_id=204 ]
07-25 12:17:35.077  2060 16101 W ConfiguratorPhenotypeUt: Package com.android.media name not found! Using module version. [CONTEXT service_id=204 ]
07-25 12:17:35.080  2060 16101 W ConfiguratorPhenotypeUt: Package com.android.neuralnetworks name not found! Using module version. [CONTEXT service_id=204 ]
07-25 12:17:35.082  2060 16101 W ConfiguratorPhenotypeUt: Package 1 name not found! Using module version. [CONTEXT service_id=204 ]
07-25 12:17:35.127  2060  2069 I .gms.persisten: Background concurrent copying GC freed 265201(18MB) AllocSpace objects, 0(0B) LOS objects, 49% free, 19MB/38MB, paused 190us,126us total 141.607ms
07-25 12:17:35.163  5107  5190 E VerityUtils: Failed to measure fs-verity, errno 1: /data/app/~~Epg56z6lHPVR-vhHAV8UXA==/com.google.android.apps.docs-POIvWTh2_QC9C6lp1DJZJA==/base.apk
07-25 12:17:35.215  5107  5190 E VerityUtils: Failed to measure fs-verity, errno 1: /system/framework/framework-res.apk
07-25 12:17:35.215  4677  4677 E audit   : type=1400 audit(1658765855.211:3059): avc:  denied  { ioctl } for  pid=5107 comm="PackageManagerB" path="/system/framework/framework-res.apk" dev="dm-4" ino=2174 ioctlcmd=0x6686 scontext=u:r:system_server:s0 tcontext=u:object_r:system_file:s0 tclass=file permissive=0 SEPF_SM-G715U1_12_0001 audit_filtered
07-25 12:17:35.302  5107  5126 I system_server: Background concurrent copying GC freed 678264(15MB) AllocSpace objects, 34(10MB) LOS objects, 23% free, 76MB/100MB, paused 290us,269us total 343.308ms
07-25 12:17:35.312  4321  4321 D io_stats: !@   8,0 r 1986646 59788344 w 762730 62512740 d 0 0 f 0 0 iot 736968 0 th 0 0 0 pt 0 inp 0 3 115359.731
07-25 12:17:35.661  2060 22712 W SQLiteConnectionPool: The connection pool for database '+data+user+0+com_google_android_gms+databases+phenotype_db' has been unable to grant a connection to thread 2385 (highpool[11]) with flags 0x2 for 4.0 seconds.
07-25 12:17:35.661  2060 22712 W SQLiteConnectionPool: Connections: 0 active, 1 idle, 2 available.
07-25 12:17:36.134  4135  4135 I lmkd    : cached 1, sandbox(not0) 0
07-25 12:17:36.141  4135  4135 I lmkd    : Reclaim 'com.android.vending:instant_app_installer' (14711), uid 1010224, oom_score_adj 995, state 19 to free 36152kB rss, 49168kb swap
07-25 12:17:36.141  4135  4135 I lmkd    : Reclaimed 85320kB at oom_score_adj 850
07-25 12:17:36.158  5107  5280 D InputReader: Input event(5): value=1 when=115360.572159
07-25 12:17:36.160  5107  5280 D InputReader: !@notifyKey(116), action=0
07-25 12:17:36.164  5107  5280 D InputManager-JNI: !@interceptKeyBeforeQueueing(116), action=0, interactive=false
07-25 12:17:36.169  5107  5280 D WindowManager: interceptKeyTq keycode=26 interactive=false keyguardActive=true policyFlags=2000000
07-25 12:17:36.171  5107  5280 D WindowManager: Can't start screenshot. screenOnFully=false
07-25 12:17:36.173  5107  5280 D PhoneWindowManagerExt: interceptKeyTq code=26 down=true repeatCount=0 displayId=-1
07-25 12:17:36.173  5107  5280 D PhoneWindowManagerExt: systemKeyEventRequested REMOVE_PASS
07-25 12:17:36.173  5107  5280 D WindowManager: interceptKeyTq interceptKeyResult=8
07-25 12:17:36.176  5107  5992 I ActivityManager: Process com.android.vending:instant_app_installer (pid 14711) has died: cch+95 CEM (102,1304)
07-25 12:17:36.176  4697  4697 I Zygote  : Process 14711 exited due to signal 9 (Killed)
07-25 12:17:36.177  5107  5164 I libprocessgroup: Successfully killed process cgroup uid 1010224 pid 14711 in 0ms
07-25 12:17:36.180  5107  5280 D PhoneWindowManagerExt: mSemWakeUpBooster.acquire()
07-25 12:17:36.181  5107  5280 I SemDvfsHyPerManager: acquire hyper - DEVICE_WAKEUP/5107@32, type = -999
07-25 12:17:36.180  1994  1994 D BoundBrokerSvc: onUnbind: Intent { act=com.google.android.gms.instantapps.START pkg=com.google.android.gms }
07-25 12:17:36.182  5107  5149 D CompatibilityChangeReporter: Compat change id reported: 173031413; UID 1000; state: DISABLED
07-25 12:17:36.182  5107  5149 D CompatibilityChangeReporter: Compat change id reported: 173031413; UID 1000; state: ENABLED
07-25 12:17:36.182  5107  5280 D PowerManagerService: [api] wakeUp (uid: 1000 pid: 5107) eventTime = 115360572
07-25 12:17:36.183  5107  5280 I PowerManagerService: !@Screen__On  - 4 :  wakeUp:  (uid: 1000 pid: 5107) (1)
07-25 12:17:36.183  4754  4789 I HYPER-HAL: [RequestManager.cpp]acquire(): Acquired ID : 13207262  [5107 / 32]    HINT : DEVICE_WAKEUP    list : 
07-25 12:17:36.184  5107  5280 I PowerManagerService: Powering on display group fromDozing (groupId=0, uid=1000, reason=WAKE_REASON_POWER_BUTTON, details=android.policy:POWER)...
07-25 12:17:36.185  5107  5280 I PowerManagerService: Waking up from Dozing (uid=1000, reason=WAKE_REASON_POWER_BUTTON, details=android.policy:POWER)...
07-25 12:17:36.189  5107  5280 D PowerManagerNotifier: startedEarlyWakingUp: interactive: true reason: 1
07-25 12:17:36.192  5107  5280 D InputManager-JNI: setInteractive(true)
07-25 12:17:36.194  5107  5280 D PowerManagerService: [PWL] sb acquire: PowerManagerService.Broadcasts
07-25 12:17:36.203  5468  5483 D KeyguardViewMediator: startedEarlyWakingUp
07-25 12:17:36.208  5107  5280 D PowerManagerService: UserActivityState : 4 -> 1 groupId=0
07-25 12:17:36.209  5107  5280 D PowerManagerService: displayReady: false groupId=0
07-25 12:17:36.210  5107  5280 D PowerManagerService: [PWL] sb acquire: PowerManagerService.Display
07-25 12:17:36.211  5107  5107 I AppOps  : updateUidProcState uid: 10064 procState: 1 capability:15
07-25 12:17:36.211  5107  5107 I AppOps  : commitUidPendingStateLocked() :: UID - 10064, 500 > 100, 15 > 15
07-25 12:17:36.211  5107  5181 D DisplayPowerController[0]: animateScreenStateChange: target=2, mLogicalDisplay.isEnabled()=true
07-25 12:17:36.212  5107  5280 D InputManager-JNI: !@handleInterceptActions(116), action=0, wmActions=0
07-25 12:17:36.214  5107  5107 D InputMethodManagerServicePhysicalKey: isConnectedDexOnPC false
07-25 12:17:36.214  5468  5468 D KeyguardUpdateMonitor: handleStartedEarlyWakingUp start 1
07-25 12:17:36.216  4870 17887 I CameraService: onUidStateChanged: uid=10064, procState is changed. (5 -> 1)
07-25 12:17:36.217  5107  5107 D DARUtil : Device owner status not updated yet...
07-25 12:17:36.217  5107  5107 D DARUtil : Not an enterprise user : 0
07-25 12:17:36.217  5107  5107 D DARUtil : Device owner status not updated yet...
07-25 12:17:36.217  5107  5107 D DARUtil : Not an enterprise user : 0
07-25 12:17:36.217  5107  5181 I DisplayPowerController[0]: Blocking screen on until initial contents have been drawn.
07-25 12:17:36.217  5107  5181 D DisplayPowerController[0]: mWindowManagerPolicy.screenTurningOn() +
07-25 12:17:36.218  5107  5181 I WindowManager: Display 0 turning on...
07-25 12:17:36.221  5107  5170 D BatteryExternalStatsWorker: update stats : screen-state (33)
07-25 12:17:36.225  5107  5181 I WindowManager: screenTurningOn(+), before calling onScreenTurningOn to KeyguardDelegate
07-25 12:17:36.226  5107  5181 I WindowManager: screenTurningOn(-), after calling onScreenTurningOn to KeyguardDelegate
07-25 12:17:36.226  5107  5181 D DisplayPowerController[0]: mWindowManagerPolicy.screenTurningOn() -
07-25 12:17:36.227  5468  5483 D KeyguardViewMediator: onScreenTurningOn
07-25 12:17:36.230  5107  5181 D DisplayPowerController[0]: getFinalBrightness: lowPowerMode: 114 (0.45) -> 114 (0.45)
07-25 12:17:36.231  5107  5181 D DisplayPowerController[0]: getFinalBrightness : Summary is 114 (0.45) -> 114 (0.45)
07-25 12:17:36.232  5107  5181 D DisplayPowerController[0]: Animating brightness: target=114 (0.45), sdrTarget=0.44705886, rate=0.0(hbm:0.0) mDisplayId=0, (PSM:, AB limit:( -1 (NaN) ~  -1 (NaN)) MB Limit:( -1 (NaN) ~  -1 (NaN))
07-25 12:17:36.233  5468  5468 D KeyguardViewMediator: handleMessage 1002
07-25 12:17:36.233  5107  6581 W NetlinkSocket: maximum read
07-25 12:17:36.234  5468  5468 D KeyguardViewMediator: handleNotifyScreenTurningOn wakeAndUnlock=false, bioUnlock=false hasShow=false, pendingLock=false, hasCb=true, interval=3695853
07-25 12:17:36.234  5468  5468 D KeyguardViewMediator: notifyDrawn 6ms
07-25 12:17:36.235  5107  5700 D WindowManager: mKeyguardDelegate.ShowListener.onDrawn.
07-25 12:17:36.236  5107  5149 W WindowManager: Setting mKeyguardDrawComplete
07-25 12:17:36.236  5107  5107 I WindowManager: Started waking up... (why=ON_BECAUSE_OF_USER)
07-25 12:17:36.236  5107  5181 V DisplayPowerController[0]: Brightness [0.44705886] reason changing to: 'manual [ low_pwr ]', previous reason: 'screen_off [ low_pwr ]'.
07-25 12:17:36.237  5107  5181 D DisplayPowerController[0]: animateScreenStateChange: target=2, mLogicalDisplay.isEnabled()=true
07-25 12:17:36.238  5107  5181 D DisplayPowerController[0]: getFinalBrightness: lowPowerMode: 114 (0.45) -> 114 (0.45)
07-25 12:17:36.238  5107  5181 D DisplayPowerController[0]: getFinalBrightness : Summary is 114 (0.45) -> 114 (0.45)
07-25 12:17:36.238  5107  5426 D DisplayManagerService: !@display_state requestDisplayStateInternal: OFF -> ON displayId=0
07-25 12:17:36.240  5107  5426 D LocalDisplayAdapter: !@ display_state: OFF -> ON (id:0)
07-25 12:17:36.241  5107  5149 I WindowManager: Waiting for drawn Window{30abd89 u0 NotificationShade}: removed=false visible=true mHasSurface=true drawState=1
07-25 12:17:36.241  5107  5151 I DisplayDeviceRepository: Display device changed state: "Built-in Screen", ON
07-25 12:17:36.242  5107  5170 E system_server: Cannot read thread CPU times for PID 5107
07-25 12:17:36.242  5107  5170 D BatteryExternalStatsWorker: done updateExternalStatsLocked
07-25 12:17:36.243  5107  5107 D PowerManagerNotifier: handleEarlyInteractiveChange reason = 1
07-25 12:17:36.247  5468  5483 D KeyguardViewMediator: onStartedWakingUp, seq = 10 wakeReason = 1
07-25 12:17:36.247  5468  5483 D KeyguardViewMediator: notifyStartedWakingUp
07-25 12:17:36.250  5468  5468 W KeyguardSliceViewCtrl: Keyguard slice not bound yet?
07-25 12:17:36.251  5468  5468 D KeyguardViewMediator: handleMessage 14
07-25 12:17:36.251  5468  5468 D KeyguardViewMediator: handleNotifyWakingUp
07-25 12:17:36.251  4809  4809 D SurfaceFlinger: Setting power mode 2 on display 0
07-25 12:17:36.251  5107  5151 D InputManager-JNI: Viewport [0] type:1, displayId=0, uniqueId=local:0, orientation=0, logicalFrame=[0, 0][1080, 2340], physicalFrame=[0, 0][1080, 2340], deviceSize=[1080, 2340]
07-25 12:17:36.257  5107  5700 D DARUtil : Device owner status not updated yet...
07-25 12:17:36.257  5107  5700 D DARUtil : Not an enterprise user : 0
07-25 12:17:36.257  5107  5700 D DARUtil : Device owner status not updated yet...
07-25 12:17:36.257  5107  5700 D DARUtil : Not an enterprise user : 0
07-25 12:17:36.260  5468  5468 D KeyguardUpdateMonitor: requestBiometricAuth()
07-25 12:17:36.261  5468  5468 E KeyguardUpdateMonitor: handleStartedWakingUp start 1
07-25 12:17:36.261  5468  5468 D KeyguardUpdateMonitor: requestBiometricAuth()
07-25 12:17:36.261  5468  5953 D KeyguardViewMediator: updateSALogging 1
07-25 12:17:36.265  4724  4804 D display : setPowerMode:: FBIOBLANK mode(2), blank(0)
07-25 12:17:36.267  5468  5468 D PickupController: onStartedWakingUp() 
07-25 12:17:36.268  5468  5953 D SystemUIAnalytics: sendEventLog , , 1
07-25 12:17:36.277  5468  5468 I DymLock|DynamicLockManager: onStartedWakingUp()
07-25 12:17:36.277  5468  5468 I DymLock|DynamicLockManager: notifyAction action[SCREEN_ON] arg[false]
07-25 12:17:36.278  5468  5468 I DymLock|BaseAnimator: setTouchIgnored() false
07-25 12:17:36.281  5468  5468 I DymLock|DynamicLockContainer: onStartedWakingUp() [0]
07-25 12:17:36.295  5107  5152 I WindowManager: Waiting for drawn Window{30abd89 u0 NotificationShade}: removed=false visible=true mHasSurface=true drawState=1
07-25 12:17:36.296  5468  5483 I ViewRootImpl@110be77[NotificationShade]: Resizing android.view.ViewRootImpl@29ae3c6: frame=[0,0][1080,2340] reportDraw=true forceLayout=false backDropFrame=Rect(0, 0 - 1080, 2340)
07-25 12:17:36.306  5468  5468 E KeyguardUpdateMonitor: handleStartedWakingUp end
07-25 12:17:36.308  5468  5468 D KeyguardWallpaperEventHandler: onStartedWakingUp()
07-25 12:17:36.309  5468  5468 D KeyguardWallpaperEventHandler: sendMessage(), what = 834 , obj = null , arg1 = -1 , arg2 = -1
07-25 12:17:36.313  5107  6581 W NetlinkSocket: maximum read
07-25 12:17:36.314  5107  6581 W NetlinkSocket: maximum read
07-25 12:17:36.314  5107  6581 W NetlinkSocket: maximum read
07-25 12:17:36.315  5107  5152 D CompatibilityChangeReporter: Compat change id reported: 158002302; UID 10064; state: ENABLED
07-25 12:17:36.319  5468  5891 D KeyguardWallpaperController: mWallpaperView.onResume()
07-25 12:17:36.319  2060  2060 I NearbyDiscovery: FastPairDisplayObserver: STATE_OFF -> STATE_ON [CONTEXT service_id=49 ]
07-25 12:17:36.320  5107  5280 I InputReader: Reconfiguring input devices, changes=DISPLAY_INFO |  4
07-25 12:17:36.321  5107  5280 I InputReader: Device reconfigured: id=3, name='sec_touchscreen', size 1080x2340, orientation 0, mode 1, display id 0
07-25 12:17:36.322  5468  5911 D KeyguardWallpaperController: mSemDisplaySolutionManager is called : true
07-25 12:17:36.323  5468  5468 D KeyguardSecIndicationPolicy:  add T Event pos = DEFAULT, type =              BATTERY, id =   319, text = Charging: 73%
07-25 12:17:36.323  5468  5468 D KeyguardSecIndicationPolicy: 2 h 10 m until full, duration = 3000
07-25 12:17:36.324  5468  5468 D KeyguardSecIndicationPolicy:   update top pos = DEFAULT, item = [id=318|ty=BATTERY_RESTING|pr=20|txt=Charging: 73%
07-25 12:17:36.324  5468  5468 D KeyguardSecIndicationPolicy: 2 h 10 m until full|ti=duration=PERSISTENT|an=false] -> [id=319|ty=BATTERY|pr=40|txt=Charging: 73%
07-25 12:17:36.324  5468  5468 D KeyguardSecIndicationPolicy: 2 h 10 m until full|ti=duration=3000|an=false]
07-25 12:17:36.324  5468  5468 D KeyguardSecIndicationController: onIndicationChanged() return - keyguard is not visible, pos = DEFAULT, item = [id=319|ty=BATTERY|pr=40|txt=Charging: 73%
07-25 12:17:36.324  5468  5468 D KeyguardSecIndicationController: 2 h 10 m until full|ti=duration=3000|an=false]
07-25 12:17:36.329  5468  5891 D KeyguardWallpaperController: onStartedWakingUp() mWallpaperView:com.android.systemui.wallpaper.view.KeyguardImageWallpaper{20cfb0f V.ED..... ........ 0,0-1080,2340}, visibility:0, mIsKeyguardShowing:true
07-25 12:17:36.330  5468  5468 D KeyguardSecIndicationPolicy: update Event pos = DEFAULT, type =      BATTERY_RESTING, id =   320, text = Charging: 73%
07-25 12:17:36.330  5468  5468 D KeyguardSecIndicationPolicy: 2 h 10 m until full
07-25 12:17:36.330  5468  5468 D KeyguardSecIndicationController: addBatteryIndication() status = BatteryStatus{status=2,level=73,plugged=2,health=2,maxChargingWattage=-1,remaining=7826000ultraFastCharger=0}
07-25 12:17:36.332  5107  6628 D LiftUpHandler: screen on
07-25 12:17:36.332  5107  5266 I CAE     : handleMessage(CaPowerManager.java:194) - AP_WAKEUP
07-25 12:17:36.333  5107  5266 I CAE     : updateApPowerStatus(SensorHubParserProvider.java:445) - AP_WAKEUP
07-25 12:17:36.334  5468  5468 D KeyguardSecIndicationPolicy:    add Event pos = DEFAULT, type =         UNLOCK_GUIDE, id =   321, text = Swipe to unlock
07-25 12:17:36.334  5107  5266 I CAE     : getContextType(FreeFallDetection.java:25) - FFD getContextType
