07-25 12:17:41.105  6018  6113 D NxpTml  : PN54X - Write requested.....
07-25 12:17:41.105  6018  6113 D NxpTml  : PN54X - Invoking I2C Write.....
07-25 12:17:41.108  2060 16101 I ExperimentPackageManage: Package com.android.refreshratecontrol name not found! Using module version.
07-25 12:17:41.111  5107  6628 D LiftUpHandler:   mReceiver.onReceive : ACTION_USER_PRESENT
07-25 12:17:41.113  5468  5687 D Tile.DndTile: handleUpdateState zen 0  state = BooleanState[spec=Dnd,icon=ResourceIcon[resId=0x7f080833],iconSupplier=null,label=Do not
07-25 12:17:41.113  5468  5687 D Tile.DndTile: disturb,secondaryLabel=null,contentDescription=null,stateDescription=null,dualLabelContentDescription=null,expandedAccessibilityClassName=null,disabledByPolicy=false,dualTarget=true,isTransient=false,state=1,slash="null",sideViewCustomDrawable=null,tileClassName=null,value=false,forceExpandIcon=false]
07-25 12:17:41.113  6018  6113 D NxpNciX : len =   4 > 21060100
07-25 12:17:41.113  6018  6113 D NxpTml  : PN54X - I2C Write successful.....
07-25 12:17:41.113  6018  6113 D NxpTml  : PN54X - Posting Fresh Write message.....
07-25 12:17:41.113  6018  6113 D NxpTml  : PN54X - Tml Writer Thread Running................
07-25 12:17:41.114  2060 16101 I ExperimentPackageManage: Package com.google.android.apps.nexuslauncher name not found! Using module version.
07-25 12:17:41.114  6018  6116 D NxpHal  : write successful status = 0x0
07-25 12:17:41.115  2060  2232 I NearbySharing: Screen is unlocked [CONTEXT service_id=194 ]
07-25 12:17:41.115  6034  6034 I AppIconSolution: default container[CROP], pkg=null, bg=216-216, dr=216-216, isNight = true
07-25 12:17:41.117  2060  2232 I NearbyMediums: FEATURE_UWB exists: false [CONTEXT service_id=54 ]
07-25 12:17:41.117  2060  2232 I NearbyMediums: FEATURE_SAMSUNG_UWB  exists: false [CONTEXT service_id=54 ]
07-25 12:17:41.117  2060  2232 I NearbyMediums: FEATURE_UWB exists: false [CONTEXT service_id=54 ]
07-25 12:17:41.117  2060  2232 I NearbyMediums: FEATURE_SAMSUNG_UWB  exists: false [CONTEXT service_id=54 ]
07-25 12:17:41.118  6018  6111 D NxpTml  : PN54X - I2C Read successful.....len = 4
07-25 12:17:41.118  6018  6111 D NxpTml  : PN54X - Posting read message.....
07-25 12:17:41.118  6018  6111 D NxpNciR : len =   4 > 41060100
07-25 12:17:41.119  2060  2232 I NearbyMediums: FEATURE_UWB exists: false [CONTEXT service_id=54 ]
07-25 12:17:41.119  6018  6116 D NxpHal  : read successful status = 0x0
07-25 12:17:41.119  2060  2232 I NearbyMediums: FEATURE_SAMSUNG_UWB  exists: false [CONTEXT service_id=54 ]
07-25 12:17:41.120  2060  2232 I NearbyMediums: FEATURE_UWB exists: false [CONTEXT service_id=54 ]
07-25 12:17:41.120  2060  2232 I NearbyMediums: FEATURE_SAMSUNG_UWB  exists: false [CONTEXT service_id=54 ]
07-25 12:17:41.120  6018  6111 D NxpTml  : PN54X - Read requested.....
07-25 12:17:41.121  6018  6111 D NxpTml  : PN54X - Invoking I2C Read.....
07-25 12:17:41.121  2060  2232 I NearbySharing: Failed to stop scanning because weren't scanning. [CONTEXT service_id=194 ]
07-25 12:17:41.121  2060  2232 I NearbySharing: Stopping discovery because Bluetooth is disabled. [CONTEXT service_id=194 ]
07-25 12:17:41.122  2060  2232 I NearbySharing: Can't stop advertising FastInitiation. Not advertising. [CONTEXT service_id=194 ]
07-25 12:17:41.122  2060  2232 I NearbySharing: Stopping Fast Init advertisement because Bluetooth is off. [CONTEXT service_id=194 ]
07-25 12:17:41.123  2060  2232 I NearbySharing: Stopping advertising because Bluetooth is disabled. [CONTEXT service_id=194 ]
07-25 12:17:41.123  5107  5272 E MotionRecognitionService:   mReceiver.onReceive : ACTION_USER_PRESENT  :: UNLOCK SCREEN
07-25 12:17:41.124  6018  6113 D NxpTml  : PN54X - Write requested.....
07-25 12:17:41.124  6018  6113 D NxpTml  : PN54X - Invoking I2C Write.....
07-25 12:17:41.124  6018  6113 D NxpNciX : len =   4 > 2F150100
07-25 12:17:41.124  6018  6113 D NxpTml  : PN54X - I2C Write successful.....
07-25 12:17:41.124  6018  6113 D NxpTml  : PN54X - Posting Fresh Write message.....
07-25 12:17:41.124  6018  6113 D NxpTml  : PN54X - Tml Writer Thread Running................
07-25 12:17:41.125  7619  7619 I GsaVoiceInteractionSrv: (REDACTED) O received %s
07-25 12:17:41.126  6018  6111 D NxpTml  : PN54X - I2C Read successful.....len = 4
07-25 12:17:41.126  6018  6111 D NxpTml  : PN54X - Posting read message.....
07-25 12:17:41.126  6018  6111 D NxpNciR : len =   4 > 4F150100
07-25 12:17:41.126  4345  4346 I Tzdaemon: !@[ts] Received : TS_CMD_READ_DATA 
07-25 12:17:41.130 19566 19566 D MtpService: onReceive:android.intent.action.USER_PRESENT
07-25 12:17:41.132  2060 16101 I ExperimentPackageManage: Package com.google.oslo name not found! Using module version.
07-25 12:17:41.132  4345  4346 I Tzdaemon: !@[ts] Received : TS_CMD_WRITE_DATA 
07-25 12:17:41.132  6018  6116 D NxpHal  : write successful status = 0x0
07-25 12:17:41.132  6018  6116 D NxpHal  : read successful status = 0x0
07-25 12:17:41.135  5869  5869 I libnfc_nci: [INFO:phNxpConfig.cpp(618)] find found RF_STORAGE=/vendor/etc/nfc
07-25 12:17:41.135  5869  5869 I libnfc_nci: 
07-25 12:17:41.138  5869  5869 I libnfc_nci: [INFO:phNxpConfig.cpp(905)] nxp_rf_conig_path=/vendor/etc/nfc/libnfc-nxp_RF.conf
07-25 12:17:41.138  6018  6111 D NxpTml  : PN54X - Read requested.....
07-25 12:17:41.138  6018  6111 D NxpTml  : PN54X - Invoking I2C Read.....
07-25 12:17:41.140  5107  5373 D SemNscXgbMsL1: Probability - Cloud gaming: [0.004405874]
07-25 12:17:41.140  5107  5373 D SemNscXgbMsL1: Probability - Real time: [0.01497976]
07-25 12:17:41.141  5107  5373 D SemNscXgbMsL1: Probability - Non real time: [0.99249685]
07-25 12:17:41.141  5107  5373 D SemNscXgbMsL1: 1 sample inference time: 1.100615 msecs
07-25 12:17:41.142 19566 19566 D MtpService: launchMTP
07-25 12:17:41.143  5107  5373 D SemNscXgbL2Rt: L2 RT 1 sample inference time: 1.756654 msecs
07-25 12:17:41.144  5107  5373 D SemNscXgbL2Nrt: L2 NRT 1 sample inference time: 0.968269 msecs
07-25 12:17:41.146  6018  6018 D NxpHal  : > Polling Loop Started
07-25 12:17:41.147  6018  6113 D NxpTml  : PN54X - Write requested.....
07-25 12:17:41.147  6018  6113 D NxpTml  : PN54X - Invoking I2C Write.....
07-25 12:17:41.147  6018  6113 D NxpNciX : len =  10 > 21030703800181018201
07-25 12:17:41.147  6018  6113 D NxpTml  : PN54X - I2C Write successful.....
07-25 12:17:41.147  6018  6113 D NxpTml  : PN54X - Posting Fresh Write message.....
07-25 12:17:41.147  6018  6113 D NxpTml  : PN54X - Tml Writer Thread Running................
07-25 12:17:41.147  6018  6116 D NxpHal  : write successful status = 0x0
07-25 12:17:41.148  6018  6111 D NxpTml  : PN54X - I2C Read successful.....len = 4
07-25 12:17:41.148  6018  6111 D NxpTml  : PN54X - Posting read message.....
07-25 12:17:41.149  6018  6111 D NxpNciR : len =   4 > 41030100
07-25 12:17:41.149  6018  6116 D NxpHal  : read successful status = 0x0
07-25 12:17:41.150  6018  6111 D NxpTml  : PN54X - Read requested.....
07-25 12:17:41.150  6018  6111 D NxpTml  : PN54X - Invoking I2C Read.....
07-25 12:17:41.152  6034  6034 I FolderIconPreviewPainter: Draw folderIcon 27, iconBitmapSize : 258, iconSize : 172, status : 8,-1,0,com.sec.android.app.launcher|com.sec.android.app.launcher,true,-867283367,1.1944444,0.30099997
07-25 12:17:41.154  2060 16101 I ExperimentPackageManage: Package com.google.android.wifi name not found! Using module version.
07-25 12:17:41.154  6018  6113 D NxpTml  : PN54X - Write requested.....
07-25 12:17:41.155  6018  6113 D NxpTml  : PN54X - Invoking I2C Write.....
07-25 12:17:41.155  6018  6113 D NxpNciX : len =   4 > 21060100
07-25 12:17:41.155  6018  6113 D NxpTml  : PN54X - I2C Write successful.....
07-25 12:17:41.155  6018  6113 D NxpTml  : PN54X - Posting Fresh Write message.....
07-25 12:17:41.155  6018  6113 D NxpTml  : PN54X - Tml Writer Thread Running................
07-25 12:17:41.155  6018  6116 D NxpHal  : write successful status = 0x0
07-25 12:17:41.156  6018  6111 D NxpTml  : PN54X - I2C Read successful.....len = 4
07-25 12:17:41.156  6018  6111 D NxpTml  : PN54X - Posting read message.....
07-25 12:17:41.156  6018  6111 D NxpNciR : len =   4 > 41060100
07-25 12:17:41.156  6018  6116 D NxpHal  : read successful status = 0x0
07-25 12:17:41.157  6018  6111 D NxpTml  : PN54X - Read requested.....
07-25 12:17:41.157  6018  6111 D NxpTml  : PN54X - Invoking I2C Read.....
07-25 12:17:41.159  5869  6103 E libnfc_nci: [ERROR:nfa_ce_act.cc(572)] UICC/ESE[0x402] is not activated
07-25 12:17:41.159  5869  6103 E libnfc_nci: [ERROR:nfa_ce_act.cc(572)] UICC/ESE[0x402] is not activated
07-25 12:17:41.160  6018  6018 D NxpHal  : > Polling Loop Started
07-25 12:17:41.160  6018  6113 D NxpTml  : PN54X - Write requested.....
07-25 12:17:41.160  6018  6113 D NxpTml  : PN54X - Invoking I2C Write.....
07-25 12:17:41.161  6018  6113 D NxpNciX : len =  22 > 21031309000101010201030180018101820106017001
07-25 12:17:41.161  6018  6113 D NxpTml  : PN54X - I2C Write successful.....
07-25 12:17:41.161  6018  6113 D NxpTml  : PN54X - Posting Fresh Write message.....
07-25 12:17:41.161  6018  6113 D NxpTml  : PN54X - Tml Writer Thread Running................
07-25 12:17:41.161  6018  6116 D NxpHal  : write successful status = 0x0
07-25 12:17:41.162  2060 16101 I ExperimentPackageManage: Package com.android.media name not found! Using module version.
07-25 12:17:41.163  6018  6111 D NxpTml  : PN54X - I2C Read successful.....len = 4
07-25 12:17:41.164  6018  6111 D NxpTml  : PN54X - Posting read message.....
07-25 12:17:41.164  6018  6111 D NxpNciR : len =   4 > 41030100
07-25 12:17:41.164  6018  6116 D NxpHal  : read successful status = 0x0
07-25 12:17:41.164  6018  6111 D NxpTml  : PN54X - Read requested.....
07-25 12:17:41.164  6018  6111 D NxpTml  : PN54X - Invoking I2C Read.....
07-25 12:17:41.164  4356 10997 I keystore2: keystore2::enforcements: add_auth_token: Timestamp { milliSeconds: 1483515547000 }, MonotonicRawTime(115365584)
07-25 12:17:41.165  4356 10997 I keystore2: keystore2::enforcements: receiver undetected add_auth_token Timestamp { milliSeconds: 1483515547000 }, 0
07-25 12:17:41.168  5869  5869 W ScoverManager: getCoverState : This device is not supported cover
07-25 12:17:41.168  5869  5869 D NfcService: applyRouting #19 - MSG_SAM_APPLY_SCREEN_STATE
07-25 12:17:41.168  5869  5869 D NfcService: call the applyRouting
07-25 12:17:41.170  4943  4943 I gatekeeperd: !@verify ret = 0, uid = 10, type = T
07-25 12:17:41.171  5107  6093 I LockSettingsService: Unlocking user 10 with secret only, length 32
07-25 12:17:41.171  6034  6034 I IconView: applyDotState itemInfo : Drive display : 101 count : 1
07-25 12:17:41.172  5107  6093 D ActivityManager: !@AM_BOOT_PROGRESS , uid : 10, state:  -1, progress : 0, step : unlockUser, description : NULL
07-25 12:17:41.172  5869  5869 I NfcService: Screen State: ON_UNLOCKED
07-25 12:17:41.172  5869  5869 D NfcService: Discovery configuration equal, not updating.
07-25 12:17:41.173  5107  6093 D ActivityManager: !@AM_BOOT_PROGRESS , uid : 10, state:  -1, progress : 1, step : unlockUser, description : call unlockUserCleared
07-25 12:17:41.173  5107  6093 D ActivityManager: !@AM_BOOT_PROGRESS , uid : 10, state:  -1, progress : 0, step : unlockUserCleared, description : NULL
07-25 12:17:41.167 16343 16343 W System.err: SLF4J: Failed to load class "org.slf4j.impl.StaticLoggerBinder".
07-25 12:17:41.173  5107  6093 D LockSettingsService: unlockUser finished
07-25 12:17:41.174  2060 16101 I ExperimentPackageManage: Package com.android.media.swcodec name not found! Using module version.
07-25 12:17:41.176  7619  7727 I A       : Disconnecting from SysUi, flag disabled [IVR]
07-25 12:17:41.177  5468  5468 D IndicatorGardenInputProperty: updateRotation() prv:-1 >> new:0
07-25 12:17:41.178  7619  7727 I A       : Disconnecting from SysUi, eligibilityNotifier absent [IVR]
07-25 12:17:41.178  5468  5468 D DeviceState: getDeviceResolutionPixelSize - currentDensity = 420 deviceDensity = 420 initialDisplaySizeFactor = 1080 currentDisplaySizeFactor = 1080 initialDisplayDensity = 420 proportionalDensity = 420 proportionalPixel = 58
07-25 12:17:41.178  5468  5468 D DeviceState: getDeviceResolutionPixelSize - currentDensity = 420 deviceDensity = 420 initialDisplaySizeFactor = 1080 currentDisplaySizeFactor = 1080 initialDisplayDensity = 420 proportionalDensity = 420 proportionalPixel = 29
07-25 12:17:41.178  5468  5468 D DeviceState: getDeviceResolutionPixelSize - currentDensity = 420 deviceDensity = 420 initialDisplaySizeFactor = 1080 currentDisplaySizeFactor = 1080 initialDisplayDensity = 420 proportionalDensity = 420 proportionalPixel = 34
07-25 12:17:41.178 16343 16343 W System.err: SLF4J: Defaulting to no-operation (NOP) logger implementation
07-25 12:17:41.179  2060  2232 I NearbySharing: Can't stop scanning for FastInitiation. Not scanning. [CONTEXT service_id=194 ]
07-25 12:17:41.182  2060  2232 I NearbySharing: Cancelling in use notification [CONTEXT service_id=194 ]
07-25 12:17:41.182 19566 19566 E MtpService: GUID is invalid
07-25 12:17:41.182  5107  6093 W ActivityManager: UserLifecycleEvent 5 received without an active userJourneySession.
07-25 12:17:41.183  2060 16101 I ExperimentPackageManage: Package com.android.neuralnetworks name not found! Using module version.
07-25 12:17:41.183  5107  6093 D ActivityManager: !@AM_BOOT_PROGRESS , uid : 10, state:  3, progress : 0, step : finishUserUnlocking, description : NULL
07-25 12:17:41.183  5107  6093 D ActivityManager: UserController event: finishUserUnlocking(10)
07-25 12:17:41.183  5107  6093 D ActivityManager: !@AM_BOOT_PROGRESS , uid : 10, state:  3, progress : 1, step : finishUserUnlocking, description : OK StorageManager.isUserKeyUnlocked
07-25 12:17:41.183  5107  6093 D LockSettingsService: unlockUser finished
07-25 12:17:41.188  5107  7781 D CompatibilityChangeReporter: Compat change id reported: 168419799; UID 10225; state: DISABLED
07-25 12:17:41.189 16343 16343 W System.err: SLF4J: See http://www.slf4j.org/codes.html#StaticLoggerBinder for further details.
07-25 12:17:41.190  2060  2232 I NearbySharing: Fast Initiation Scanning has stopped [CONTEXT service_id=194 ]
07-25 12:17:41.190  2060 16101 I ExperimentPackageManage: Package com.google.android.odad name not found! Using module version.
07-25 12:17:41.191  2060 16101 I ExperimentPackageManage: Package com.android.media name not found! Using module version.
07-25 12:17:41.197  7619  7727 I A       : Disconnecting from SysUi, VM not enabled [IVR]
07-25 12:17:41.198  5107  6093 D DARUtil : is enterprise user : 10
07-25 12:17:41.199  5107  7785 D InputTransport: Input channel destroyed: 'f22ba6b', fd=826
07-25 12:17:41.199  5107  7771 D SecContentProvider2: query(), uri = 14 selection = getSealedUsbMassStorageState
07-25 12:17:41.199  5107  6093 I LockSettingsService: Managed profile can have escrow token
07-25 12:17:41.201  5107  7785 W InputManager-JNI: Input channel object 'f22ba6b SnapshotStartingWindow for taskId=87 (client)' was disposed without first being removed with the input manager!
07-25 12:17:41.201  5107  7785 D InputTransport: Input channel destroyed: 'f22ba6b', fd=828
07-25 12:17:41.204  5468  5468 D [QuickStar]SlimIndicatorViewMediator: unregisterSubscriber(CarrierText) From SubList:PhoneStatusBarViewBatteryMeterView, CarrierText, PanelCarrierLabelManager, KeyguardStatusBarCarrierText, KeyguardStatusBarViewBatteryMeterView, QSClockBellTower, BatteryMeterView, [QuickStar]PhoneStatusBarClockManager, 
07-25 12:17:41.204  2060 16101 I ExperimentPackageManage: Package com.android.privateads.apk name not found! Using module version.
07-25 12:17:41.205  6034  6034 I AppIconSolution: getThemeIconWithBG called with public API, pkg = null
07-25 12:17:41.206  5107  6093 D SDPLog  : Result of verification of user 10 : Response: 0, GK HAT: true, GK PW: false
07-25 12:17:41.207  5107  7785 I WindowManager: Reparenting to leash, surface=Surface(name=f22ba6b SnapshotStartingWindow for taskId=87)/@0xd97833f, leashParent=Surface(name=ActivityRecord{38675bf u0 com.samsung.android.knox.kpu/.agent.ui.KPUStartActivity t87})/@0x8cdfbc8
07-25 12:17:41.207  5468  5468 V KeyguardUpdateMonitor: *** unregister callback for com.android.keyguard.KeyguardMessageAreaController$1@7cff40f
07-25 12:17:41.207  5107  6093 D DARUtil : is enterprise user : 10
07-25 12:17:41.208  4809  6132 I SurfaceFlinger: id=1547 createSurf (0x0),-1 flag=24000, Surface(name=f22ba6b SnapshotStartingWindow for taskId=87)/@0xd97833f - animation-leash of window_animation#0
07-25 12:17:41.208  5107  7785 D WindowManager: makeSurface duration=1 leash=Surface(name=Surface(name=f22ba6b SnapshotStartingWindow for taskId=87)/@0xd97833f - animation-leash of window_animation)/@0x25d7ea5
07-25 12:17:41.210  2060 16101 I ExperimentPackageManage: Package 1 name not found! Using module version.
07-25 12:17:41.210  2060  2232 I NearbySharing: Stopping FastInitiation scanning because Bluetooth is disabled. [CONTEXT service_id=194 ]
07-25 12:17:41.210  2060  2232 I NearbySharing: Dismissing HUN as there's no device nearby. [CONTEXT service_id=194 ]
07-25 12:17:41.212  5107  6093 D DARUtil : is enterprise user : 10
07-25 12:17:41.212  7619  7727 I A       : No binding to unbind [IVR]
07-25 12:17:41.212  5107  5152 I WindowManager: Reparenting to original parent: Surface(name=FullscreenMagnification:2:14)/@0xb2cc13d, destroy=true, surface=Surface(name=DefaultTaskDisplayArea)/@0x597e294
07-25 12:17:41.213  6034  6034 I AppIconSolution: start to load, pkg=null, bg=192-192, dr=258-258, forDefault=true, density=0
07-25 12:17:41.213  2060  2232 I NearbySharing: Cancelling in use notification [CONTEXT service_id=194 ]
07-25 12:17:41.215  7619  7727 I A       : Disconnected from SysUi [IVR]
07-25 12:17:41.215  5107  7785 D SecContentProvider: query(), uri = 18 selection = isUsbMediaPlayerAvailable
07-25 12:17:41.216  5107  7785 D SecContentProvider: called from android.media:10065
07-25 12:17:41.216  6034  6034 I AppIconSolution: scale down, pkg=null, dr=216-216, bg=216-216
07-25 12:17:41.219  6034  6034 I AppIconSolution: getIconScale, pkg=null, size=216, iconScale=IconScale[alpha=0, scale=1.0, isCrop=true]
07-25 12:17:41.219  5107  7785 D RestrictionPolicy: isUsbMediaPlayerAvailable : true
07-25 12:17:41.220  5468  5468 D [QuickStar]SlimIndicatorViewMediator: unregisterSubscriber(CarrierText) From SubList:PhoneStatusBarViewBatteryMeterView, PanelCarrierLabelManager, KeyguardStatusBarCarrierText, KeyguardStatusBarViewBatteryMeterView, QSClockBellTower, BatteryMeterView, [QuickStar]PhoneStatusBarClockManager, 
07-25 12:17:41.220  5468  5468 V KeyguardUpdateMonitor: *** unregister callback for com.android.keyguard.EmergencyButtonController$1@1389821
07-25 12:17:41.216  2060 16101 W PhenotypeConfigurationU: Update for unknown DeviceConfig package com.google.android.libraries.vpn.gcs.autowifi#com.google.android.gms [CONTEXT service_id=204 ]
07-25 12:17:41.216  2060 16101 W PhenotypeConfigurationU: bckx: No package exists for config package: com.google.android.libraries.vpn.gcs.autowifi#com.google.android.gms
07-25 12:17:41.216  2060 16101 W PhenotypeConfigurationU: 	at com.google.android.gms.platformconfigurator.PhenotypeConfigurationUpdateListener.a(:com.google.android.gms@222615044@22.26.15 (190400-461192076):7)
07-25 12:17:41.216  2060 16101 W PhenotypeConfigurationU: 	at com.google.android.gms.platformconfigurator.PhenotypeConfigurationUpdateListener.onHandleIntent(:com.google.android.gms@222615044@22.26.15 (190400-461192076):6)
07-25 12:17:41.216  2060 16101 W PhenotypeConfigurationU: 	at com.google.android.chimera.IntentOperation.onHandleIntent(:com.google.android.gms@222615044@22.26.15 (190400-461192076):2)
07-25 12:17:41.216  2060 16101 W PhenotypeConfigurationU: 	at uzr.onHandleIntent(:com.google.android.gms@222615044@22.26.15 (190400-461192076):4)
07-25 12:17:41.216  2060 16101 W PhenotypeConfigurationU: 	at ffi.run(:com.google.android.gms@222615044@22.26.15 (190400-461192076):3)
07-25 12:17:41.216  2060 16101 W PhenotypeConfigurationU: 	at ffh.run(:com.google.android.gms@222615044@22.26.15 (190400-461192076):11)
07-25 12:17:41.216  2060 16101 W PhenotypeConfigurationU: 	at cfvf.run(:com.google.android.gms@222615044@22.26.15 (190400-461192076):2)
07-25 12:17:41.216  2060 16101 W PhenotypeConfigurationU: 	at java.util.concurrent.ThreadPoolExecutor.runWorker(ThreadPoolExecutor.java:1167)
07-25 12:17:41.216  2060 16101 W PhenotypeConfigurationU: 	at java.util.concurrent.ThreadPoolExecutor$Worker.run(ThreadPoolExecutor.java:641)
07-25 12:17:41.216  2060 16101 W PhenotypeConfigurationU: 	at java.lang.Thread.run(Thread.java:920)
07-25 12:17:41.222  6034  6184 I ModelWriter: updateItemInDatabase++
07-25 12:17:41.225  6034  6184 I ModelWriter: updateItemInDatabase : input item> 13, 7, 0, 5, 1, 1, 1, 1, UserHandle{0}, 0, Drive
07-25 12:17:41.225  8055  8055 I HBD     : a IC have been unbinding,  InputConnectionWrapper{idHash=#64067ac mMissingMethods=}
07-25 12:17:41.226  8055  8055 I HBD     : HoneyBoardService [PF_CL][onFinishInput]  125679846 ns 
07-25 12:17:41.226  5468  5468 V KeyguardUpdateMonitor: *** unregister callback for com.android.keyguard.KeyguardSecAbsKeyInputViewController$2@2c5acf8
07-25 12:17:41.227  8055  8055 I HBD     : HoneyBoardService [IMI] onStartInput - caller pid : 12906 , caller uid : 10391 
07-25 12:17:41.228  8055  8055 I HBD     : j updateConfigs 
07-25 12:17:41.229  5468  5468 D KnoxStateMonitorImpl: removeCallback() callback=com.android.keyguard.KeyguardSecAbsKeyInputViewController$3@8ae65d1
07-25 12:17:41.229  5468  5468 D KnoxStateMonitorImpl: removeCallback() mCallbacks has same callback
07-25 12:17:41.233  4809  4809 I Layer   : id=1544 removeFromCurrentState Surface(name=DefaultTaskDisplayArea)/@0x597e294 - animation-leash of app_transition#0 (112)
07-25 12:17:41.234  4809  4809 I SurfaceFlinger: id=1544 Removed Surface(name=DefaultTaskDisplayArea)/@0x597e294 - animation-leash of app_transition#0 (112)
07-25 12:17:41.234  4809  4809 I Layer   : id=1544 Destroyed Surface(name=DefaultTaskDisplayArea)/@0x597e294 - animation-leash of app_transition#0
07-25 12:17:41.239  6034  6034 I AppIconSolution: default container[CROP], pkg=null, bg=216-216, dr=216-216, isNight = true
07-25 12:17:41.241  2060 16100 I ExperimentPackageManage: Package com.android.refreshratecontrol name not found! Using module version.
07-25 12:17:41.241  5107  6093 I SDPLog  : sdp essential key acquired for user 10
07-25 12:17:41.243  5107  6093 D SDPLog  : Engine already unlocked for user 10
07-25 12:17:41.243  8055  8055 I HBD     : j isEnabledNightMode : true 
07-25 12:17:41.245  2060 16100 I ExperimentPackageManage: Package com.google.android.apps.nexuslauncher name not found! Using module version.
07-25 12:17:41.246  5107  6093 I SDP.CRYPTO: sdp_drv_on_unlocked(10)
07-25 12:17:41.246  5107  6093 I SDP.CRYPTO: readBlob : /data/system/users/10/SDPK_EDpri
07-25 12:17:41.247  2060 16100 I ExperimentPackageManage: Package com.google.oslo name not found! Using module version.
07-25 12:17:41.248  5107  6093 I SDP.CRYPTO: EDpri loaded
07-25 12:17:41.249  5107  6093 I SDP.CRYPTO: readBlob : /data/system/users/10/SDPK_sym
07-25 12:17:41.249  8055  8055 I HBD     : a IC have been binding, InputConnectionWrapper{idHash=#64067ac mMissingMethods=} 
07-25 12:17:41.250  5107  6093 I SDP.CRYPTO: sym loaded
07-25 12:17:41.250  5107  6093 I SDP.CRYPTO:     On User Unlock OK, id 10
07-25 12:17:41.250  2060 16100 I ExperimentPackageManage: Package com.google.android.wifi name not found! Using module version.
07-25 12:17:41.251  5107  6093 D SdpManagerImpl: onStateChange :: Engine Id : 10, State : 2, Roll Size : 0
07-25 12:17:41.251  2060 16100 I ExperimentPackageManage: Package com.android.media name not found! Using module version.
07-25 12:17:41.252  5107  6093 D SDPLog  : change state for user 10
07-25 12:17:41.253  2060 16100 I ExperimentPackageManage: Package com.android.media.swcodec name not found! Using module version.
07-25 12:17:41.254  5107  6093 D KeyProtector: readFile - File path : /data/system/users/10/ENCRYPTED_KEY_SdpSessionKey_10
07-25 12:17:41.255  2060 16100 I ExperimentPackageManage: Package com.android.neuralnetworks name not found! Using module version.
07-25 12:17:41.256  5107  5393 E SdpManagerImpl: sendBroadcastAsUser(INTENT_SDP_STATE_CHANGED, state:2)
07-25 12:17:41.256  2060 16100 I ExperimentPackageManage: Package com.google.android.odad name not found! Using module version.
07-25 12:17:41.257  2060 16100 I ExperimentPackageManage: Package com.android.media name not found! Using module version.
07-25 12:17:41.258  8055  8055 I HBD     : h [EditorInputType]setPrivateImeOptionsToTable privateImeOptions ( null )
07-25 12:17:41.260  8055  8055 I HBD     : b incognitoMode : false 
07-25 12:17:41.265  2060 16100 I ExperimentPackageManage: Package com.android.privateads.apk name not found! Using module version.
07-25 12:17:41.266  2060 16100 I ExperimentPackageManage: Package 1 name not found! Using module version.
07-25 12:17:41.268  6034  6034 I FolderIconPreviewPainter: Draw folderIcon 27, iconBitmapSize : 258, iconSize : 172, status : 8,-1,0,com.sec.android.app.launcher|com.sec.android.app.launcher,true,-867283367,1.1944444,0.30099997
07-25 12:17:41.269  5107  5152 I WindowManager: Reparenting to original parent: Surface(name=ActivityRecord{38675bf u0 com.samsung.android.knox.kpu/.agent.ui.KPUStartActivity t87})/@0x8cdfbc8, destroy=true, surface=Surface(name=f22ba6b SnapshotStartingWindow for taskId=87)/@0xd97833f
07-25 12:17:41.270  2060 16100 W ConfiguratorPhenotypeUt: Package com.google.android.odad name not found! Using module version. [CONTEXT service_id=204 ]
07-25 12:17:41.271  5468  5468 V KeyguardUpdateMonitor: *** unregister callback for com.android.keyguard.biometrics.KeyguardBiometricViewController$keyguardUpdateMonitorCallback$1@df90446
07-25 12:17:41.271  5468  5468 V SettingsHelper: *** unregister listener for com.android.keyguard.biometrics.KeyguardBiometricViewController$settingsListener$1@f45fd0
07-25 12:17:41.272  5468  5468 V KeyguardUpdateMonitor: *** unregister callback for com.android.keyguard.KeyguardHostViewController$1@fe14c4d
07-25 12:17:41.273  2060 16100 W ConfiguratorPhenotypeUt: Package com.android.media.swcodec name not found! Using module version. [CONTEXT service_id=204 ]
07-25 12:17:41.274  2060 16100 W ConfiguratorPhenotypeUt: Package com.google.android.wifi name not found! Using module version. [CONTEXT service_id=204 ]
07-25 12:17:41.276  6034  6034 I FolderIconView: applyDotState FolderInfo : Google display : 1 count : 19
07-25 12:17:41.277  2060 16100 W ConfiguratorPhenotypeUt: Package com.google.android.apps.nexuslauncher name not found! Using module version. [CONTEXT service_id=204 ]
07-25 12:17:41.279  2060 16100 W ConfiguratorPhenotypeUt: Package com.android.privateads.apk name not found! Using module version. [CONTEXT service_id=204 ]
07-25 12:17:41.280  2060 16100 W ConfiguratorPhenotypeUt: Package com.android.media name not found! Using module version. [CONTEXT service_id=204 ]
07-25 12:17:41.282  2060 16100 W ConfiguratorPhenotypeUt: Package com.google.oslo name not found! Using module version. [CONTEXT service_id=204 ]
07-25 12:17:41.283  5107  7785 D PersonaManagerService: getProfileName return value for container id:10 : null
07-25 12:17:41.284  2060 16100 W ConfiguratorPhenotypeUt: Package com.android.refreshratecontrol name not found! Using module version. [CONTEXT service_id=204 ]
07-25 12:17:41.285  2060 16100 W ConfiguratorPhenotypeUt: Package com.android.media name not found! Using module version. [CONTEXT service_id=204 ]
07-25 12:17:41.287  2060 16100 W ConfiguratorPhenotypeUt: Package com.android.neuralnetworks name not found! Using module version. [CONTEXT service_id=204 ]
07-25 12:17:41.288  2060 16100 W ConfiguratorPhenotypeUt: Package 1 name not found! Using module version. [CONTEXT service_id=204 ]
07-25 12:17:41.289  4809  4809 D SurfaceFlinger: Display 0 HWC layers:
07-25 12:17:41.289  4809  4809 D SurfaceFlinger:      DEVICE | 0x7c4dbf47c0 | 0100 | RGBA_8888    |    0.0    0.0 1080.0 2340.0 |    0    0 1080 2340 | com.samsung.android.knox.kpu/com.sam[...]u.agent.ui.KPUStartActivity$_12906#0
07-25 12:17:41.289  4809  4809 D SurfaceFlinger:      DEVICE | 0x7c58516b00 | 0100 | RGBA_8888    |    0.0    0.0 1080.0  110.0 |    0    0 1080  110 | StatusBar$_5468#0
07-25 12:17:41.289  4809  4809 D SurfaceFlinger:      DEVICE | 0x7c585169c0 | 0100 | RGBA_8888    |    0.0    0.0 1080.0 2340.0 |    0    0 1080 2340 | NotificationShade$_5468#0
07-25 12:17:41.289  4809  4809 D SurfaceFlinger:      DEVICE | 0x7c4dc0a140 | 0100 | RGBA_8888    |    0.0    0.0 1080.0  126.0 |    0 2214 1080 2340 | NavigationBar0$_5468#0
07-25 12:17:41.289  4809  4809 D SurfaceFlinger: 
07-25 12:17:41.289  4357  4357 W keymaster_tee: [WRN]begin req PARAMS: A32 B32 P1 
07-25 12:17:41.292  8055  8055 I HBD     : a needOff = true , isForceOff = false, isNullInputClass : true 
07-25 12:17:41.295  4356 10997 I keystore2: keystore2::security_level: In create_operation. Success to create IKeystoreOperation. 1000, None
07-25 12:17:41.295  5107  5152 E WindowManager: win=Window{f22ba6b u0 SnapshotStartingWindow for taskId=87 EXITING} destroySurfaces: appStopped=false win.mWindowRemovalAllowed=true win.mRemoveOnExit=true win.mViewVisibility=0 caller=com.android.server.wm.ActivityRecord.destroySurfaces:5841 com.android.server.wm.ActivityRecord.destroySurfaces:5822 com.android.server.wm.WindowState.onExitAnimationDone:5965 com.android.server.wm.WindowStateAnimator.onAnimationFinished:242 com.android.server.wm.WindowState.onAnimationFinished:6218 com.android.server.wm.WindowContainer$$ExternalSyntheticLambda0.onAnimationFinished:2 com.android.server.wm.SurfaceAnimator.lambda$getFinishedCallback$0$SurfaceAnimator:113 
07-25 12:17:41.297  5107  7785 D PersonaManagerService: getWorkspaceName return value for container id:10 : Work profile
07-25 12:17:41.297  5107  7785 D PersonaManagerService: getContainerName return value for container id:10 : Work profile
07-25 12:17:41.297  5107  5152 I WindowManager: Destroying surface Surface(name=SnapshotStartingWindow for taskId=87$_5468)/@0x9b95b34 called by com.android.server.wm.WindowStateAnimator.destroySurface:987 com.android.server.wm.WindowStateAnimator.destroySurfaceLocked:518 com.android.server.wm.WindowState.destroySurfaceUnchecked:4229 com.android.server.wm.WindowState.destroySurface:4203 com.android.server.wm.ActivityRecord.destroySurfaces:5841 com.android.server.wm.ActivityRecord.destroySurfaces:5822 com.android.server.wm.WindowState.onExitAnimationDone:5965 com.android.server.wm.WindowStateAnimator.onAnimationFinished:242 
07-25 12:17:41.300  4809  4809 I Layer   : id=1542 removeFromCurrentState SnapshotStartingWindow for taskId=87$_5468#0 (111)
07-25 12:17:41.309  5107  6093 D SDPLog  : cache - Now credential is under secure management for user 10
07-25 12:17:41.310  5468  5468 I DymLock|DynamicLockManager: notifyAction action[UNLOCKED] arg[false]
07-25 12:17:41.311  5468  5468 I DymLock|BaseAnimator: setTouchIgnored() true
07-25 12:17:41.311  5468  5468 I DymLock|BaseAnimator: onUnlocked
07-25 12:17:41.311  5468  5468 D PluginLockDelegateSysUi: setViewMode : 0
07-25 12:17:41.311  5468  5468 D PluginLockMediatorImpl: onViewModeChanged mode: 0, mStateListenerList.size(): 12
07-25 12:17:41.312  5468  8764 I DymLock|NotifyActions: notifyActions() screen[0], action[unlocked]
07-25 12:17:41.312  5107  6093 D SDPLog  : Result of sdp unlock : Response: 0, GK HAT: false, GK PW: false [ rc : 0 ]
07-25 12:17:41.312  5468  5468 D NotificationViewHierarchyManager: onViewModeChanged mode: 0
07-25 12:17:41.312  5468  5468 D KeyguardSecIndicationController: onViewModeChanged mode: 0
07-25 12:17:41.313  5468  5468 D KeyguardTouchDymLockInjector: onViewModeChanged mViewMode[0], newMode[0]
07-25 12:17:41.313  5468  5468 D LockIconViewController: onViewModeChanged mode: 0
07-25 12:17:41.313  5468  5468 D PanelView: onViewModeChanged : 0
07-25 12:17:41.313  5468  5468 D PanelView: setViewMode() newMode:0, oldMode:0
07-25 12:17:41.313  5468  5468 D KeyguardBottomAreaShortcutView: onViewModeChanged() ShortcutInvisible: false
07-25 12:17:41.314  5468  5468 D KeyguardBottomAreaShortcutView: updateCameraVisibility isCameraDisabled:false visible:true
07-25 12:17:41.314  5468  5468 D KeyguardBottomAreaShortcutView: mIndicationArea margin start : 163, end : 163, bottom : 150
07-25 12:17:41.314  5468  5468 D PluginLockStarManager: onViewModeChanged : 0
07-25 12:17:41.315  8055  8055 I HBD     : h getDefaultInputRange : UNKNOWN 
07-25 12:17:41.315  8055  8055 I HBD     : h getDefaultInputRange : UNKNOWN 
07-25 12:17:41.315  8055  8055 I HBD     : h getDefaultInputRange : UNKNOWN 
07-25 12:17:41.315  5468  5468 D FaceWidgetViewModel: updateLockStarViewMode
07-25 12:17:41.315  5468  5468 D FaceWidgetViewModel: shouldContainerVisible() reason = (view mode) false - keyguard is not visible (false, false)
07-25 12:17:41.316  5468  5468 D NotificationShadeWindowController: onViewModeChanged mode : 0
07-25 12:17:41.316  5107  7781 D PowerManagerService: [api] userActivity : event: 0 flags: 1 (uid: 10064 pid: 5468) eventTime = 115365735 displayId = 0
07-25 12:17:41.317  4809  4809 I Layer   : id=1541 removeFromCurrentState f22ba6b SnapshotStartingWindow for taskId=87#0 (111)
07-25 12:17:41.317  5107  6093 D DARUtil : is enterprise user : 10
07-25 12:17:41.317  4809  4809 I Layer   : id=1547 removeFromCurrentState Surface(name=f22ba6b SnapshotStartingWindow for taskId=87)/@0xd97833f - animation-leash of window_animation#0 (111)
07-25 12:17:41.317  4809  4809 I SurfaceFlinger: id=1541 Removed f22ba6b SnapshotStartingWindow for taskId=87#0 (111)
07-25 12:17:41.317  4809  4809 I SurfaceFlinger: id=1547 Removed Surface(name=f22ba6b SnapshotStartingWindow for taskId=87)/@0xd97833f - animation-leash of window_animation#0 (111)
07-25 12:17:41.317  4809  4809 I SurfaceFlinger: id=1542 Removed SnapshotStartingWindow for taskId=87$_5468#0 (111)
07-25 12:17:41.317  5107  6093 D DARUtil : Device owner status not updated yet...
07-25 12:17:41.317  5107  6093 D DARUtil : Not an enterprise user : 0
07-25 12:17:41.317  4809  4809 I Layer   : id=1542 Destroyed SnapshotStartingWindow for taskId=87$_5468#0
07-25 12:17:41.317  4809  4809 I Layer   : id=1547 Destroyed Surface(name=f22ba6b SnapshotStartingWindow for taskId=87)/@0xd97833f - animation-leash of window_animation#0
07-25 12:17:41.318  4809  4809 I Layer   : id=1541 Destroyed f22ba6b SnapshotStartingWindow for taskId=87#0
07-25 12:17:41.318  4321  4321 D io_stats: !@   8,0 r 2003227 60189200 w 764546 62532724 d 0 0 f 0 0 iot 740156 0 th 0 0 0 pt 0 inp 0 2 115365.737
07-25 12:17:41.320  5468  5468 I DymLock|DynamicLockContainer: onUnlocked()
07-25 12:17:41.324  5107  7714 D DARUtil : Device owner status not updated yet...
07-25 12:17:41.325  5107  7714 D DARUtil : Not an enterprise user : 0
07-25 12:17:41.325  5468  5468 D FaceWidgetContainerObserver: onChanged() FaceWidgetContainerLiveData{mIsContainerVisible=false, mClipLayoutVisibility=0, mRotation=0, mIsOwnerVisible=0, mOwnerInfoGravity=17, mAdditionalInfoGravity=17, mClockSideStartPadding=63, mClockSideEndPadding=63, mMusicSideStartPadding=30, mMusicSideEndPadding=30, mClockScale = 1.0, mInfoSideStartPadding=63, mInfoSideEndPadding=63, mClipLayoutWidth = -1, mClipLayoutHeight = -2, mIsUpdateOwnerInfoText=false, mAdditionalInfoRemoteView=null, mHasCMAS=false, mIsAdditionalViewGoingToSleep=false, mConfig=CustomConfiguration{fontScale=1.1, screenLayout=268435810, orientation=1, screenWidthDp=411, screenHeightDp=801, smallestScreenWidthDp=411, densityDpi=420, uiMode=33, isRTL=false, mConfiguration={1.1 ?mcc?mnc [en_US] ldltr sw411dp w411dp h801dp 420dpi nrml long port night finger -keyb/v/h -nav/h winConfig={ mBounds=Rect(0, 0 - 1080, 2340) mAppBounds=Rect(0, 110 - 1080, 2214) mMaxBounds=Rect(0, 0 - 1080, 2340) mWindowingMode=fullscreen mDisplayWindowingMode=fullscreen mActivityType=undefined mAlwaysOnTop=undefined mRotation=ROTATION_0 mPopOver=undefined mFreeformTaskPinningState=undefined} s.241 fontWeightAdjustment=0 ff=0 bf=0 bts=0 enb/d themeSeq=0}}}
07-25 12:17:41.325  5468  5468 D FaceWidgetOwnerInfoView: updateOwnerInfo(hasCMAS): 0
07-25 12:17:41.326  5468  5468 D FaceWidgetOwnerInfoManager: getOwnerInfo() isDeviceOwnerInfo - false
07-25 12:17:41.326  5468  5468 D FaceWidgetPagesController: onGravityChanged()
07-25 12:17:41.327  5468  5468 D FaceWidgetClockPage: setClockGravity() gravity = 49
07-25 12:17:41.328  5468  5468 D KeyguardUpdateMonitor: handleKeyguardBouncerChanged(0)
07-25 12:17:41.329  5468  5468 D KeyguardWallpaperEventHandler: onKeyguardBouncerChanged(), bouncer: false
07-25 12:17:41.329  5468  5468 D KeyguardWallpaperEventHandler: sendMessage(), what = 724 , obj = false , arg1 = -1 , arg2 = -1
07-25 12:17:41.329  5468  5468 D KeyguardPunchHoleVIView: onKeyguardBouncerChanged
07-25 12:17:41.329  5468  5468 D KeyguardPunchHoleVIView: startVI() - return, face recognition is stopped
07-25 12:17:41.329  5468  5468 I FaceWidgetWindowManager: onKeyguardBouncerChanged() bouncer = false
07-25 12:17:41.329  5468  5468 D KeyguardPunchHoleVIView_Bouncer: onKeyguardBouncerChanged
07-25 12:17:41.330  5468  5468 D KeyguardPunchHoleVIView_Bouncer: stopVI() - return, animation is not playing
07-25 12:17:41.330  5468  5468 D KeyguardUpdateMonitor: setUnlockingKeyguard( true -> false ), caller : com.android.keyguard.KeyguardUpdateMonitor.handleKeyguardBouncerChanged:4584 
07-25 12:17:41.330  5468  5468 D KeyguardUpdateMonitor: updateBiometricListeningState()
07-25 12:17:41.330  5468  5468 D StatusBar: disable<e i a s b h!r!c s k t > disable2<q i n >
07-25 12:17:41.332  6034 23111 I TouchInteractionService: onActiveNavBarRegionChanges, region : SkRegion((691,2214,961,2340))
07-25 12:17:41.333  5468  5468 V Navbar.Store: ----handleEvent [EventType] ON_UPDATE_REMOTEVIEW [Module] SamsungNavigationBarView  KEYS_NAVBAR_DARK_INTENSITY=0.0  KEYS_CONTEXTUALBUTTON_VISIBLE=false  KEYS_LEFT_REMOTEVIEW_CONTAINER=android.widget.LinearLayout{244b82c I.E...... ......I. 0,0-118,126 #7f0b0478 app:id/left_remoteview}  KEYS_RIGHT_REMOTEVIEW_CONTAINER=android.widget.LinearLayout{56802f5 I.E...... ......I. 962,0-1080,126 #7f0b070a app:id/right_remoteview}
07-25 12:17:41.333  5468  5468 V Navbar.Store: ------[Band]REMOTE_VIEW_PACK_SET_REMOTEVIEW_CONTAINER
07-25 12:17:41.333  5468  5468 V Navbar.Store: --------apply(UPDATE_NAVBAR_REMOTEVIEW_CONTAINER)
07-25 12:17:41.333  5468  5468 V Navbar.Store: --------apply(UPDATE_NAVBAR_RIGHT_REMOTEVIEW_VISIBILITY)
07-25 12:17:41.333  5468  5468 V Navbar.Store: --------getValue(FLOAT_REMOTEVIEW_DARK_INTENSITY)=0.0
07-25 12:17:41.335  6034 23111 I TouchInteractionService: onActiveNavBarRegionChanges, region : SkRegion((0,2214,388,2340)(389,2214,690,2340)(691,2214,961,2340))
07-25 12:17:41.336  6034 23111 I TouchInteractionService: onSystemUiStateChanged, stateFlags : 0
07-25 12:17:41.337  6034  6034 I TouchInteractionService: onSystemUiFlagsChanged, userUnlocked
07-25 12:17:41.338  5468  5468 D QSMumButton: MumAndDexHelper.needToBeVisible() result:false, hasMultiUsers?false, DeviceState.isDesktopMode?false, DesktopManager.isDesktopMode?false, IsDexEnablingOrEnabled:false, mExpanded:false, QUICK_STYLE_MUM_TEST_TRIGGER:false, isUserSwitcherSettingOn:false
07-25 12:17:41.340  5468  5468 D KeyguardUpdateMonitor: handleSecureStateChanged secureState : 32 isSecureStateUpdated : false, isOwnerInfoStateUpdated : false
07-25 12:17:41.342  5107  7785 D SamsungAlarmManager: setInexact (T:3/F:0/AC:false) 20320722T121741 now=239545808 - CU:1010219/CP:1994/OP:PendingIntent{a395e2a: PendingIntentRecord{39a141b com.google.android.gms/ startService}}
07-25 12:17:41.343  5107  7785 V SamsungAlarmManager: setLocked to kernel - W:239670166 / NW:239564466, now=239545809
07-25 12:17:41.344  5107  7768 D DARUtil : Device owner status not updated yet...
07-25 12:17:41.344  5107  7768 D DARUtil : Not an enterprise user : 0
07-25 12:17:41.347  5107  6093 D EnterpriseDeviceManagerService: isMdmAdminPresentAsUser() : MDM Admin Found - com.samsung.android.knox.containercore
07-25 12:17:41.347  5107  6093 I LockSettingsService: User with knox admin can have escrow token
07-25 12:17:41.347  5107  7714 D DARUtil : Device owner status not updated yet...
07-25 12:17:41.347  5107  7714 D DARUtil : Not an enterprise user : 0
07-25 12:17:41.347  5107  7768 D DARUtil : Device owner status not updated yet...
07-25 12:17:41.348  5107  7768 D DARUtil : Not an enterprise user : 0
07-25 12:17:41.348  5107  6093 D SDPLog  : Result of verification of user 0 : Response: 0, GK HAT: true, GK PW: false
07-25 12:17:41.348  5107  6093 D DARUtil : Device owner status not updated yet...
07-25 12:17:41.348  5107  6093 D DARUtil : Not an enterprise user : 0
07-25 12:17:41.350  5468  5468 D QS      : setQSExpansion 0.0 -119.7
07-25 12:17:41.351  5468  5468 D QS      : setQSExpansion 0.0 -119.7
07-25 12:17:41.353  8055  8055 I HBD     : h getDefaultInputRange : UNKNOWN 
07-25 12:17:41.354  8055  8055 I HBD     : a currentState : 0 
07-25 12:17:41.355  5468  5468 V Navbar.Store: handleEvent [EventType] GET_BOOL_NAVBAR_CAN_MOVE_STATE [Module] SamsungNavigationBarView  KEYS_DEFAULT=true
07-25 12:17:41.356  5468  5468 V Navbar.Store: --[Band]CONFIG_PACK_GET_NAVBAR_CAN_MOVE